Archive member included to satisfy reference by file (symbol)

c:/mingw/gcc-arm-none-eabi-10.3-2021.10/bin/../lib/gcc/arm-none-eabi/10.3.1/thumb/v7e-m+fp/hard\libgcc.a(_arm_muldf3.o)
                              CMakeFiles/HELLOWORLD.elf.dir/Core/Src/main.c.obj (__aeabi_dmul)
c:/mingw/gcc-arm-none-eabi-10.3-2021.10/bin/../lib/gcc/arm-none-eabi/10.3.1/thumb/v7e-m+fp/hard\libgcc.a(_arm_addsubdf3.o)
                              CMakeFiles/HELLOWORLD.elf.dir/Core/Src/main.c.obj (__aeabi_dsub)
c:/mingw/gcc-arm-none-eabi-10.3-2021.10/bin/../lib/gcc/arm-none-eabi/10.3.1/thumb/v7e-m+fp/hard\libgcc.a(_arm_muldivdf3.o)
                              CMakeFiles/HELLOWORLD.elf.dir/Core/Src/main.c.obj (__aeabi_ddiv)
c:/mingw/gcc-arm-none-eabi-10.3-2021.10/bin/../lib/gcc/arm-none-eabi/10.3.1/thumb/v7e-m+fp/hard\libgcc.a(_arm_cmpdf2.o)
                              CMakeFiles/HELLOWORLD.elf.dir/SignalProcess/SignalProcess.c.obj (__aeabi_dcmpge)
c:/mingw/gcc-arm-none-eabi-10.3-2021.10/bin/../lib/gcc/arm-none-eabi/10.3.1/thumb/v7e-m+fp/hard\libgcc.a(_arm_fixunsdfsi.o)
                              CMakeFiles/HELLOWORLD.elf.dir/Core/Src/main.c.obj (__aeabi_d2uiz)
c:/mingw/gcc-arm-none-eabi-10.3-2021.10/bin/../lib/gcc/arm-none-eabi/10.3.1/thumb/v7e-m+fp/hard\libgcc.a(_arm_truncdfsf2.o)
                              CMakeFiles/HELLOWORLD.elf.dir/Core/Src/main.c.obj (__aeabi_d2f)
c:/mingw/gcc-arm-none-eabi-10.3-2021.10/bin/../lib/gcc/arm-none-eabi/10.3.1/thumb/v7e-m+fp/hard\libgcc.a(_aeabi_uldivmod.o)
                              CMakeFiles/HELLOWORLD.elf.dir/Drivers/STM32F4xx_HAL_Driver/Src/stm32f4xx_hal_rcc.c.obj (__aeabi_uldivmod)
c:/mingw/gcc-arm-none-eabi-10.3-2021.10/bin/../lib/gcc/arm-none-eabi/10.3.1/thumb/v7e-m+fp/hard\libgcc.a(_udivmoddi4.o)
                              c:/mingw/gcc-arm-none-eabi-10.3-2021.10/bin/../lib/gcc/arm-none-eabi/10.3.1/thumb/v7e-m+fp/hard\libgcc.a(_aeabi_uldivmod.o) (__udivmoddi4)
c:/mingw/gcc-arm-none-eabi-10.3-2021.10/bin/../lib/gcc/arm-none-eabi/10.3.1/thumb/v7e-m+fp/hard\libgcc.a(_dvmd_tls.o)
                              c:/mingw/gcc-arm-none-eabi-10.3-2021.10/bin/../lib/gcc/arm-none-eabi/10.3.1/thumb/v7e-m+fp/hard\libgcc.a(_aeabi_uldivmod.o) (__aeabi_ldiv0)
c:/mingw/gcc-arm-none-eabi-10.3-2021.10/bin/../lib/gcc/arm-none-eabi/10.3.1/../../../../arm-none-eabi/lib/thumb/v7e-m+fp/hard\libc.a(lib_a-errno.o)
                              CMakeFiles/HELLOWORLD.elf.dir/Core/Src/syscalls.c.obj (__errno)
c:/mingw/gcc-arm-none-eabi-10.3-2021.10/bin/../lib/gcc/arm-none-eabi/10.3.1/../../../../arm-none-eabi/lib/thumb/v7e-m+fp/hard\libc.a(lib_a-exit.o)
                              c:/mingw/gcc-arm-none-eabi-10.3-2021.10/bin/../lib/gcc/arm-none-eabi/10.3.1/../../../../arm-none-eabi/lib/thumb/v7e-m+fp/hard/crt0.o (exit)
c:/mingw/gcc-arm-none-eabi-10.3-2021.10/bin/../lib/gcc/arm-none-eabi/10.3.1/../../../../arm-none-eabi/lib/thumb/v7e-m+fp/hard\libc.a(lib_a-impure.o)
                              c:/mingw/gcc-arm-none-eabi-10.3-2021.10/bin/../lib/gcc/arm-none-eabi/10.3.1/../../../../arm-none-eabi/lib/thumb/v7e-m+fp/hard\libc.a(lib_a-exit.o) (_global_impure_ptr)
c:/mingw/gcc-arm-none-eabi-10.3-2021.10/bin/../lib/gcc/arm-none-eabi/10.3.1/../../../../arm-none-eabi/lib/thumb/v7e-m+fp/hard\libc.a(lib_a-init.o)
                              c:/mingw/gcc-arm-none-eabi-10.3-2021.10/bin/../lib/gcc/arm-none-eabi/10.3.1/../../../../arm-none-eabi/lib/thumb/v7e-m+fp/hard/crt0.o (__libc_init_array)
c:/mingw/gcc-arm-none-eabi-10.3-2021.10/bin/../lib/gcc/arm-none-eabi/10.3.1/../../../../arm-none-eabi/lib/thumb/v7e-m+fp/hard\libc.a(lib_a-memset.o)
                              c:/mingw/gcc-arm-none-eabi-10.3-2021.10/bin/../lib/gcc/arm-none-eabi/10.3.1/../../../../arm-none-eabi/lib/thumb/v7e-m+fp/hard/crt0.o (memset)
c:/mingw/gcc-arm-none-eabi-10.3-2021.10/bin/../lib/gcc/arm-none-eabi/10.3.1/../../../../arm-none-eabi/lib/thumb/v7e-m+fp/hard\libc.a(lib_a-printf.o)
                              CMakeFiles/HELLOWORLD.elf.dir/Core/Src/main.c.obj (printf)
c:/mingw/gcc-arm-none-eabi-10.3-2021.10/bin/../lib/gcc/arm-none-eabi/10.3.1/../../../../arm-none-eabi/lib/thumb/v7e-m+fp/hard\libc.a(lib_a-setvbuf.o)
                              CMakeFiles/HELLOWORLD.elf.dir/System/usart/retarget.c.obj (setvbuf)
c:/mingw/gcc-arm-none-eabi-10.3-2021.10/bin/../lib/gcc/arm-none-eabi/10.3.1/../../../../arm-none-eabi/lib/thumb/v7e-m+fp/hard\libc.a(lib_a-sprintf.o)
                              CMakeFiles/HELLOWORLD.elf.dir/Core/Src/main.c.obj (sprintf)
c:/mingw/gcc-arm-none-eabi-10.3-2021.10/bin/../lib/gcc/arm-none-eabi/10.3.1/../../../../arm-none-eabi/lib/thumb/v7e-m+fp/hard\libc.a(lib_a-svfprintf.o)
                              c:/mingw/gcc-arm-none-eabi-10.3-2021.10/bin/../lib/gcc/arm-none-eabi/10.3.1/../../../../arm-none-eabi/lib/thumb/v7e-m+fp/hard\libc.a(lib_a-sprintf.o) (_svfprintf_r)
[...]
Memory Configuration

Name             Origin             Length             Attributes
RAM              0x20000000         0x00020000         xrw
CCMRAM           0x10000000         0x00010000         xrw
FLASH            0x08000000         0x00080000         xr
*default*        0x00000000         0xffffffff

Linker script and memory map

LOAD c:/mingw/gcc-arm-none-eabi-10.3-2021.10/bin/../lib/gcc/arm-none-eabi/10.3.1/thumb/v7e-m+fp/hard/crti.o
LOAD c:/mingw/gcc-arm-none-eabi-10.3-2021.10/bin/../lib/gcc/arm-none-eabi/10.3.1/thumb/v7e-m+fp/hard/crtbegin.o
LOAD c:/mingw/gcc-arm-none-eabi-10.3-2021.10/bin/../lib/gcc/arm-none-eabi/10.3.1/../../../../arm-none-eabi/lib/thumb/v7e-m+fp/hard/crt0.o
LOAD CMakeFiles/HELLOWORLD.elf.dir/Core/Src/adc.c.obj
LOAD CMakeFiles/HELLOWORLD.elf.dir/Core/Src/dac.c.obj
LOAD CMakeFiles/HELLOWORLD.elf.dir/Core/Src/dma.c.obj
LOAD CMakeFiles/HELLOWORLD.elf.dir/Core/Src/gpio.c.obj
LOAD CMakeFiles/HELLOWORLD.elf.dir/Core/Src/main.c.obj
LOAD CMakeFiles/HELLOWORLD.elf.dir/Core/Src/stm32f4xx_hal_msp.c.obj
LOAD CMakeFiles/HELLOWORLD.elf.dir/Core/Src/stm32f4xx_it.c.obj
LOAD CMakeFiles/HELLOWORLD.elf.dir/Core/Src/syscalls.c.obj
LOAD CMakeFiles/HELLOWORLD.elf.dir/Core/Src/system_stm32f4xx.c.obj
LOAD CMakeFiles/HELLOWORLD.elf.dir/Core/Src/tim.c.obj
LOAD CMakeFiles/HELLOWORLD.elf.dir/Core/Src/usart.c.obj
LOAD CMakeFiles/HELLOWORLD.elf.dir/Drivers/STM32F4xx_HAL_Driver/Src/stm32f4xx_hal.c.obj
LOAD CMakeFiles/HELLOWORLD.elf.dir/Drivers/STM32F4xx_HAL_Driver/Src/stm32f4xx_hal_adc.c.obj
LOAD CMakeFiles/HELLOWORLD.elf.dir/Drivers/STM32F4xx_HAL_Driver/Src/stm32f4xx_hal_adc_ex.c.obj
LOAD CMakeFiles/HELLOWORLD.elf.dir/Drivers/STM32F4xx_HAL_Driver/Src/stm32f4xx_hal_cortex.c.obj
LOAD CMakeFiles/HELLOWORLD.elf.dir/Drivers/STM32F4xx_HAL_Driver/Src/stm32f4xx_hal_dac.c.obj
LOAD CMakeFiles/HELLOWORLD.elf.dir/Drivers/STM32F4xx_HAL_Driver/Src/stm32f4xx_hal_dac_ex.c.obj
LOAD CMakeFiles/HELLOWORLD.elf.dir/Drivers/STM32F4xx_HAL_Driver/Src/stm32f4xx_hal_dma.c.obj
LOAD CMakeFiles/HELLOWORLD.elf.dir/Drivers/STM32F4xx_HAL_Driver/Src/stm32f4xx_hal_dma_ex.c.obj
LOAD CMakeFiles/HELLOWORLD.elf.dir/Drivers/STM32F4xx_HAL_Driver/Src/stm32f4xx_hal_exti.c.obj
LOAD CMakeFiles/HELLOWORLD.elf.dir/Drivers/STM32F4xx_HAL_Driver/Src/stm32f4xx_hal_flash.c.obj
LOAD CMakeFiles/HELLOWORLD.elf.dir/Drivers/STM32F4xx_HAL_Driver/Src/stm32f4xx_hal_flash_ex.c.obj
LOAD CMakeFiles/HELLOWORLD.elf.dir/Drivers/STM32F4xx_HAL_Driver/Src/stm32f4xx_hal_flash_ramfunc.c.obj
LOAD CMakeFiles/HELLOWORLD.elf.dir/Drivers/STM32F4xx_HAL_Driver/Src/stm32f4xx_hal_gpio.c.obj
LOAD CMakeFiles/HELLOWORLD.elf.dir/Drivers/STM32F4xx_HAL_Driver/Src/stm32f4xx_hal_pwr.c.obj
LOAD CMakeFiles/HELLOWORLD.elf.dir/Drivers/STM32F4xx_HAL_Driver/Src/stm32f4xx_hal_pwr_ex.c.obj
LOAD CMakeFiles/HELLOWORLD.elf.dir/Drivers/STM32F4xx_HAL_Driver/Src/stm32f4xx_hal_rcc.c.obj
LOAD CMakeFiles/HELLOWORLD.elf.dir/Drivers/STM32F4xx_HAL_Driver/Src/stm32f4xx_hal_rcc_ex.c.obj
LOAD CMakeFiles/HELLOWORLD.elf.dir/Drivers/STM32F4xx_HAL_Driver/Src/stm32f4xx_hal_tim.c.obj
LOAD CMakeFiles/HELLOWORLD.elf.dir/Drivers/STM32F4xx_HAL_Driver/Src/stm32f4xx_hal_tim_ex.c.obj
LOAD CMakeFiles/HELLOWORLD.elf.dir/Drivers/STM32F4xx_HAL_Driver/Src/stm32f4xx_hal_uart.c.obj
LOAD CMakeFiles/HELLOWORLD.elf.dir/Drivers/STM32F4xx_HAL_Driver/Src/stm32f4xx_ll_adc.c.obj
LOAD CMakeFiles/HELLOWORLD.elf.dir/HardWare/key/key.c.obj
LOAD CMakeFiles/HELLOWORLD.elf.dir/HardWare/myiic/myiic.c.obj
LOAD CMakeFiles/HELLOWORLD.elf.dir/HardWare/oled/oled.c.obj
LOAD CMakeFiles/HELLOWORLD.elf.dir/HardWare/oled/oledlib.c.obj
LOAD CMakeFiles/HELLOWORLD.elf.dir/SignalProcess/SignalProcess.c.obj
LOAD CMakeFiles/HELLOWORLD.elf.dir/System/delay/delay.c.obj
LOAD CMakeFiles/HELLOWORLD.elf.dir/System/sys/sys.c.obj
LOAD CMakeFiles/HELLOWORLD.elf.dir/System/usart/retarget.c.obj
LOAD CMakeFiles/HELLOWORLD.elf.dir/startup/startup_stm32f407xx.s.obj
START GROUP
LOAD c:/mingw/gcc-arm-none-eabi-10.3-2021.10/bin/../lib/gcc/arm-none-eabi/10.3.1/thumb/v7e-m+fp/hard\libgcc.a
LOAD c:/mingw/gcc-arm-none-eabi-10.3-2021.10/bin/../lib/gcc/arm-none-eabi/10.3.1/../../../../arm-none-eabi/lib/thumb/v7e-m+fp/hard\libc.a
END GROUP
LOAD c:/mingw/gcc-arm-none-eabi-10.3-2021.10/bin/../lib/gcc/arm-none-eabi/10.3.1/thumb/v7e-m+fp/hard/crtend.o
LOAD c:/mingw/gcc-arm-none-eabi-10.3-2021.10/bin/../lib/gcc/arm-none-eabi/10.3.1/thumb/v7e-m+fp/hard/crtn.o
                0x20020000                _estack = (ORIGIN (RAM) + LENGTH (RAM))
                0x00000200                _Min_Heap_Size = 0x200
                0x00000400                _Min_Stack_Size = 0x400

.isr_vector     0x08000000      0x188
                0x08000000                . = ALIGN (0x4)
 *(.isr_vector)
 .isr_vector    0x08000000      0x188 CMakeFiles/HELLOWORLD.elf.dir/startup/startup_stm32f407xx.s.obj
                0x08000000                g_pfnVectors
                0x08000188                . = ALIGN (0x4)

.text           0x080001c0     0xd6d0
                0x080001c0                . = ALIGN (0x4)
 *(.text)
 .text          0x080001c0       0x40 c:/mingw/gcc-arm-none-eabi-10.3-2021.10/bin/../lib/gcc/arm-none-eabi/10.3.1/thumb/v7e-m+fp/hard/crtbegin.o
 .text          0x08000200      0x378 c:/mingw/gcc-arm-none-eabi-10.3-2021.10/bin/../lib/gcc/arm-none-eabi/10.3.1/thumb/v7e-m+fp/hard\libgcc.a(_arm_addsubdf3.o)
                0x08000200                __aeabi_drsub
                0x08000208                __aeabi_dsub
                0x08000208                __subdf3
                0x0800020c                __aeabi_dadd
                0x0800020c                __adddf3
                0x08000484                __floatunsidf
                0x08000484                __aeabi_ui2d
                0x080004a4                __floatsidf
                0x080004a4                __aeabi_i2d
                0x080004c8                __aeabi_f2d
                0x080004c8                __extendsfdf2
                0x0800050c                __floatundidf
                0x0800050c                __aeabi_ul2d
                0x0800051c                __floatdidf
                0x0800051c                __aeabi_l2d
 .text          0x08000578      0x424 c:/mingw/gcc-arm-none-eabi-10.3-2021.10/bin/../lib/gcc/arm-none-eabi/10.3.1/thumb/v7e-m+fp/hard\libgcc.a(_arm_muldivdf3.o)
                0x08000578                __aeabi_dmul
                0x08000578                __muldf3
                0x080007cc                __divdf3
                0x080007cc                __aeabi_ddiv
 .text          0x0800099c      0x110 c:/mingw/gcc-arm-none-eabi-10.3-2021.10/bin/../lib/gcc/arm-none-eabi/10.3.1/thumb/v7e-m+fp/hard\libgcc.a(_arm_cmpdf2.o)
                0x0800099c                __gtdf2
                0x0800099c                __gedf2
                0x080009a4                __ltdf2
                0x080009a4                __ledf2
                0x080009ac                __nedf2
                0x080009ac                __eqdf2
                0x080009ac                __cmpdf2
                0x08000a28                __aeabi_cdrcmple
                0x08000a38                __aeabi_cdcmpeq
                0x08000a38                __aeabi_cdcmple
                0x08000a48                __aeabi_dcmpeq
                0x08000a5c                __aeabi_dcmplt
                0x08000a70                __aeabi_dcmple
                0x08000a84                __aeabi_dcmpge
                0x08000a98                __aeabi_dcmpgt
 .text          0x08000aac       0x40 c:/mingw/gcc-arm-none-eabi-10.3-2021.10/bin/../lib/gcc/arm-none-eabi/10.3.1/thumb/v7e-m+fp/hard\libgcc.a(_arm_fixunsdfsi.o)
                0x08000aac                __aeabi_d2uiz
                0x08000aac                __fixunsdfsi
 .text          0x08000aec       0xa0 c:/mingw/gcc-arm-none-eabi-10.3-2021.10/bin/../lib/gcc/arm-none-eabi/10.3.1/thumb/v7e-m+fp/hard\libgcc.a(_arm_truncdfsf2.o)
                0x08000aec                __truncdfsf2
                0x08000aec                __aeabi_d2f
 .text          0x08000b8c       0x30 c:/mingw/gcc-arm-none-eabi-10.3-2021.10/bin/../lib/gcc/arm-none-eabi/10.3.1/thumb/v7e-m+fp/hard\libgcc.a(_aeabi_uldivmod.o)
                0x08000b8c                __aeabi_uldivmod
 .text          0x08000bbc      0x2d0 c:/mingw/gcc-arm-none-eabi-10.3-2021.10/bin/../lib/gcc/arm-none-eabi/10.3.1/thumb/v7e-m+fp/hard\libgcc.a(_udivmoddi4.o)
                0x08000bbc                __udivmoddi4
 .text          0x08000e8c        0x4 c:/mingw/gcc-arm-none-eabi-10.3-2021.10/bin/../lib/gcc/arm-none-eabi/10.3.1/thumb/v7e-m+fp/hard\libgcc.a(_dvmd_tls.o)
                0x08000e8c                __aeabi_idiv0
                0x08000e8c                __aeabi_ldiv0
 .text          0x08000e90       0xa0 c:/mingw/gcc-arm-none-eabi-10.3-2021.10/bin/../lib/gcc/arm-none-eabi/10.3.1/../../../../arm-none-eabi/lib/thumb/v7e-m+fp/hard\libc.a(lib_a-memchr.o)
                0x08000e90                memchr
 .text          0x08000f30      0x134 c:/mingw/gcc-arm-none-eabi-10.3-2021.10/bin/../lib/gcc/arm-none-eabi/10.3.1/../../../../arm-none-eabi/lib/thumb/v7e-m+fp/hard\libc.a(lib_a-memcpy.o)
                0x08000f30                memcpy
 *fill*         0x08001064       0x1c 
 .text          0x08001080       0xdc c:/mingw/gcc-arm-none-eabi-10.3-2021.10/bin/../lib/gcc/arm-none-eabi/10.3.1/../../../../arm-none-eabi/lib/thumb/v7e-m+fp/hard\libc.a(lib_a-strlen.o)
                0x08001080                strlen
 .text          0x0800115c       0x2c c:/mingw/gcc-arm-none-eabi-10.3-2021.10/bin/../lib/gcc/arm-none-eabi/10.3.1/thumb/v7e-m+fp/hard\libgcc.a(_arm_unorddf2.o)
                0x0800115c                __unorddf2
                0x0800115c                __aeabi_dcmpun
 .text          0x08001188       0x50 c:/mingw/gcc-arm-none-eabi-10.3-2021.10/bin/../lib/gcc/arm-none-eabi/10.3.1/thumb/v7e-m+fp/hard\libgcc.a(_arm_fixdfsi.o)
                0x08001188                __aeabi_d2iz
                0x08001188                __fixdfsi
 *(.text*)
 .text.MX_ADC1_Init
                0x080011d8       0x70 CMakeFiles/HELLOWORLD.elf.dir/Core/Src/adc.c.obj
                0x080011d8                MX_ADC1_Init
 .text.HAL_ADC_MspInit
                0x08001248       0xb0 CMakeFiles/HELLOWORLD.elf.dir/Core/Src/adc.c.obj
                0x08001248                HAL_ADC_MspInit
 .text.MX_DAC_Init
                0x080012f8       0x58 CMakeFiles/HELLOWORLD.elf.dir/Core/Src/dac.c.obj
                0x080012f8                MX_DAC_Init
 .text.HAL_DAC_MspInit
                0x08001350      0x100 CMakeFiles/HELLOWORLD.elf.dir/Core/Src/dac.c.obj
                0x08001350                HAL_DAC_MspInit
 .text.MX_DMA_Init
                0x08001450       0x68 CMakeFiles/HELLOWORLD.elf.dir/Core/Src/dma.c.obj
                0x08001450                MX_DMA_Init
 .text.MX_GPIO_Init
                0x080014b8       0xa8 CMakeFiles/HELLOWORLD.elf.dir/Core/Src/gpio.c.obj
                0x080014b8                MX_GPIO_Init
 .text.Error_Handler
                0x08001560        0x4 CMakeFiles/HELLOWORLD.elf.dir/Core/Src/main.c.obj
                0x08001560                Error_Handler
 .text.SystemClock_Config
                0x08001564       0xa8 CMakeFiles/HELLOWORLD.elf.dir/Core/Src/main.c.obj
                0x08001564                SystemClock_Config
 *fill*         0x0800160c        0x4 
 .text.main     0x08001610      0x34c CMakeFiles/HELLOWORLD.elf.dir/Core/Src/main.c.obj
                0x08001610                main
 .text.HAL_MspInit
                0x0800195c       0x38 CMakeFiles/HELLOWORLD.elf.dir/Core/Src/stm32f4xx_hal_msp.c.obj
                0x0800195c                HAL_MspInit
 .text.NMI_Handler
                0x08001994        0x2 CMakeFiles/HELLOWORLD.elf.dir/Core/Src/stm32f4xx_it.c.obj
                0x08001994                NMI_Handler
 .text.HardFault_Handler
                0x08001996        0x2 CMakeFiles/HELLOWORLD.elf.dir/Core/Src/stm32f4xx_it.c.obj
                0x08001996                HardFault_Handler
 .text.MemManage_Handler
                0x08001998        0x2 CMakeFiles/HELLOWORLD.elf.dir/Core/Src/stm32f4xx_it.c.obj
                0x08001998                MemManage_Handler
 .text.BusFault_Handler
                0x0800199a        0x2 CMakeFiles/HELLOWORLD.elf.dir/Core/Src/stm32f4xx_it.c.obj
                0x0800199a                BusFault_Handler
 .text.UsageFault_Handler
                0x0800199c        0x2 CMakeFiles/HELLOWORLD.elf.dir/Core/Src/stm32f4xx_it.c.obj
                0x0800199c                UsageFault_Handler
 .text.SVC_Handler
                0x0800199e        0x2 CMakeFiles/HELLOWORLD.elf.dir/Core/Src/stm32f4xx_it.c.obj
                0x0800199e                SVC_Handler
 .text.DebugMon_Handler
                0x080019a0        0x2 CMakeFiles/HELLOWORLD.elf.dir/Core/Src/stm32f4xx_it.c.obj
                0x080019a0                DebugMon_Handler
 .text.PendSV_Handler
                0x080019a2        0x2 CMakeFiles/HELLOWORLD.elf.dir/Core/Src/stm32f4xx_it.c.obj
                0x080019a2                PendSV_Handler
 .text.SysTick_Handler
                0x080019a4        0x8 CMakeFiles/HELLOWORLD.elf.dir/Core/Src/stm32f4xx_it.c.obj
                0x080019a4                SysTick_Handler
 .text.DMA1_Stream5_IRQHandler
                0x080019ac       0x10 CMakeFiles/HELLOWORLD.elf.dir/Core/Src/stm32f4xx_it.c.obj
                0x080019ac                DMA1_Stream5_IRQHandler
 .text.DMA1_Stream6_IRQHandler
                0x080019bc       0x10 CMakeFiles/HELLOWORLD.elf.dir/Core/Src/stm32f4xx_it.c.obj
                0x080019bc                DMA1_Stream6_IRQHandler
 .text.TIM1_UP_TIM10_IRQHandler
                0x080019cc       0x18 CMakeFiles/HELLOWORLD.elf.dir/Core/Src/stm32f4xx_it.c.obj
                0x080019cc                TIM1_UP_TIM10_IRQHandler
 .text.TIM4_IRQHandler
                0x080019e4       0x10 CMakeFiles/HELLOWORLD.elf.dir/Core/Src/stm32f4xx_it.c.obj
                0x080019e4                TIM4_IRQHandler
 .text.DMA2_Stream0_IRQHandler
                0x080019f4       0x10 CMakeFiles/HELLOWORLD.elf.dir/Core/Src/stm32f4xx_it.c.obj
                0x080019f4                DMA2_Stream0_IRQHandler
 .text._getpid  0x08001a04        0x4 CMakeFiles/HELLOWORLD.elf.dir/Core/Src/syscalls.c.obj
                0x08001a04                _getpid
 .text._kill    0x08001a08       0x10 CMakeFiles/HELLOWORLD.elf.dir/Core/Src/syscalls.c.obj
                0x08001a08                _kill
 .text._exit    0x08001a18        0xc CMakeFiles/HELLOWORLD.elf.dir/Core/Src/syscalls.c.obj
                0x08001a18                _exit
 .text._sbrk    0x08001a24       0x3c CMakeFiles/HELLOWORLD.elf.dir/Core/Src/syscalls.c.obj
                0x08001a24                _sbrk
 .text._close   0x08001a60        0x6 CMakeFiles/HELLOWORLD.elf.dir/Core/Src/syscalls.c.obj
                0x08001a60                _close
 .text._fstat   0x08001a66        0xa CMakeFiles/HELLOWORLD.elf.dir/Core/Src/syscalls.c.obj
                0x08001a66                _fstat
 .text._isatty  0x08001a70        0x4 CMakeFiles/HELLOWORLD.elf.dir/Core/Src/syscalls.c.obj
                0x08001a70                _isatty
 .text._lseek   0x08001a74        0x4 CMakeFiles/HELLOWORLD.elf.dir/Core/Src/syscalls.c.obj
                0x08001a74                _lseek
 .text.SystemInit
                0x08001a78       0x14 CMakeFiles/HELLOWORLD.elf.dir/Core/Src/system_stm32f4xx.c.obj
                0x08001a78                SystemInit
 .text.MX_TIM1_Init
                0x08001a8c       0x74 CMakeFiles/HELLOWORLD.elf.dir/Core/Src/tim.c.obj
                0x08001a8c                MX_TIM1_Init
 .text.MX_TIM2_Init
                0x08001b00       0x6c CMakeFiles/HELLOWORLD.elf.dir/Core/Src/tim.c.obj
                0x08001b00                MX_TIM2_Init
 .text.MX_TIM8_Init
                0x08001b6c       0x70 CMakeFiles/HELLOWORLD.elf.dir/Core/Src/tim.c.obj
                0x08001b6c                MX_TIM8_Init
 .text.HAL_TIM_Base_MspInit
                0x08001bdc      0x10c CMakeFiles/HELLOWORLD.elf.dir/Core/Src/tim.c.obj
                0x08001bdc                HAL_TIM_Base_MspInit
 .text.HAL_TIM_MspPostInit
                0x08001ce8       0xd0 CMakeFiles/HELLOWORLD.elf.dir/Core/Src/tim.c.obj
                0x08001ce8                HAL_TIM_MspPostInit
 .text.MX_TIM3_Init
                0x08001db8       0xb0 CMakeFiles/HELLOWORLD.elf.dir/Core/Src/tim.c.obj
                0x08001db8                MX_TIM3_Init
 .text.MX_TIM4_Init
                0x08001e68       0xb0 CMakeFiles/HELLOWORLD.elf.dir/Core/Src/tim.c.obj
                0x08001e68                MX_TIM4_Init
 .text.MX_TIM10_Init
                0x08001f18       0x78 CMakeFiles/HELLOWORLD.elf.dir/Core/Src/tim.c.obj
                0x08001f18                MX_TIM10_Init
 .text.MX_USART1_UART_Init
                0x08001f90       0x34 CMakeFiles/HELLOWORLD.elf.dir/Core/Src/usart.c.obj
                0x08001f90                MX_USART1_UART_Init
 .text.MX_USART3_UART_Init
                0x08001fc4       0x34 CMakeFiles/HELLOWORLD.elf.dir/Core/Src/usart.c.obj
                0x08001fc4                MX_USART3_UART_Init
 .text.HAL_UART_MspInit
                0x08001ff8       0xc8 CMakeFiles/HELLOWORLD.elf.dir/Core/Src/usart.c.obj
                0x08001ff8                HAL_UART_MspInit
 .text.HAL_InitTick
                0x080020c0       0x4c CMakeFiles/HELLOWORLD.elf.dir/Drivers/STM32F4xx_HAL_Driver/Src/stm32f4xx_hal.c.obj
                0x080020c0                HAL_InitTick
 .text.HAL_Init
                0x0800210c       0x34 CMakeFiles/HELLOWORLD.elf.dir/Drivers/STM32F4xx_HAL_Driver/Src/stm32f4xx_hal.c.obj
                0x0800210c                HAL_Init
 .text.HAL_IncTick
                0x08002140       0x18 CMakeFiles/HELLOWORLD.elf.dir/Drivers/STM32F4xx_HAL_Driver/Src/stm32f4xx_hal.c.obj
                0x08002140                HAL_IncTick
 .text.HAL_GetTick
                0x08002158        0xc CMakeFiles/HELLOWORLD.elf.dir/Drivers/STM32F4xx_HAL_Driver/Src/stm32f4xx_hal.c.obj
                0x08002158                HAL_GetTick
 .text.ADC_Init
                0x08002164      0x134 CMakeFiles/HELLOWORLD.elf.dir/Drivers/STM32F4xx_HAL_Driver/Src/stm32f4xx_hal_adc.c.obj
 .text.HAL_ADC_Init
                0x08002298       0x56 CMakeFiles/HELLOWORLD.elf.dir/Drivers/STM32F4xx_HAL_Driver/Src/stm32f4xx_hal_adc.c.obj
                0x08002298                HAL_ADC_Init
 *fill*         0x080022ee        0x2 
 .text.HAL_ADC_ConfigChannel
                0x080022f0      0x198 CMakeFiles/HELLOWORLD.elf.dir/Drivers/STM32F4xx_HAL_Driver/Src/stm32f4xx_hal_adc.c.obj
                0x080022f0                HAL_ADC_ConfigChannel
 .text.HAL_NVIC_SetPriorityGrouping
                0x08002488       0x24 CMakeFiles/HELLOWORLD.elf.dir/Drivers/STM32F4xx_HAL_Driver/Src/stm32f4xx_hal_cortex.c.obj
                0x08002488                HAL_NVIC_SetPriorityGrouping
 .text.HAL_NVIC_SetPriority
                0x080024ac       0x70 CMakeFiles/HELLOWORLD.elf.dir/Drivers/STM32F4xx_HAL_Driver/Src/stm32f4xx_hal_cortex.c.obj
                0x080024ac                HAL_NVIC_SetPriority
 .text.HAL_NVIC_EnableIRQ
                0x0800251c       0x1c CMakeFiles/HELLOWORLD.elf.dir/Drivers/STM32F4xx_HAL_Driver/Src/stm32f4xx_hal_cortex.c.obj
                0x0800251c                HAL_NVIC_EnableIRQ
 .text.HAL_SYSTICK_Config
                0x08002538       0x28 CMakeFiles/HELLOWORLD.elf.dir/Drivers/STM32F4xx_HAL_Driver/Src/stm32f4xx_hal_cortex.c.obj
                0x08002538                HAL_SYSTICK_Config
 .text.HAL_SYSTICK_CLKSourceConfig
                0x08002560       0x20 CMakeFiles/HELLOWORLD.elf.dir/Drivers/STM32F4xx_HAL_Driver/Src/stm32f4xx_hal_cortex.c.obj
                0x08002560                HAL_SYSTICK_CLKSourceConfig
 .text.HAL_DAC_Init
                0x08002580       0x24 CMakeFiles/HELLOWORLD.elf.dir/Drivers/STM32F4xx_HAL_Driver/Src/stm32f4xx_hal_dac.c.obj
                0x08002580                HAL_DAC_Init
 .text.HAL_DAC_Start_DMA
                0x080025a4       0xfc CMakeFiles/HELLOWORLD.elf.dir/Drivers/STM32F4xx_HAL_Driver/Src/stm32f4xx_hal_dac.c.obj
                0x080025a4                HAL_DAC_Start_DMA
 .text.HAL_DAC_Stop_DMA
                0x080026a0       0x56 CMakeFiles/HELLOWORLD.elf.dir/Drivers/STM32F4xx_HAL_Driver/Src/stm32f4xx_hal_dac.c.obj
                0x080026a0                HAL_DAC_Stop_DMA
 .text.HAL_DAC_ConvCpltCallbackCh1
                0x080026f6        0x2 CMakeFiles/HELLOWORLD.elf.dir/Drivers/STM32F4xx_HAL_Driver/Src/stm32f4xx_hal_dac.c.obj
                0x080026f6                HAL_DAC_ConvCpltCallbackCh1
 .text.DAC_DMAConvCpltCh1
                0x080026f8       0x10 CMakeFiles/HELLOWORLD.elf.dir/Drivers/STM32F4xx_HAL_Driver/Src/stm32f4xx_hal_dac.c.obj
                0x080026f8                DAC_DMAConvCpltCh1
 .text.HAL_DAC_ConvHalfCpltCallbackCh1
                0x08002708        0x2 CMakeFiles/HELLOWORLD.elf.dir/Drivers/STM32F4xx_HAL_Driver/Src/stm32f4xx_hal_dac.c.obj
                0x08002708                HAL_DAC_ConvHalfCpltCallbackCh1
 .text.DAC_DMAHalfConvCpltCh1
                0x0800270a        0xa CMakeFiles/HELLOWORLD.elf.dir/Drivers/STM32F4xx_HAL_Driver/Src/stm32f4xx_hal_dac.c.obj
                0x0800270a                DAC_DMAHalfConvCpltCh1
 .text.HAL_DAC_ErrorCallbackCh1
                0x08002714        0x2 CMakeFiles/HELLOWORLD.elf.dir/Drivers/STM32F4xx_HAL_Driver/Src/stm32f4xx_hal_dac.c.obj
                0x08002714                HAL_DAC_ErrorCallbackCh1
 .text.DAC_DMAErrorCh1
                0x08002716       0x18 CMakeFiles/HELLOWORLD.elf.dir/Drivers/STM32F4xx_HAL_Driver/Src/stm32f4xx_hal_dac.c.obj
                0x08002716                DAC_DMAErrorCh1
 .text.HAL_DAC_ConfigChannel
                0x0800272e       0x56 CMakeFiles/HELLOWORLD.elf.dir/Drivers/STM32F4xx_HAL_Driver/Src/stm32f4xx_hal_dac.c.obj
                0x0800272e                HAL_DAC_ConfigChannel
 .text.HAL_DACEx_ConvCpltCallbackCh2
                0x08002784        0x2 CMakeFiles/HELLOWORLD.elf.dir/Drivers/STM32F4xx_HAL_Driver/Src/stm32f4xx_hal_dac_ex.c.obj
                0x08002784                HAL_DACEx_ConvCpltCallbackCh2
 .text.HAL_DACEx_ConvHalfCpltCallbackCh2
                0x08002786        0x2 CMakeFiles/HELLOWORLD.elf.dir/Drivers/STM32F4xx_HAL_Driver/Src/stm32f4xx_hal_dac_ex.c.obj
                0x08002786                HAL_DACEx_ConvHalfCpltCallbackCh2
 .text.HAL_DACEx_ErrorCallbackCh2
                0x08002788        0x2 CMakeFiles/HELLOWORLD.elf.dir/Drivers/STM32F4xx_HAL_Driver/Src/stm32f4xx_hal_dac_ex.c.obj
                0x08002788                HAL_DACEx_ErrorCallbackCh2
 .text.DAC_DMAConvCpltCh2
                0x0800278a       0x10 CMakeFiles/HELLOWORLD.elf.dir/Drivers/STM32F4xx_HAL_Driver/Src/stm32f4xx_hal_dac_ex.c.obj
                0x0800278a                DAC_DMAConvCpltCh2
 .text.DAC_DMAHalfConvCpltCh2
                0x0800279a        0xa CMakeFiles/HELLOWORLD.elf.dir/Drivers/STM32F4xx_HAL_Driver/Src/stm32f4xx_hal_dac_ex.c.obj
                0x0800279a                DAC_DMAHalfConvCpltCh2
 .text.DAC_DMAErrorCh2
                0x080027a4       0x18 CMakeFiles/HELLOWORLD.elf.dir/Drivers/STM32F4xx_HAL_Driver/Src/stm32f4xx_hal_dac_ex.c.obj
                0x080027a4                DAC_DMAErrorCh2
 .text.DMA_SetConfig
                0x080027bc       0x2c CMakeFiles/HELLOWORLD.elf.dir/Drivers/STM32F4xx_HAL_Driver/Src/stm32f4xx_hal_dma.c.obj
 .text.DMA_CalcBaseAndBitshift
                0x080027e8       0x44 CMakeFiles/HELLOWORLD.elf.dir/Drivers/STM32F4xx_HAL_Driver/Src/stm32f4xx_hal_dma.c.obj
 .text.DMA_CheckFifoParam
                0x0800282c       0x8e CMakeFiles/HELLOWORLD.elf.dir/Drivers/STM32F4xx_HAL_Driver/Src/stm32f4xx_hal_dma.c.obj
 *fill*         0x080028ba        0x2 
 .text.HAL_DMA_Init
                0x080028bc       0xcc CMakeFiles/HELLOWORLD.elf.dir/Drivers/STM32F4xx_HAL_Driver/Src/stm32f4xx_hal_dma.c.obj
                0x080028bc                HAL_DMA_Init
 .text.HAL_DMA_Start
                0x08002988       0x48 CMakeFiles/HELLOWORLD.elf.dir/Drivers/STM32F4xx_HAL_Driver/Src/stm32f4xx_hal_dma.c.obj
                0x08002988                HAL_DMA_Start
 .text.HAL_DMA_Start_IT
                0x080029d0       0x6a CMakeFiles/HELLOWORLD.elf.dir/Drivers/STM32F4xx_HAL_Driver/Src/stm32f4xx_hal_dma.c.obj
                0x080029d0                HAL_DMA_Start_IT
 .text.HAL_DMA_Abort
                0x08002a3a       0x94 CMakeFiles/HELLOWORLD.elf.dir/Drivers/STM32F4xx_HAL_Driver/Src/stm32f4xx_hal_dma.c.obj
                0x08002a3a                HAL_DMA_Abort
 *fill*         0x08002ace        0x2 
 .text.HAL_DMA_IRQHandler
                0x08002ad0      0x1dc CMakeFiles/HELLOWORLD.elf.dir/Drivers/STM32F4xx_HAL_Driver/Src/stm32f4xx_hal_dma.c.obj
                0x08002ad0                HAL_DMA_IRQHandler
 .text.HAL_GPIO_Init
                0x08002cac      0x1e4 CMakeFiles/HELLOWORLD.elf.dir/Drivers/STM32F4xx_HAL_Driver/Src/stm32f4xx_hal_gpio.c.obj
                0x08002cac                HAL_GPIO_Init
 .text.HAL_GPIO_ReadPin
                0x08002e90        0xe CMakeFiles/HELLOWORLD.elf.dir/Drivers/STM32F4xx_HAL_Driver/Src/stm32f4xx_hal_gpio.c.obj
                0x08002e90                HAL_GPIO_ReadPin
 .text.HAL_GPIO_WritePin
                0x08002e9e        0xc CMakeFiles/HELLOWORLD.elf.dir/Drivers/STM32F4xx_HAL_Driver/Src/stm32f4xx_hal_gpio.c.obj
                0x08002e9e                HAL_GPIO_WritePin
 *fill*         0x08002eaa        0x2 
 .text.HAL_RCC_OscConfig
                0x08002eac      0x3f8 CMakeFiles/HELLOWORLD.elf.dir/Drivers/STM32F4xx_HAL_Driver/Src/stm32f4xx_hal_rcc.c.obj
                0x08002eac                HAL_RCC_OscConfig
 .text.HAL_RCC_GetSysClockFreq
                0x080032a4       0xd4 CMakeFiles/HELLOWORLD.elf.dir/Drivers/STM32F4xx_HAL_Driver/Src/stm32f4xx_hal_rcc.c.obj
                0x080032a4                HAL_RCC_GetSysClockFreq
 .text.HAL_RCC_ClockConfig
                0x08003378      0x160 CMakeFiles/HELLOWORLD.elf.dir/Drivers/STM32F4xx_HAL_Driver/Src/stm32f4xx_hal_rcc.c.obj
                0x08003378                HAL_RCC_ClockConfig
 .text.HAL_RCC_GetHCLKFreq
                0x080034d8        0xc CMakeFiles/HELLOWORLD.elf.dir/Drivers/STM32F4xx_HAL_Driver/Src/stm32f4xx_hal_rcc.c.obj
                0x080034d8                HAL_RCC_GetHCLKFreq
 .text.HAL_RCC_GetPCLK1Freq
                0x080034e4       0x20 CMakeFiles/HELLOWORLD.elf.dir/Drivers/STM32F4xx_HAL_Driver/Src/stm32f4xx_hal_rcc.c.obj
                0x080034e4                HAL_RCC_GetPCLK1Freq
 .text.HAL_RCC_GetPCLK2Freq
                0x08003504       0x20 CMakeFiles/HELLOWORLD.elf.dir/Drivers/STM32F4xx_HAL_Driver/Src/stm32f4xx_hal_rcc.c.obj
                0x08003504                HAL_RCC_GetPCLK2Freq
 .text.TIM_OC1_SetConfig
                0x08003524       0x68 CMakeFiles/HELLOWORLD.elf.dir/Drivers/STM32F4xx_HAL_Driver/Src/stm32f4xx_hal_tim.c.obj
 .text.TIM_OC3_SetConfig
                0x0800358c       0x70 CMakeFiles/HELLOWORLD.elf.dir/Drivers/STM32F4xx_HAL_Driver/Src/stm32f4xx_hal_tim.c.obj
 .text.TIM_OC4_SetConfig
                0x080035fc       0x50 CMakeFiles/HELLOWORLD.elf.dir/Drivers/STM32F4xx_HAL_Driver/Src/stm32f4xx_hal_tim.c.obj
 .text.TIM_TI1_ConfigInputStage
                0x0800364c       0x26 CMakeFiles/HELLOWORLD.elf.dir/Drivers/STM32F4xx_HAL_Driver/Src/stm32f4xx_hal_tim.c.obj
 .text.TIM_TI2_ConfigInputStage
                0x08003672       0x28 CMakeFiles/HELLOWORLD.elf.dir/Drivers/STM32F4xx_HAL_Driver/Src/stm32f4xx_hal_tim.c.obj
 .text.TIM_ITRx_SetConfig
                0x0800369a       0x10 CMakeFiles/HELLOWORLD.elf.dir/Drivers/STM32F4xx_HAL_Driver/Src/stm32f4xx_hal_tim.c.obj
 *fill*         0x080036aa        0x2 
 .text.HAL_TIM_Base_Start
                0x080036ac       0x7c CMakeFiles/HELLOWORLD.elf.dir/Drivers/STM32F4xx_HAL_Driver/Src/stm32f4xx_hal_tim.c.obj
                0x080036ac                HAL_TIM_Base_Start
 .text.HAL_TIM_Base_Stop
                0x08003728       0x28 CMakeFiles/HELLOWORLD.elf.dir/Drivers/STM32F4xx_HAL_Driver/Src/stm32f4xx_hal_tim.c.obj
                0x08003728                HAL_TIM_Base_Stop
 .text.HAL_TIM_Base_Start_IT
                0x08003750       0x88 CMakeFiles/HELLOWORLD.elf.dir/Drivers/STM32F4xx_HAL_Driver/Src/stm32f4xx_hal_tim.c.obj
                0x08003750                HAL_TIM_Base_Start_IT
 .text.HAL_TIM_PWM_MspInit
                0x080037d8        0x2 CMakeFiles/HELLOWORLD.elf.dir/Drivers/STM32F4xx_HAL_Driver/Src/stm32f4xx_hal_tim.c.obj
                0x080037d8                HAL_TIM_PWM_MspInit
 .text.HAL_TIM_PeriodElapsedCallback
                0x080037da        0x2 CMakeFiles/HELLOWORLD.elf.dir/Drivers/STM32F4xx_HAL_Driver/Src/stm32f4xx_hal_tim.c.obj
                0x080037da                HAL_TIM_PeriodElapsedCallback
 .text.HAL_TIM_OC_DelayElapsedCallback
                0x080037dc        0x2 CMakeFiles/HELLOWORLD.elf.dir/Drivers/STM32F4xx_HAL_Driver/Src/stm32f4xx_hal_tim.c.obj
                0x080037dc                HAL_TIM_OC_DelayElapsedCallback
 .text.HAL_TIM_IC_CaptureCallback
                0x080037de        0x2 CMakeFiles/HELLOWORLD.elf.dir/Drivers/STM32F4xx_HAL_Driver/Src/stm32f4xx_hal_tim.c.obj
                0x080037de                HAL_TIM_IC_CaptureCallback
 .text.HAL_TIM_PWM_PulseFinishedCallback
                0x080037e0        0x2 CMakeFiles/HELLOWORLD.elf.dir/Drivers/STM32F4xx_HAL_Driver/Src/stm32f4xx_hal_tim.c.obj
                0x080037e0                HAL_TIM_PWM_PulseFinishedCallback
 .text.HAL_TIM_TriggerCallback
                0x080037e2        0x2 CMakeFiles/HELLOWORLD.elf.dir/Drivers/STM32F4xx_HAL_Driver/Src/stm32f4xx_hal_tim.c.obj
                0x080037e2                HAL_TIM_TriggerCallback
 .text.HAL_TIM_IRQHandler
                0x080037e4      0x17a CMakeFiles/HELLOWORLD.elf.dir/Drivers/STM32F4xx_HAL_Driver/Src/stm32f4xx_hal_tim.c.obj
                0x080037e4                HAL_TIM_IRQHandler
 *fill*         0x0800395e        0x2 
 .text.TIM_Base_SetConfig
                0x08003960       0xc8 CMakeFiles/HELLOWORLD.elf.dir/Drivers/STM32F4xx_HAL_Driver/Src/stm32f4xx_hal_tim.c.obj
                0x08003960                TIM_Base_SetConfig
 .text.HAL_TIM_Base_Init
                0x08003a28       0x58 CMakeFiles/HELLOWORLD.elf.dir/Drivers/STM32F4xx_HAL_Driver/Src/stm32f4xx_hal_tim.c.obj
                0x08003a28                HAL_TIM_Base_Init
 .text.HAL_TIM_PWM_Init
                0x08003a80       0x58 CMakeFiles/HELLOWORLD.elf.dir/Drivers/STM32F4xx_HAL_Driver/Src/stm32f4xx_hal_tim.c.obj
                0x08003a80                HAL_TIM_PWM_Init
 .text.TIM_OC2_SetConfig
                0x08003ad8       0x70 CMakeFiles/HELLOWORLD.elf.dir/Drivers/STM32F4xx_HAL_Driver/Src/stm32f4xx_hal_tim.c.obj
                0x08003ad8                TIM_OC2_SetConfig
 .text.HAL_TIM_PWM_ConfigChannel
                0x08003b48       0xdc CMakeFiles/HELLOWORLD.elf.dir/Drivers/STM32F4xx_HAL_Driver/Src/stm32f4xx_hal_tim.c.obj
                0x08003b48                HAL_TIM_PWM_ConfigChannel
 .text.TIM_ETR_SetConfig
                0x08003c24       0x1a CMakeFiles/HELLOWORLD.elf.dir/Drivers/STM32F4xx_HAL_Driver/Src/stm32f4xx_hal_tim.c.obj
                0x08003c24                TIM_ETR_SetConfig
 .text.HAL_TIM_ConfigClockSource
                0x08003c3e       0xfe CMakeFiles/HELLOWORLD.elf.dir/Drivers/STM32F4xx_HAL_Driver/Src/stm32f4xx_hal_tim.c.obj
                0x08003c3e                HAL_TIM_ConfigClockSource
 .text.TIM_CCxChannelCmd
                0x08003d3c       0x1e CMakeFiles/HELLOWORLD.elf.dir/Drivers/STM32F4xx_HAL_Driver/Src/stm32f4xx_hal_tim.c.obj
                0x08003d3c                TIM_CCxChannelCmd
 *fill*         0x08003d5a        0x2 
 .text.HAL_TIM_PWM_Start
                0x08003d5c      0x104 CMakeFiles/HELLOWORLD.elf.dir/Drivers/STM32F4xx_HAL_Driver/Src/stm32f4xx_hal_tim.c.obj
                0x08003d5c                HAL_TIM_PWM_Start
 .text.HAL_TIMEx_MasterConfigSynchronization
                0x08003e60       0x8c CMakeFiles/HELLOWORLD.elf.dir/Drivers/STM32F4xx_HAL_Driver/Src/stm32f4xx_hal_tim_ex.c.obj
                0x08003e60                HAL_TIMEx_MasterConfigSynchronization
 .text.HAL_TIMEx_CommutCallback
                0x08003eec        0x2 CMakeFiles/HELLOWORLD.elf.dir/Drivers/STM32F4xx_HAL_Driver/Src/stm32f4xx_hal_tim_ex.c.obj
                0x08003eec                HAL_TIMEx_CommutCallback
 .text.HAL_TIMEx_BreakCallback
                0x08003eee        0x2 CMakeFiles/HELLOWORLD.elf.dir/Drivers/STM32F4xx_HAL_Driver/Src/stm32f4xx_hal_tim_ex.c.obj
                0x08003eee                HAL_TIMEx_BreakCallback
 .text.UART_SetConfig
                0x08003ef0      0x110 CMakeFiles/HELLOWORLD.elf.dir/Drivers/STM32F4xx_HAL_Driver/Src/stm32f4xx_hal_uart.c.obj
 .text.UART_WaitOnFlagUntilTimeout
                0x08004000       0x88 CMakeFiles/HELLOWORLD.elf.dir/Drivers/STM32F4xx_HAL_Driver/Src/stm32f4xx_hal_uart.c.obj
 .text.HAL_UART_Init
                0x08004088       0x5e CMakeFiles/HELLOWORLD.elf.dir/Drivers/STM32F4xx_HAL_Driver/Src/stm32f4xx_hal_uart.c.obj
                0x08004088                HAL_UART_Init
 .text.HAL_UART_Transmit
                0x080040e6       0xd8 CMakeFiles/HELLOWORLD.elf.dir/Drivers/STM32F4xx_HAL_Driver/Src/stm32f4xx_hal_uart.c.obj
                0x080040e6                HAL_UART_Transmit
 .text.HAL_UART_Receive
                0x080041be       0xe4 CMakeFiles/HELLOWORLD.elf.dir/Drivers/STM32F4xx_HAL_Driver/Src/stm32f4xx_hal_uart.c.obj
                0x080041be                HAL_UART_Receive
 *fill*         0x080042a2        0x2 
 .text.keypad_init
                0x080042a4       0x74 CMakeFiles/HELLOWORLD.elf.dir/HardWare/key/key.c.obj
                0x080042a4                keypad_init
 .text.keypad_scan
                0x08004318       0x90 CMakeFiles/HELLOWORLD.elf.dir/HardWare/key/key.c.obj
                0x08004318                keypad_scan
 .text.iic_delay
                0x080043a8        0xa CMakeFiles/HELLOWORLD.elf.dir/HardWare/myiic/myiic.c.obj
 *fill*         0x080043b2        0x2 
 .text.iic_start
                0x080043b4       0x40 CMakeFiles/HELLOWORLD.elf.dir/HardWare/myiic/myiic.c.obj
                0x080043b4                iic_start
 .text.iic_stop
                0x080043f4       0x34 CMakeFiles/HELLOWORLD.elf.dir/HardWare/myiic/myiic.c.obj
                0x080043f4                iic_stop
 .text.iic_init
                0x08004428       0x68 CMakeFiles/HELLOWORLD.elf.dir/HardWare/myiic/myiic.c.obj
                0x08004428                iic_init
 .text.iic_wait_ack
                0x08004490       0x54 CMakeFiles/HELLOWORLD.elf.dir/HardWare/myiic/myiic.c.obj
                0x08004490                iic_wait_ack
 .text.iic_send_byte
                0x080044e4       0x60 CMakeFiles/HELLOWORLD.elf.dir/HardWare/myiic/myiic.c.obj
                0x080044e4                iic_send_byte
 .text.oled_wr_byte
                0x08004544       0x3e CMakeFiles/HELLOWORLD.elf.dir/HardWare/oled/oled.c.obj
                0x08004544                oled_wr_byte
 *fill*         0x08004582        0x2 
 .text.oled_refresh_gram
                0x08004584       0x4c CMakeFiles/HELLOWORLD.elf.dir/HardWare/oled/oled.c.obj
                0x08004584                oled_refresh_gram
 .text.oled_clear
                0x080045d0       0x30 CMakeFiles/HELLOWORLD.elf.dir/HardWare/oled/oled.c.obj
                0x080045d0                oled_clear
 .text.oled_draw_point
                0x08004600       0x50 CMakeFiles/HELLOWORLD.elf.dir/HardWare/oled/oled.c.obj
                0x08004600                oled_draw_point
 .text.oled_init
                0x08004650       0xe4 CMakeFiles/HELLOWORLD.elf.dir/HardWare/oled/oled.c.obj
                0x08004650                oled_init
 .text._oled_show_char
                0x08004734       0xf4 CMakeFiles/HELLOWORLD.elf.dir/HardWare/oled/oledlib.c.obj
                0x08004734                _oled_show_char
 .text.oled_show_string
                0x08004828       0x6c CMakeFiles/HELLOWORLD.elf.dir/HardWare/oled/oledlib.c.obj
                0x08004828                oled_show_string
 .text.calc_tim_arr_psc
                0x08004894       0x78 CMakeFiles/HELLOWORLD.elf.dir/SignalProcess/SignalProcess.c.obj
                0x08004894                calc_tim_arr_psc
 .text._pwmFreAdjust
                0x0800490c       0x3c CMakeFiles/HELLOWORLD.elf.dir/SignalProcess/SignalProcess.c.obj
                0x0800490c                _pwmFreAdjust
 .text.dac_init_dma
                0x08004948       0x4c CMakeFiles/HELLOWORLD.elf.dir/SignalProcess/SignalProcess.c.obj
                0x08004948                dac_init_dma
 *fill*         0x08004994        0x4 
 .text.dac_creat_sin_buf
                0x08004998       0xc0 CMakeFiles/HELLOWORLD.elf.dir/SignalProcess/SignalProcess.c.obj
                0x08004998                dac_creat_sin_buf
 .text.dac_dma_enable
                0x08004a58       0x6c CMakeFiles/HELLOWORLD.elf.dir/SignalProcess/SignalProcess.c.obj
                0x08004a58                dac_dma_enable
 .text.dac_set  0x08004ac4       0x68 CMakeFiles/HELLOWORLD.elf.dir/SignalProcess/SignalProcess.c.obj
                0x08004ac4                dac_set
 .text.dac_out  0x08004b2c       0x2c CMakeFiles/HELLOWORLD.elf.dir/SignalProcess/SignalProcess.c.obj
                0x08004b2c                dac_out
 .text.delay_init
                0x08004b58       0x14 CMakeFiles/HELLOWORLD.elf.dir/System/delay/delay.c.obj
                0x08004b58                delay_init
 .text.delay_us
                0x08004b6c       0x40 CMakeFiles/HELLOWORLD.elf.dir/System/delay/delay.c.obj
                0x08004b6c                delay_us
 .text.delay_ms
                0x08004bac       0x18 CMakeFiles/HELLOWORLD.elf.dir/System/delay/delay.c.obj
                0x08004bac                delay_ms
 .text.RetargetInit
                0x08004bc4       0x20 CMakeFiles/HELLOWORLD.elf.dir/System/usart/retarget.c.obj
                0x08004bc4                RetargetInit
 .text._write   0x08004be4       0x34 CMakeFiles/HELLOWORLD.elf.dir/System/usart/retarget.c.obj
                0x08004be4                _write
 .text._read    0x08004c18       0x30 CMakeFiles/HELLOWORLD.elf.dir/System/usart/retarget.c.obj
                0x08004c18                _read
 .text.Reset_Handler
                0x08004c48       0x50 CMakeFiles/HELLOWORLD.elf.dir/startup/startup_stm32f407xx.s.obj
                0x08004c48                Reset_Handler
 .text.Default_Handler
                0x08004c98        0x2 CMakeFiles/HELLOWORLD.elf.dir/startup/startup_stm32f407xx.s.obj
                0x08004c98                RTC_Alarm_IRQHandler
                0x08004c98                HASH_RNG_IRQHandler
                0x08004c98                EXTI2_IRQHandler
                0x08004c98                TIM8_CC_IRQHandler
                0x08004c98                TIM1_CC_IRQHandler
                0x08004c98                DMA2_Stream5_IRQHandler
                0x08004c98                PVD_IRQHandler
                0x08004c98                SDIO_IRQHandler
                0x08004c98                TAMP_STAMP_IRQHandler
                0x08004c98                CAN2_RX1_IRQHandler
                0x08004c98                EXTI3_IRQHandler
                0x08004c98                TIM8_TRG_COM_TIM14_IRQHandler
                0x08004c98                TIM8_UP_TIM13_IRQHandler
                0x08004c98                I2C3_ER_IRQHandler
                0x08004c98                EXTI0_IRQHandler
                0x08004c98                I2C2_EV_IRQHandler
                0x08004c98                DMA1_Stream2_IRQHandler
                0x08004c98                CAN1_RX0_IRQHandler
                0x08004c98                FPU_IRQHandler
                0x08004c98                OTG_HS_WKUP_IRQHandler
                0x08004c98                CAN2_SCE_IRQHandler
                0x08004c98                DMA2_Stream2_IRQHandler
                0x08004c98                SPI1_IRQHandler
                0x08004c98                TIM6_DAC_IRQHandler
                0x08004c98                TIM1_BRK_TIM9_IRQHandler
                0x08004c98                DCMI_IRQHandler
                0x08004c98                CAN2_RX0_IRQHandler
                0x08004c98                DMA2_Stream3_IRQHandler
                0x08004c98                USART6_IRQHandler
                0x08004c98                USART3_IRQHandler
                0x08004c98                CAN1_RX1_IRQHandler
                0x08004c98                UART5_IRQHandler
                0x08004c98                I2C1_EV_IRQHandler
                0x08004c98                DMA1_Stream1_IRQHandler
                0x08004c98                UART4_IRQHandler
                0x08004c98                TIM3_IRQHandler
                0x08004c98                RCC_IRQHandler
                0x08004c98                TIM8_BRK_TIM12_IRQHandler
                0x08004c98                Default_Handler
                0x08004c98                EXTI15_10_IRQHandler
                0x08004c98                ADC_IRQHandler
                0x08004c98                DMA1_Stream7_IRQHandler
                0x08004c98                TIM7_IRQHandler
                0x08004c98                CAN2_TX_IRQHandler
                0x08004c98                TIM5_IRQHandler
                0x08004c98                DMA2_Stream7_IRQHandler
                0x08004c98                I2C3_EV_IRQHandler
                0x08004c98                EXTI9_5_IRQHandler
                0x08004c98                RTC_WKUP_IRQHandler
                0x08004c98                ETH_WKUP_IRQHandler
                0x08004c98                SPI2_IRQHandler
                0x08004c98                OTG_HS_EP1_IN_IRQHandler
                0x08004c98                DMA1_Stream0_IRQHandler
                0x08004c98                CAN1_TX_IRQHandler
                0x08004c98                EXTI4_IRQHandler
                0x08004c98                FSMC_IRQHandler
                0x08004c98                ETH_IRQHandler
                0x08004c98                OTG_HS_EP1_OUT_IRQHandler
                0x08004c98                WWDG_IRQHandler
                0x08004c98                TIM2_IRQHandler
                0x08004c98                OTG_FS_WKUP_IRQHandler
                0x08004c98                TIM1_TRG_COM_TIM11_IRQHandler
                0x08004c98                OTG_HS_IRQHandler
                0x08004c98                EXTI1_IRQHandler
                0x08004c98                USART2_IRQHandler
                0x08004c98                I2C2_ER_IRQHandler
                0x08004c98                DMA2_Stream1_IRQHandler
                0x08004c98                CAN1_SCE_IRQHandler
                0x08004c98                FLASH_IRQHandler
                0x08004c98                DMA2_Stream4_IRQHandler
                0x08004c98                USART1_IRQHandler
                0x08004c98                OTG_FS_IRQHandler
                0x08004c98                SPI3_IRQHandler
                0x08004c98                DMA1_Stream4_IRQHandler
                0x08004c98                I2C1_ER_IRQHandler
                0x08004c98                DMA2_Stream6_IRQHandler
                0x08004c98                DMA1_Stream3_IRQHandler
 *fill*         0x08004c9a        0x2 
 .text.__errno  0x08004c9c        0xc c:/mingw/gcc-arm-none-eabi-10.3-2021.10/bin/../lib/gcc/arm-none-eabi/10.3.1/../../../../arm-none-eabi/lib/thumb/v7e-m+fp/hard\libc.a(lib_a-errno.o)
                0x08004c9c                __errno
 .text.__libc_init_array
                0x08004ca8       0x48 c:/mingw/gcc-arm-none-eabi-10.3-2021.10/bin/../lib/gcc/arm-none-eabi/10.3.1/../../../../arm-none-eabi/lib/thumb/v7e-m+fp/hard\libc.a(lib_a-init.o)
                0x08004ca8                __libc_init_array
 .text.memset   0x08004cf0       0xa4 c:/mingw/gcc-arm-none-eabi-10.3-2021.10/bin/../lib/gcc/arm-none-eabi/10.3.1/../../../../arm-none-eabi/lib/thumb/v7e-m+fp/hard\libc.a(lib_a-memset.o)
                0x08004cf0                memset
 .text.printf   0x08004d94       0x28 c:/mingw/gcc-arm-none-eabi-10.3-2021.10/bin/../lib/gcc/arm-none-eabi/10.3.1/../../../../arm-none-eabi/lib/thumb/v7e-m+fp/hard\libc.a(lib_a-printf.o)
                0x08004d94                printf
 .text.setvbuf  0x08004dbc      0x1b0 c:/mingw/gcc-arm-none-eabi-10.3-2021.10/bin/../lib/gcc/arm-none-eabi/10.3.1/../../../../arm-none-eabi/lib/thumb/v7e-m+fp/hard\libc.a(lib_a-setvbuf.o)
                0x08004dbc                setvbuf
 .text.sprintf  0x08004f6c       0x40 c:/mingw/gcc-arm-none-eabi-10.3-2021.10/bin/../lib/gcc/arm-none-eabi/10.3.1/../../../../arm-none-eabi/lib/thumb/v7e-m+fp/hard\libc.a(lib_a-sprintf.o)
                0x08004f6c                sprintf
 *fill*         0x08004fac        0x4 
 .text._svfprintf_r
                0x08004fb0     0x1acc c:/mingw/gcc-arm-none-eabi-10.3-2021.10/bin/../lib/gcc/arm-none-eabi/10.3.1/../../../../arm-none-eabi/lib/thumb/v7e-m+fp/hard\libc.a(lib_a-svfprintf.o)
                0x08004fb0                _svfprintf_r
 *fill*         0x08006a7c        0x4 
 .text._vfprintf_r
                0x08006a80     0x1b90 c:/mingw/gcc-arm-none-eabi-10.3-2021.10/bin/../lib/gcc/arm-none-eabi/10.3.1/../../../../arm-none-eabi/lib/thumb/v7e-m+fp/hard\libc.a(lib_a-vfprintf.o)
                0x08006a80                _vfprintf_r
 .text.__sbprintf
                0x08008610       0x80 c:/mingw/gcc-arm-none-eabi-10.3-2021.10/bin/../lib/gcc/arm-none-eabi/10.3.1/../../../../arm-none-eabi/lib/thumb/v7e-m+fp/hard\libc.a(lib_a-vfprintf.o)
 .text.__swsetup_r
                0x08008690       0xd4 c:/mingw/gcc-arm-none-eabi-10.3-2021.10/bin/../lib/gcc/arm-none-eabi/10.3.1/../../../../arm-none-eabi/lib/thumb/v7e-m+fp/hard\libc.a(lib_a-wsetup.o)
                0x08008690                __swsetup_r
 .text.startup.register_fini
                0x08008764       0x14 c:/mingw/gcc-arm-none-eabi-10.3-2021.10/bin/../lib/gcc/arm-none-eabi/10.3.1/../../../../arm-none-eabi/lib/thumb/v7e-m+fp/hard\libc.a(lib_a-__call_atexit.o)
 .text.atexit   0x08008778        0xc c:/mingw/gcc-arm-none-eabi-10.3-2021.10/bin/../lib/gcc/arm-none-eabi/10.3.1/../../../../arm-none-eabi/lib/thumb/v7e-m+fp/hard\libc.a(lib_a-atexit.o)
                0x08008778                atexit
 .text.quorem   0x08008784      0x128 c:/mingw/gcc-arm-none-eabi-10.3-2021.10/bin/../lib/gcc/arm-none-eabi/10.3.1/../../../../arm-none-eabi/lib/thumb/v7e-m+fp/hard\libc.a(lib_a-dtoa.o)
 *fill*         0x080088ac        0x4 
 .text._dtoa_r  0x080088b0      0xf3c c:/mingw/gcc-arm-none-eabi-10.3-2021.10/bin/../lib/gcc/arm-none-eabi/10.3.1/../../../../arm-none-eabi/lib/thumb/v7e-m+fp/hard\libc.a(lib_a-dtoa.o)
                0x080088b0                _dtoa_r
 .text.__sflush_r
                0x080097ec      0x130 c:/mingw/gcc-arm-none-eabi-10.3-2021.10/bin/../lib/gcc/arm-none-eabi/10.3.1/../../../../arm-none-eabi/lib/thumb/v7e-m+fp/hard\libc.a(lib_a-fflush.o)
                0x080097ec                __sflush_r
 .text._fflush_r
                0x0800991c       0x5c c:/mingw/gcc-arm-none-eabi-10.3-2021.10/bin/../lib/gcc/arm-none-eabi/10.3.1/../../../../arm-none-eabi/lib/thumb/v7e-m+fp/hard\libc.a(lib_a-fflush.o)
                0x0800991c                _fflush_r
 .text._cleanup_r
                0x08009978        0xc c:/mingw/gcc-arm-none-eabi-10.3-2021.10/bin/../lib/gcc/arm-none-eabi/10.3.1/../../../../arm-none-eabi/lib/thumb/v7e-m+fp/hard\libc.a(lib_a-findfp.o)
                0x08009978                _cleanup_r
 .text.__sinit  0x08009984      0x10c c:/mingw/gcc-arm-none-eabi-10.3-2021.10/bin/../lib/gcc/arm-none-eabi/10.3.1/../../../../arm-none-eabi/lib/thumb/v7e-m+fp/hard\libc.a(lib_a-findfp.o)
                0x08009984                __sinit
 .text.__sfp_lock_acquire
                0x08009a90        0xc c:/mingw/gcc-arm-none-eabi-10.3-2021.10/bin/../lib/gcc/arm-none-eabi/10.3.1/../../../../arm-none-eabi/lib/thumb/v7e-m+fp/hard\libc.a(lib_a-findfp.o)
                0x08009a90                __sfp_lock_acquire
 .text.__sfp_lock_release
                0x08009a9c        0xc c:/mingw/gcc-arm-none-eabi-10.3-2021.10/bin/../lib/gcc/arm-none-eabi/10.3.1/../../../../arm-none-eabi/lib/thumb/v7e-m+fp/hard\libc.a(lib_a-findfp.o)
                0x08009a9c                __sfp_lock_release
 .text.__libc_fini_array
                0x08009aa8       0x2c c:/mingw/gcc-arm-none-eabi-10.3-2021.10/bin/../lib/gcc/arm-none-eabi/10.3.1/../../../../arm-none-eabi/lib/thumb/v7e-m+fp/hard\libc.a(lib_a-fini.o)
                0x08009aa8                __libc_fini_array
 .text._malloc_trim_r
                0x08009ad4       0xa0 c:/mingw/gcc-arm-none-eabi-10.3-2021.10/bin/../lib/gcc/arm-none-eabi/10.3.1/../../../../arm-none-eabi/lib/thumb/v7e-m+fp/hard\libc.a(lib_a-freer.o)
                0x08009ad4                _malloc_trim_r
 .text._free_r  0x08009b74      0x20c c:/mingw/gcc-arm-none-eabi-10.3-2021.10/bin/../lib/gcc/arm-none-eabi/10.3.1/../../../../arm-none-eabi/lib/thumb/v7e-m+fp/hard\libc.a(lib_a-freer.o)
                0x08009b74                _free_r
 .text._fwalk_reent
                0x08009d80       0x48 c:/mingw/gcc-arm-none-eabi-10.3-2021.10/bin/../lib/gcc/arm-none-eabi/10.3.1/../../../../arm-none-eabi/lib/thumb/v7e-m+fp/hard\libc.a(lib_a-fwalk.o)
                0x08009d80                _fwalk_reent
 .text._localeconv_r
                0x08009dc8        0x8 c:/mingw/gcc-arm-none-eabi-10.3-2021.10/bin/../lib/gcc/arm-none-eabi/10.3.1/../../../../arm-none-eabi/lib/thumb/v7e-m+fp/hard\libc.a(lib_a-localeconv.o)
                0x08009dc8                _localeconv_r
 .text.__retarget_lock_init_recursive
                0x08009dd0        0x4 c:/mingw/gcc-arm-none-eabi-10.3-2021.10/bin/../lib/gcc/arm-none-eabi/10.3.1/../../../../arm-none-eabi/lib/thumb/v7e-m+fp/hard\libc.a(lib_a-lock.o)
                0x08009dd0                __retarget_lock_init_recursive
 .text.__retarget_lock_close_recursive
                0x08009dd4        0x4 c:/mingw/gcc-arm-none-eabi-10.3-2021.10/bin/../lib/gcc/arm-none-eabi/10.3.1/../../../../arm-none-eabi/lib/thumb/v7e-m+fp/hard\libc.a(lib_a-lock.o)
                0x08009dd4                __retarget_lock_close_recursive
 .text.__retarget_lock_acquire_recursive
                0x08009dd8        0x4 c:/mingw/gcc-arm-none-eabi-10.3-2021.10/bin/../lib/gcc/arm-none-eabi/10.3.1/../../../../arm-none-eabi/lib/thumb/v7e-m+fp/hard\libc.a(lib_a-lock.o)
                0x08009dd8                __retarget_lock_acquire_recursive
 .text.__retarget_lock_release_recursive
                0x08009ddc        0x4 c:/mingw/gcc-arm-none-eabi-10.3-2021.10/bin/../lib/gcc/arm-none-eabi/10.3.1/../../../../arm-none-eabi/lib/thumb/v7e-m+fp/hard\libc.a(lib_a-lock.o)
                0x08009ddc                __retarget_lock_release_recursive
 .text.__smakebuf_r
                0x08009de0       0xe0 c:/mingw/gcc-arm-none-eabi-10.3-2021.10/bin/../lib/gcc/arm-none-eabi/10.3.1/../../../../arm-none-eabi/lib/thumb/v7e-m+fp/hard\libc.a(lib_a-makebuf.o)
                0x08009de0                __smakebuf_r
 .text.__swhatbuf_r
                0x08009ec0       0x60 c:/mingw/gcc-arm-none-eabi-10.3-2021.10/bin/../lib/gcc/arm-none-eabi/10.3.1/../../../../arm-none-eabi/lib/thumb/v7e-m+fp/hard\libc.a(lib_a-makebuf.o)
                0x08009ec0                __swhatbuf_r
 .text.malloc   0x08009f20       0x10 c:/mingw/gcc-arm-none-eabi-10.3-2021.10/bin/../lib/gcc/arm-none-eabi/10.3.1/../../../../arm-none-eabi/lib/thumb/v7e-m+fp/hard\libc.a(lib_a-malloc.o)
                0x08009f20                malloc
 .text._malloc_r
                0x08009f30      0x560 c:/mingw/gcc-arm-none-eabi-10.3-2021.10/bin/../lib/gcc/arm-none-eabi/10.3.1/../../../../arm-none-eabi/lib/thumb/v7e-m+fp/hard\libc.a(lib_a-mallocr.o)
                0x08009f30                _malloc_r
 .text.__malloc_lock
                0x0800a490        0xc c:/mingw/gcc-arm-none-eabi-10.3-2021.10/bin/../lib/gcc/arm-none-eabi/10.3.1/../../../../arm-none-eabi/lib/thumb/v7e-m+fp/hard\libc.a(lib_a-mlock.o)
                0x0800a490                __malloc_lock
 .text.__malloc_unlock
                0x0800a49c        0xc c:/mingw/gcc-arm-none-eabi-10.3-2021.10/bin/../lib/gcc/arm-none-eabi/10.3.1/../../../../arm-none-eabi/lib/thumb/v7e-m+fp/hard\libc.a(lib_a-mlock.o)
                0x0800a49c                __malloc_unlock
 .text._Balloc  0x0800a4a8       0x4c c:/mingw/gcc-arm-none-eabi-10.3-2021.10/bin/../lib/gcc/arm-none-eabi/10.3.1/../../../../arm-none-eabi/lib/thumb/v7e-m+fp/hard\libc.a(lib_a-mprec.o)
                0x0800a4a8                _Balloc
 .text._Bfree   0x0800a4f4       0x14 c:/mingw/gcc-arm-none-eabi-10.3-2021.10/bin/../lib/gcc/arm-none-eabi/10.3.1/../../../../arm-none-eabi/lib/thumb/v7e-m+fp/hard\libc.a(lib_a-mprec.o)
                0x0800a4f4                _Bfree
 .text.__multadd
                0x0800a508       0xa8 c:/mingw/gcc-arm-none-eabi-10.3-2021.10/bin/../lib/gcc/arm-none-eabi/10.3.1/../../../../arm-none-eabi/lib/thumb/v7e-m+fp/hard\libc.a(lib_a-mprec.o)
                0x0800a508                __multadd
 .text.__hi0bits
                0x0800a5b0       0x40 c:/mingw/gcc-arm-none-eabi-10.3-2021.10/bin/../lib/gcc/arm-none-eabi/10.3.1/../../../../arm-none-eabi/lib/thumb/v7e-m+fp/hard\libc.a(lib_a-mprec.o)
                0x0800a5b0                __hi0bits
 .text.__lo0bits
                0x0800a5f0       0x60 c:/mingw/gcc-arm-none-eabi-10.3-2021.10/bin/../lib/gcc/arm-none-eabi/10.3.1/../../../../arm-none-eabi/lib/thumb/v7e-m+fp/hard\libc.a(lib_a-mprec.o)
                0x0800a5f0                __lo0bits
 .text.__i2b    0x0800a650       0x5c c:/mingw/gcc-arm-none-eabi-10.3-2021.10/bin/../lib/gcc/arm-none-eabi/10.3.1/../../../../arm-none-eabi/lib/thumb/v7e-m+fp/hard\libc.a(lib_a-mprec.o)
                0x0800a650                __i2b
 .text.__multiply
                0x0800a6ac      0x15c c:/mingw/gcc-arm-none-eabi-10.3-2021.10/bin/../lib/gcc/arm-none-eabi/10.3.1/../../../../arm-none-eabi/lib/thumb/v7e-m+fp/hard\libc.a(lib_a-mprec.o)
                0x0800a6ac                __multiply
 .text.__pow5mult
                0x0800a808       0xc0 c:/mingw/gcc-arm-none-eabi-10.3-2021.10/bin/../lib/gcc/arm-none-eabi/10.3.1/../../../../arm-none-eabi/lib/thumb/v7e-m+fp/hard\libc.a(lib_a-mprec.o)
                0x0800a808                __pow5mult
 .text.__lshift
                0x0800a8c8       0xf0 c:/mingw/gcc-arm-none-eabi-10.3-2021.10/bin/../lib/gcc/arm-none-eabi/10.3.1/../../../../arm-none-eabi/lib/thumb/v7e-m+fp/hard\libc.a(lib_a-mprec.o)
                0x0800a8c8                __lshift
 .text.__mcmp   0x0800a9b8       0x44 c:/mingw/gcc-arm-none-eabi-10.3-2021.10/bin/../lib/gcc/arm-none-eabi/10.3.1/../../../../arm-none-eabi/lib/thumb/v7e-m+fp/hard\libc.a(lib_a-mprec.o)
                0x0800a9b8                __mcmp
 .text.__mdiff  0x0800a9fc      0x14c c:/mingw/gcc-arm-none-eabi-10.3-2021.10/bin/../lib/gcc/arm-none-eabi/10.3.1/../../../../arm-none-eabi/lib/thumb/v7e-m+fp/hard\libc.a(lib_a-mprec.o)
                0x0800a9fc                __mdiff
 .text.__d2b    0x0800ab48       0xd0 c:/mingw/gcc-arm-none-eabi-10.3-2021.10/bin/../lib/gcc/arm-none-eabi/10.3.1/../../../../arm-none-eabi/lib/thumb/v7e-m+fp/hard\libc.a(lib_a-mprec.o)
                0x0800ab48                __d2b
 .text.frexp    0x0800ac18       0x6c c:/mingw/gcc-arm-none-eabi-10.3-2021.10/bin/../lib/gcc/arm-none-eabi/10.3.1/../../../../arm-none-eabi/lib/thumb/v7e-m+fp/hard\libc.a(lib_a-s_frexp.o)
                0x0800ac18                frexp
 .text._sbrk_r  0x0800ac84       0x24 c:/mingw/gcc-arm-none-eabi-10.3-2021.10/bin/../lib/gcc/arm-none-eabi/10.3.1/../../../../arm-none-eabi/lib/thumb/v7e-m+fp/hard\libc.a(lib_a-sbrkr.o)
                0x0800ac84                _sbrk_r
 .text.__sread  0x0800aca8       0x24 c:/mingw/gcc-arm-none-eabi-10.3-2021.10/bin/../lib/gcc/arm-none-eabi/10.3.1/../../../../arm-none-eabi/lib/thumb/v7e-m+fp/hard\libc.a(lib_a-stdio.o)
                0x0800aca8                __sread
 .text.__swrite
                0x0800accc       0x40 c:/mingw/gcc-arm-none-eabi-10.3-2021.10/bin/../lib/gcc/arm-none-eabi/10.3.1/../../../../arm-none-eabi/lib/thumb/v7e-m+fp/hard\libc.a(lib_a-stdio.o)
                0x0800accc                __swrite
 .text.__sseek  0x0800ad0c       0x20 c:/mingw/gcc-arm-none-eabi-10.3-2021.10/bin/../lib/gcc/arm-none-eabi/10.3.1/../../../../arm-none-eabi/lib/thumb/v7e-m+fp/hard\libc.a(lib_a-stdio.o)
                0x0800ad0c                __sseek
 .text.__sclose
                0x0800ad2c        0x8 c:/mingw/gcc-arm-none-eabi-10.3-2021.10/bin/../lib/gcc/arm-none-eabi/10.3.1/../../../../arm-none-eabi/lib/thumb/v7e-m+fp/hard\libc.a(lib_a-stdio.o)
                0x0800ad2c                __sclose
 .text.strncpy  0x0800ad34       0x64 c:/mingw/gcc-arm-none-eabi-10.3-2021.10/bin/../lib/gcc/arm-none-eabi/10.3.1/../../../../arm-none-eabi/lib/thumb/v7e-m+fp/hard\libc.a(lib_a-strncpy.o)
                0x0800ad34                strncpy
 .text.__ssprint_r
                0x0800ad98       0xf8 c:/mingw/gcc-arm-none-eabi-10.3-2021.10/bin/../lib/gcc/arm-none-eabi/10.3.1/../../../../arm-none-eabi/lib/thumb/v7e-m+fp/hard\libc.a(lib_a-svfiprintf.o)
                0x0800ad98                __ssprint_r
 .text.__sprint_r.part.0
                0x0800ae90       0x78 c:/mingw/gcc-arm-none-eabi-10.3-2021.10/bin/../lib/gcc/arm-none-eabi/10.3.1/../../../../arm-none-eabi/lib/thumb/v7e-m+fp/hard\libc.a(lib_a-vfiprintf.o)
 .text.__sprint_r
                0x0800af08       0x18 c:/mingw/gcc-arm-none-eabi-10.3-2021.10/bin/../lib/gcc/arm-none-eabi/10.3.1/../../../../arm-none-eabi/lib/thumb/v7e-m+fp/hard\libc.a(lib_a-vfiprintf.o)
                0x0800af08                __sprint_r
 .text._vfiprintf_r
                0x0800af20      0xdfc c:/mingw/gcc-arm-none-eabi-10.3-2021.10/bin/../lib/gcc/arm-none-eabi/10.3.1/../../../../arm-none-eabi/lib/thumb/v7e-m+fp/hard\libc.a(lib_a-vfiprintf.o)
                0x0800af20                _vfiprintf_r
 .text.__sbprintf
                0x0800bd1c       0x80 c:/mingw/gcc-arm-none-eabi-10.3-2021.10/bin/../lib/gcc/arm-none-eabi/10.3.1/../../../../arm-none-eabi/lib/thumb/v7e-m+fp/hard\libc.a(lib_a-vfiprintf.o)
 .text._write_r
                0x0800bd9c       0x2c c:/mingw/gcc-arm-none-eabi-10.3-2021.10/bin/../lib/gcc/arm-none-eabi/10.3.1/../../../../arm-none-eabi/lib/thumb/v7e-m+fp/hard\libc.a(lib_a-writer.o)
                0x0800bd9c                _write_r
 .text.__register_exitproc
                0x0800bdc8       0x8c c:/mingw/gcc-arm-none-eabi-10.3-2021.10/bin/../lib/gcc/arm-none-eabi/10.3.1/../../../../arm-none-eabi/lib/thumb/v7e-m+fp/hard\libc.a(lib_a-__atexit.o)
                0x0800bdc8                __register_exitproc
 .text.__assert_func
                0x0800be54       0x40 c:/mingw/gcc-arm-none-eabi-10.3-2021.10/bin/../lib/gcc/arm-none-eabi/10.3.1/../../../../arm-none-eabi/lib/thumb/v7e-m+fp/hard\libc.a(lib_a-assert.o)
                0x0800be54                __assert_func
 .text._calloc_r
                0x0800be94       0x78 c:/mingw/gcc-arm-none-eabi-10.3-2021.10/bin/../lib/gcc/arm-none-eabi/10.3.1/../../../../arm-none-eabi/lib/thumb/v7e-m+fp/hard\libc.a(lib_a-callocr.o)
                0x0800be94                _calloc_r
 .text._close_r
                0x0800bf0c       0x24 c:/mingw/gcc-arm-none-eabi-10.3-2021.10/bin/../lib/gcc/arm-none-eabi/10.3.1/../../../../arm-none-eabi/lib/thumb/v7e-m+fp/hard\libc.a(lib_a-closer.o)
                0x0800bf0c                _close_r
 .text._fclose_r
                0x0800bf30       0xcc c:/mingw/gcc-arm-none-eabi-10.3-2021.10/bin/../lib/gcc/arm-none-eabi/10.3.1/../../../../arm-none-eabi/lib/thumb/v7e-m+fp/hard\libc.a(lib_a-fclose.o)
                0x0800bf30                _fclose_r
 .text.fiprintf
                0x0800bffc       0x28 c:/mingw/gcc-arm-none-eabi-10.3-2021.10/bin/../lib/gcc/arm-none-eabi/10.3.1/../../../../arm-none-eabi/lib/thumb/v7e-m+fp/hard\libc.a(lib_a-fiprintf.o)
                0x0800bffc                fiprintf
 .text.__fputwc
                0x0800c024       0xa8 c:/mingw/gcc-arm-none-eabi-10.3-2021.10/bin/../lib/gcc/arm-none-eabi/10.3.1/../../../../arm-none-eabi/lib/thumb/v7e-m+fp/hard\libc.a(lib_a-fputwc.o)
                0x0800c024                __fputwc
 .text._fputwc_r
                0x0800c0cc       0x68 c:/mingw/gcc-arm-none-eabi-10.3-2021.10/bin/../lib/gcc/arm-none-eabi/10.3.1/../../../../arm-none-eabi/lib/thumb/v7e-m+fp/hard\libc.a(lib_a-fputwc.o)
                0x0800c0cc                _fputwc_r
 .text._fstat_r
                0x0800c134       0x2c c:/mingw/gcc-arm-none-eabi-10.3-2021.10/bin/../lib/gcc/arm-none-eabi/10.3.1/../../../../arm-none-eabi/lib/thumb/v7e-m+fp/hard\libc.a(lib_a-fstatr.o)
                0x0800c134                _fstat_r
 .text.__sfvwrite_r
                0x0800c160      0x2f0 c:/mingw/gcc-arm-none-eabi-10.3-2021.10/bin/../lib/gcc/arm-none-eabi/10.3.1/../../../../arm-none-eabi/lib/thumb/v7e-m+fp/hard\libc.a(lib_a-fvwrite.o)
                0x0800c160                __sfvwrite_r
 .text._isatty_r
                0x0800c450       0x24 c:/mingw/gcc-arm-none-eabi-10.3-2021.10/bin/../lib/gcc/arm-none-eabi/10.3.1/../../../../arm-none-eabi/lib/thumb/v7e-m+fp/hard\libc.a(lib_a-isattyr.o)
                0x0800c450                _isatty_r
 .text.__locale_mb_cur_max
                0x0800c474        0xc c:/mingw/gcc-arm-none-eabi-10.3-2021.10/bin/../lib/gcc/arm-none-eabi/10.3.1/../../../../arm-none-eabi/lib/thumb/v7e-m+fp/hard\libc.a(lib_a-locale.o)
                0x0800c474                __locale_mb_cur_max
 .text._lseek_r
                0x0800c480       0x2c c:/mingw/gcc-arm-none-eabi-10.3-2021.10/bin/../lib/gcc/arm-none-eabi/10.3.1/../../../../arm-none-eabi/lib/thumb/v7e-m+fp/hard\libc.a(lib_a-lseekr.o)
                0x0800c480                _lseek_r
 .text.__ascii_mbtowc
                0x0800c4ac       0x2c c:/mingw/gcc-arm-none-eabi-10.3-2021.10/bin/../lib/gcc/arm-none-eabi/10.3.1/../../../../arm-none-eabi/lib/thumb/v7e-m+fp/hard\libc.a(lib_a-mbtowc_r.o)
                0x0800c4ac                __ascii_mbtowc
 .text.memmove  0x0800c4d8       0xf8 c:/mingw/gcc-arm-none-eabi-10.3-2021.10/bin/../lib/gcc/arm-none-eabi/10.3.1/../../../../arm-none-eabi/lib/thumb/v7e-m+fp/hard\libc.a(lib_a-memmove.o)
                0x0800c4d8                memmove
 .text._read_r  0x0800c5d0       0x2c c:/mingw/gcc-arm-none-eabi-10.3-2021.10/bin/../lib/gcc/arm-none-eabi/10.3.1/../../../../arm-none-eabi/lib/thumb/v7e-m+fp/hard\libc.a(lib_a-readr.o)
                0x0800c5d0                _read_r
 .text._realloc_r
                0x0800c5fc      0x3d8 c:/mingw/gcc-arm-none-eabi-10.3-2021.10/bin/../lib/gcc/arm-none-eabi/10.3.1/../../../../arm-none-eabi/lib/thumb/v7e-m+fp/hard\libc.a(lib_a-reallocr.o)
                0x0800c5fc                _realloc_r
 .text.__swbuf_r
                0x0800c9d4       0xb0 c:/mingw/gcc-arm-none-eabi-10.3-2021.10/bin/../lib/gcc/arm-none-eabi/10.3.1/../../../../arm-none-eabi/lib/thumb/v7e-m+fp/hard\libc.a(lib_a-wbuf.o)
                0x0800c9d4                __swbuf_r
 .text._wcrtomb_r
                0x0800ca84       0x3c c:/mingw/gcc-arm-none-eabi-10.3-2021.10/bin/../lib/gcc/arm-none-eabi/10.3.1/../../../../arm-none-eabi/lib/thumb/v7e-m+fp/hard\libc.a(lib_a-wcrtomb.o)
                0x0800ca84                _wcrtomb_r
 .text.__ascii_wctomb
                0x0800cac0       0x1c c:/mingw/gcc-arm-none-eabi-10.3-2021.10/bin/../lib/gcc/arm-none-eabi/10.3.1/../../../../arm-none-eabi/lib/thumb/v7e-m+fp/hard\libc.a(lib_a-wctomb_r.o)
                0x0800cac0                __ascii_wctomb
 .text.abort    0x0800cadc       0x10 c:/mingw/gcc-arm-none-eabi-10.3-2021.10/bin/../lib/gcc/arm-none-eabi/10.3.1/../../../../arm-none-eabi/lib/thumb/v7e-m+fp/hard\libc.a(lib_a-abort.o)
                0x0800cadc                abort
 .text.raise    0x0800caec       0x5c c:/mingw/gcc-arm-none-eabi-10.3-2021.10/bin/../lib/gcc/arm-none-eabi/10.3.1/../../../../arm-none-eabi/lib/thumb/v7e-m+fp/hard\libc.a(lib_a-signal.o)
                0x0800caec                raise
 .text._kill_r  0x0800cb48       0x2c c:/mingw/gcc-arm-none-eabi-10.3-2021.10/bin/../lib/gcc/arm-none-eabi/10.3.1/../../../../arm-none-eabi/lib/thumb/v7e-m+fp/hard\libc.a(lib_a-signalr.o)
                0x0800cb48                _kill_r
 .text._getpid_r
                0x0800cb74        0x4 c:/mingw/gcc-arm-none-eabi-10.3-2021.10/bin/../lib/gcc/arm-none-eabi/10.3.1/../../../../arm-none-eabi/lib/thumb/v7e-m+fp/hard\libc.a(lib_a-signalr.o)
                0x0800cb74                _getpid_r
 .text.round    0x0800cb78       0xa0 c:/mingw/gcc-arm-none-eabi-10.3-2021.10/bin/../lib/gcc/arm-none-eabi/10.3.1/../../../../arm-none-eabi/lib/thumb/v7e-m+fp/hard\libm.a(lib_a-s_round.o)
                0x0800cb78                round
 .text.sinf     0x0800cc18       0x74 c:/mingw/gcc-arm-none-eabi-10.3-2021.10/bin/../lib/gcc/arm-none-eabi/10.3.1/../../../../arm-none-eabi/lib/thumb/v7e-m+fp/hard\libm.a(lib_a-sf_sin.o)
                0x0800cc18                sinf
 .text.__ieee754_rem_pio2f
                0x0800cc8c      0x264 c:/mingw/gcc-arm-none-eabi-10.3-2021.10/bin/../lib/gcc/arm-none-eabi/10.3.1/../../../../arm-none-eabi/lib/thumb/v7e-m+fp/hard\libm.a(lib_a-ef_rem_pio2.o)
                0x0800cc8c                __ieee754_rem_pio2f
 .text.__kernel_cosf
                0x0800cef0      0x104 c:/mingw/gcc-arm-none-eabi-10.3-2021.10/bin/../lib/gcc/arm-none-eabi/10.3.1/../../../../arm-none-eabi/lib/thumb/v7e-m+fp/hard\libm.a(lib_a-kf_cos.o)
                0x0800cef0                __kernel_cosf
 .text.__kernel_rem_pio2f
                0x0800cff4      0x674 c:/mingw/gcc-arm-none-eabi-10.3-2021.10/bin/../lib/gcc/arm-none-eabi/10.3.1/../../../../arm-none-eabi/lib/thumb/v7e-m+fp/hard\libm.a(lib_a-kf_rem_pio2.o)
                0x0800cff4                __kernel_rem_pio2f
 .text.__kernel_sinf
                0x0800d668       0x90 c:/mingw/gcc-arm-none-eabi-10.3-2021.10/bin/../lib/gcc/arm-none-eabi/10.3.1/../../../../arm-none-eabi/lib/thumb/v7e-m+fp/hard\libm.a(lib_a-kf_sin.o)
                0x0800d668                __kernel_sinf
 .text.fabsf    0x0800d6f8       0x10 c:/mingw/gcc-arm-none-eabi-10.3-2021.10/bin/../lib/gcc/arm-none-eabi/10.3.1/../../../../arm-none-eabi/lib/thumb/v7e-m+fp/hard\libm.a(lib_a-sf_fabs.o)
                0x0800d6f8                fabsf
 .text.floorf   0x0800d708       0x8c c:/mingw/gcc-arm-none-eabi-10.3-2021.10/bin/../lib/gcc/arm-none-eabi/10.3.1/../../../../arm-none-eabi/lib/thumb/v7e-m+fp/hard\libm.a(lib_a-sf_floor.o)
                0x0800d708                floorf
 .text.scalbnf  0x0800d794       0xe4 c:/mingw/gcc-arm-none-eabi-10.3-2021.10/bin/../lib/gcc/arm-none-eabi/10.3.1/../../../../arm-none-eabi/lib/thumb/v7e-m+fp/hard\libm.a(lib_a-sf_scalbn.o)
                0x0800d794                scalbnf
 *(.glue_7)
 .glue_7        0x0800d878        0x0 linker stubs
 *(.glue_7t)
 .glue_7t       0x0800d878        0x0 linker stubs
 *(.eh_frame)
 .eh_frame      0x0800d878        0x0 c:/mingw/gcc-arm-none-eabi-10.3-2021.10/bin/../lib/gcc/arm-none-eabi/10.3.1/thumb/v7e-m+fp/hard/crtbegin.o
 *(.init)
 .init          0x0800d878        0x4 c:/mingw/gcc-arm-none-eabi-10.3-2021.10/bin/../lib/gcc/arm-none-eabi/10.3.1/thumb/v7e-m+fp/hard/crti.o
                0x0800d878                _init
 .init          0x0800d87c        0x8 c:/mingw/gcc-arm-none-eabi-10.3-2021.10/bin/../lib/gcc/arm-none-eabi/10.3.1/thumb/v7e-m+fp/hard/crtn.o
 *(.fini)
 .fini          0x0800d884        0x4 c:/mingw/gcc-arm-none-eabi-10.3-2021.10/bin/../lib/gcc/arm-none-eabi/10.3.1/thumb/v7e-m+fp/hard/crti.o
                0x0800d884                _fini
 .fini          0x0800d888        0x8 c:/mingw/gcc-arm-none-eabi-10.3-2021.10/bin/../lib/gcc/arm-none-eabi/10.3.1/thumb/v7e-m+fp/hard/crtn.o
                0x0800d890                . = ALIGN (0x4)
                0x0800d890                _etext = .

.vfp11_veneer   0x0800d890        0x0
 .vfp11_veneer  0x0800d890        0x0 linker stubs

.v4_bx          0x0800d890        0x0
 .v4_bx         0x0800d890        0x0 linker stubs

.iplt           0x0800d890        0x0
 .iplt          0x0800d890        0x0 c:/mingw/gcc-arm-none-eabi-10.3-2021.10/bin/../lib/gcc/arm-none-eabi/10.3.1/thumb/v7e-m+fp/hard/crtbegin.o

.rodata         0x0800d890     0x2038
                0x0800d890                . = ALIGN (0x4)
 *(.rodata)
 *(.rodata*)
 .rodata.main.str1.4
                0x0800d890       0x66 CMakeFiles/HELLOWORLD.elf.dir/Core/Src/main.c.obj
 *fill*         0x0800d8f6        0x2 
 .rodata.AHBPrescTable
                0x0800d8f8       0x10 CMakeFiles/HELLOWORLD.elf.dir/Core/Src/system_stm32f4xx.c.obj
                0x0800d8f8                AHBPrescTable
 .rodata.APBPrescTable
                0x0800d908        0x8 CMakeFiles/HELLOWORLD.elf.dir/Core/Src/system_stm32f4xx.c.obj
                0x0800d908                APBPrescTable
 .rodata.flagBitshiftOffset.0
                0x0800d910        0x8 CMakeFiles/HELLOWORLD.elf.dir/Drivers/STM32F4xx_HAL_Driver/Src/stm32f4xx_hal_dma.c.obj
 .rodata.oled_asc2_1206
                0x0800d918      0x474 CMakeFiles/HELLOWORLD.elf.dir/HardWare/oled/oledlib.c.obj
                0x0800d918                oled_asc2_1206
 .rodata.oled_asc2_1608
                0x0800dd8c      0x5f0 CMakeFiles/HELLOWORLD.elf.dir/HardWare/oled/oledlib.c.obj
                0x0800dd8c                oled_asc2_1608
 .rodata.oled_asc2_2412
                0x0800e37c      0xd5c CMakeFiles/HELLOWORLD.elf.dir/HardWare/oled/oledlib.c.obj
                0x0800e37c                oled_asc2_2412
 .rodata._global_impure_ptr
                0x0800f0d8        0x4 c:/mingw/gcc-arm-none-eabi-10.3-2021.10/bin/../lib/gcc/arm-none-eabi/10.3.1/../../../../arm-none-eabi/lib/thumb/v7e-m+fp/hard\libc.a(lib_a-impure.o)
                0x0800f0d8                _global_impure_ptr
 .rodata._svfprintf_r.str1.4
                0x0800f0dc       0x42 c:/mingw/gcc-arm-none-eabi-10.3-2021.10/bin/../lib/gcc/arm-none-eabi/10.3.1/../../../../arm-none-eabi/lib/thumb/v7e-m+fp/hard\libc.a(lib_a-svfprintf.o)
 *fill*         0x0800f11e        0x2 
 .rodata.blanks.1
                0x0800f120       0x10 c:/mingw/gcc-arm-none-eabi-10.3-2021.10/bin/../lib/gcc/arm-none-eabi/10.3.1/../../../../arm-none-eabi/lib/thumb/v7e-m+fp/hard\libc.a(lib_a-svfprintf.o)
 .rodata.zeroes.0
                0x0800f130       0x10 c:/mingw/gcc-arm-none-eabi-10.3-2021.10/bin/../lib/gcc/arm-none-eabi/10.3.1/../../../../arm-none-eabi/lib/thumb/v7e-m+fp/hard\libc.a(lib_a-svfprintf.o)
 .rodata._vfprintf_r.str1.4
                0x0800f140       0x42 c:/mingw/gcc-arm-none-eabi-10.3-2021.10/bin/../lib/gcc/arm-none-eabi/10.3.1/../../../../arm-none-eabi/lib/thumb/v7e-m+fp/hard\libc.a(lib_a-vfprintf.o)
 .rodata.blanks.1
                0x0800f140       0x10 c:/mingw/gcc-arm-none-eabi-10.3-2021.10/bin/../lib/gcc/arm-none-eabi/10.3.1/../../../../arm-none-eabi/lib/thumb/v7e-m+fp/hard\libc.a(lib_a-vfprintf.o)
 .rodata.zeroes.0
                0x0800f150       0x10 c:/mingw/gcc-arm-none-eabi-10.3-2021.10/bin/../lib/gcc/arm-none-eabi/10.3.1/../../../../arm-none-eabi/lib/thumb/v7e-m+fp/hard\libc.a(lib_a-vfprintf.o)
 .rodata._dtoa_r.str1.4
                0x0800f160       0xa2 c:/mingw/gcc-arm-none-eabi-10.3-2021.10/bin/../lib/gcc/arm-none-eabi/10.3.1/../../../../arm-none-eabi/lib/thumb/v7e-m+fp/hard\libc.a(lib_a-dtoa.o)
                                 0xa6 (size before relaxing)
 *fill*         0x0800f202        0x2 
 .rodata.__multadd.str1.4
                0x0800f204       0x7f c:/mingw/gcc-arm-none-eabi-10.3-2021.10/bin/../lib/gcc/arm-none-eabi/10.3.1/../../../../arm-none-eabi/lib/thumb/v7e-m+fp/hard\libc.a(lib_a-mprec.o)
                                 0x93 (size before relaxing)
 *fill*         0x0800f283        0x5 
 .rodata.__mprec_bigtens
                0x0800f288       0x28 c:/mingw/gcc-arm-none-eabi-10.3-2021.10/bin/../lib/gcc/arm-none-eabi/10.3.1/../../../../arm-none-eabi/lib/thumb/v7e-m+fp/hard\libc.a(lib_a-mprec.o)
                0x0800f288                __mprec_bigtens
 .rodata.__mprec_tens
                0x0800f2b0       0xc8 c:/mingw/gcc-arm-none-eabi-10.3-2021.10/bin/../lib/gcc/arm-none-eabi/10.3.1/../../../../arm-none-eabi/lib/thumb/v7e-m+fp/hard\libc.a(lib_a-mprec.o)
                0x0800f2b0                __mprec_tens
 .rodata.p05.0  0x0800f378        0xc c:/mingw/gcc-arm-none-eabi-10.3-2021.10/bin/../lib/gcc/arm-none-eabi/10.3.1/../../../../arm-none-eabi/lib/thumb/v7e-m+fp/hard\libc.a(lib_a-mprec.o)
 .rodata._vfiprintf_r.str1.4
                0x0800f384       0x2f c:/mingw/gcc-arm-none-eabi-10.3-2021.10/bin/../lib/gcc/arm-none-eabi/10.3.1/../../../../arm-none-eabi/lib/thumb/v7e-m+fp/hard\libc.a(lib_a-vfiprintf.o)
 .rodata.blanks.1
                0x0800f384       0x10 c:/mingw/gcc-arm-none-eabi-10.3-2021.10/bin/../lib/gcc/arm-none-eabi/10.3.1/../../../../arm-none-eabi/lib/thumb/v7e-m+fp/hard\libc.a(lib_a-vfiprintf.o)
 .rodata.zeroes.0
                0x0800f394       0x10 c:/mingw/gcc-arm-none-eabi-10.3-2021.10/bin/../lib/gcc/arm-none-eabi/10.3.1/../../../../arm-none-eabi/lib/thumb/v7e-m+fp/hard\libc.a(lib_a-vfiprintf.o)
 .rodata.__assert_func.str1.4
                0x0800f3a4       0x3f c:/mingw/gcc-arm-none-eabi-10.3-2021.10/bin/../lib/gcc/arm-none-eabi/10.3.1/../../../../arm-none-eabi/lib/thumb/v7e-m+fp/hard\libc.a(lib_a-assert.o)
                                 0x43 (size before relaxing)
 *fill*         0x0800f3e3        0x1 
 .rodata._setlocale_r.str1.4
                0x0800f3e4        0xa c:/mingw/gcc-arm-none-eabi-10.3-2021.10/bin/../lib/gcc/arm-none-eabi/10.3.1/../../../../arm-none-eabi/lib/thumb/v7e-m+fp/hard\libc.a(lib_a-locale.o)
                                  0xd (size before relaxing)
 *fill*         0x0800f3ee        0x2 
 .rodata.str1.4
                0x0800f3f0        0x2 c:/mingw/gcc-arm-none-eabi-10.3-2021.10/bin/../lib/gcc/arm-none-eabi/10.3.1/../../../../arm-none-eabi/lib/thumb/v7e-m+fp/hard\libc.a(lib_a-locale.o)
 *fill*         0x0800f3f2        0x2 
 .rodata._ctype_
                0x0800f3f4      0x101 c:/mingw/gcc-arm-none-eabi-10.3-2021.10/bin/../lib/gcc/arm-none-eabi/10.3.1/../../../../arm-none-eabi/lib/thumb/v7e-m+fp/hard\libc.a(lib_a-ctype_.o)
                0x0800f3f4                _ctype_
 *fill*         0x0800f4f5        0x3 
 .rodata.npio2_hw
                0x0800f4f8       0x80 c:/mingw/gcc-arm-none-eabi-10.3-2021.10/bin/../lib/gcc/arm-none-eabi/10.3.1/../../../../arm-none-eabi/lib/thumb/v7e-m+fp/hard\libm.a(lib_a-ef_rem_pio2.o)
 .rodata.two_over_pi
                0x0800f578      0x318 c:/mingw/gcc-arm-none-eabi-10.3-2021.10/bin/../lib/gcc/arm-none-eabi/10.3.1/../../../../arm-none-eabi/lib/thumb/v7e-m+fp/hard\libm.a(lib_a-ef_rem_pio2.o)
 .rodata.PIo2   0x0800f890       0x2c c:/mingw/gcc-arm-none-eabi-10.3-2021.10/bin/../lib/gcc/arm-none-eabi/10.3.1/../../../../arm-none-eabi/lib/thumb/v7e-m+fp/hard\libm.a(lib_a-kf_rem_pio2.o)
 .rodata.init_jk
                0x0800f8bc        0xc c:/mingw/gcc-arm-none-eabi-10.3-2021.10/bin/../lib/gcc/arm-none-eabi/10.3.1/../../../../arm-none-eabi/lib/thumb/v7e-m+fp/hard\libm.a(lib_a-kf_rem_pio2.o)
                0x0800f8c8                . = ALIGN (0x4)

.ARM.extab
 *(.ARM.extab* .gnu.linkonce.armextab.*)

.ARM            0x0800f8c8        0x8
                0x0800f8c8                __exidx_start = .
 *(.ARM.exidx*)
 .ARM.exidx     0x0800f8c8        0x8 c:/mingw/gcc-arm-none-eabi-10.3-2021.10/bin/../lib/gcc/arm-none-eabi/10.3.1/thumb/v7e-m+fp/hard\libgcc.a(_udivmoddi4.o)
                0x0800f8d0                __exidx_end = .

.rel.dyn        0x0800f8d0        0x0
 .rel.iplt      0x0800f8d0        0x0 c:/mingw/gcc-arm-none-eabi-10.3-2021.10/bin/../lib/gcc/arm-none-eabi/10.3.1/thumb/v7e-m+fp/hard/crtbegin.o

.preinit_array  0x0800f8d0        0x0
                0x0800f8d0                PROVIDE (__preinit_array_start = .)
 *(.preinit_array*)
                0x0800f8d0                PROVIDE (__preinit_array_end = .)

.init_array     0x0800f8d0        0x8
                0x0800f8d0                PROVIDE (__init_array_start = .)
 *(SORT_BY_NAME(.init_array.*))
 .init_array.00000
                0x0800f8d0        0x4 c:/mingw/gcc-arm-none-eabi-10.3-2021.10/bin/../lib/gcc/arm-none-eabi/10.3.1/../../../../arm-none-eabi/lib/thumb/v7e-m+fp/hard\libc.a(lib_a-__call_atexit.o)
 *(.init_array*)
 .init_array    0x0800f8d4        0x4 c:/mingw/gcc-arm-none-eabi-10.3-2021.10/bin/../lib/gcc/arm-none-eabi/10.3.1/thumb/v7e-m+fp/hard/crtbegin.o
                0x0800f8d8                PROVIDE (__init_array_end = .)

.fini_array     0x0800f8d8        0x4
                0x0800f8d8                PROVIDE (__fini_array_start = .)
 *(SORT_BY_NAME(.fini_array.*))
 *(.fini_array*)
 .fini_array    0x0800f8d8        0x4 c:/mingw/gcc-arm-none-eabi-10.3-2021.10/bin/../lib/gcc/arm-none-eabi/10.3.1/thumb/v7e-m+fp/hard/crtbegin.o
                0x0800f8dc                PROVIDE (__fini_array_end = .)
                0x0800f8dc                _sidata = LOADADDR (.data)

.data           0x20000000      0x9f8 load address 0x0800f8dc
                0x20000000                . = ALIGN (0x4)
                0x20000000                _sdata = .
 *(.data)
 *(.data*)
 .data.SystemCoreClock
                0x20000000        0x4 CMakeFiles/HELLOWORLD.elf.dir/Core/Src/system_stm32f4xx.c.obj
                0x20000000                SystemCoreClock
 .data.uwTickFreq
                0x20000004        0x1 CMakeFiles/HELLOWORLD.elf.dir/Drivers/STM32F4xx_HAL_Driver/Src/stm32f4xx_hal.c.obj
                0x20000004                uwTickFreq
 *fill*         0x20000005        0x3 
 .data.uwTickPrio
                0x20000008        0x4 CMakeFiles/HELLOWORLD.elf.dir/Drivers/STM32F4xx_HAL_Driver/Src/stm32f4xx_hal.c.obj
                0x20000008                uwTickPrio
 .data.column_pins
                0x2000000c        0x8 CMakeFiles/HELLOWORLD.elf.dir/HardWare/key/key.c.obj
                0x2000000c                column_pins
 .data.column_ports
                0x20000014       0x10 CMakeFiles/HELLOWORLD.elf.dir/HardWare/key/key.c.obj
                0x20000014                column_ports
 .data.keypad   0x20000024       0x10 CMakeFiles/HELLOWORLD.elf.dir/HardWare/key/key.c.obj
                0x20000024                keypad
 .data.row_pins
                0x20000034        0x4 CMakeFiles/HELLOWORLD.elf.dir/HardWare/key/key.c.obj
                0x20000034                row_pins
 .data.row_ports
                0x20000038       0x10 CMakeFiles/HELLOWORLD.elf.dir/HardWare/key/key.c.obj
                0x20000038                row_ports
 .data._impure_ptr
                0x20000048        0x4 c:/mingw/gcc-arm-none-eabi-10.3-2021.10/bin/../lib/gcc/arm-none-eabi/10.3.1/../../../../arm-none-eabi/lib/thumb/v7e-m+fp/hard\libc.a(lib_a-impure.o)
                0x20000048                _impure_ptr
 *fill*         0x2000004c        0x4 
 .data.impure_data
                0x20000050      0x428 c:/mingw/gcc-arm-none-eabi-10.3-2021.10/bin/../lib/gcc/arm-none-eabi/10.3.1/../../../../arm-none-eabi/lib/thumb/v7e-m+fp/hard\libc.a(lib_a-impure.o)
 .data.__atexit_recursive_mutex
                0x20000478        0x4 c:/mingw/gcc-arm-none-eabi-10.3-2021.10/bin/../lib/gcc/arm-none-eabi/10.3.1/../../../../arm-none-eabi/lib/thumb/v7e-m+fp/hard\libc.a(lib_a-__call_atexit.o)
                0x20000478                __atexit_recursive_mutex
 .data.__malloc_av_
                0x2000047c      0x408 c:/mingw/gcc-arm-none-eabi-10.3-2021.10/bin/../lib/gcc/arm-none-eabi/10.3.1/../../../../arm-none-eabi/lib/thumb/v7e-m+fp/hard\libc.a(lib_a-mallocr.o)
                0x2000047c                __malloc_av_
 .data.__malloc_sbrk_base
                0x20000884        0x4 c:/mingw/gcc-arm-none-eabi-10.3-2021.10/bin/../lib/gcc/arm-none-eabi/10.3.1/../../../../arm-none-eabi/lib/thumb/v7e-m+fp/hard\libc.a(lib_a-mallocr.o)
                0x20000884                __malloc_sbrk_base
 .data.__malloc_trim_threshold
                0x20000888        0x4 c:/mingw/gcc-arm-none-eabi-10.3-2021.10/bin/../lib/gcc/arm-none-eabi/10.3.1/../../../../arm-none-eabi/lib/thumb/v7e-m+fp/hard\libc.a(lib_a-mallocr.o)
                0x20000888                __malloc_trim_threshold
 .data.__global_locale
                0x2000088c      0x16c c:/mingw/gcc-arm-none-eabi-10.3-2021.10/bin/../lib/gcc/arm-none-eabi/10.3.1/../../../../arm-none-eabi/lib/thumb/v7e-m+fp/hard\libc.a(lib_a-locale.o)
                0x2000088c                __global_locale
                0x200009f8                . = ALIGN (0x4)
                0x200009f8                _edata = .
                0x080102d4                _siccmram = LOADADDR (.ccmram)

.igot.plt       0x200009f8        0x0 load address 0x080102d4
 .igot.plt      0x200009f8        0x0 c:/mingw/gcc-arm-none-eabi-10.3-2021.10/bin/../lib/gcc/arm-none-eabi/10.3.1/thumb/v7e-m+fp/hard/crtbegin.o

.ccmram         0x10000000        0x0 load address 0x080102d4
                0x10000000                . = ALIGN (0x4)
                0x10000000                _sccmram = .
 *(.ccmram)
 *(.ccmram*)
                0x10000000                . = ALIGN (0x4)
                0x10000000                _eccmram = .
                0x10000000                . = ALIGN (0x4)

.bss            0x200009f8      0xad4
                0x200009f8                _sbss = .
                0x200009f8                __bss_start__ = _sbss
 *(.bss)
 .bss           0x200009f8       0x1c c:/mingw/gcc-arm-none-eabi-10.3-2021.10/bin/../lib/gcc/arm-none-eabi/10.3.1/thumb/v7e-m+fp/hard/crtbegin.o
 *(.bss*)
 .bss.hadc1     0x20000a14       0x48 CMakeFiles/HELLOWORLD.elf.dir/Core/Src/adc.c.obj
                0x20000a14                hadc1
 .bss.hdma_adc1
                0x20000a5c       0x60 CMakeFiles/HELLOWORLD.elf.dir/Core/Src/adc.c.obj
                0x20000a5c                hdma_adc1
 .bss.hdac      0x20000abc       0x14 CMakeFiles/HELLOWORLD.elf.dir/Core/Src/dac.c.obj
                0x20000abc                hdac
 .bss.hdma_dac1
                0x20000ad0       0x60 CMakeFiles/HELLOWORLD.elf.dir/Core/Src/dac.c.obj
                0x20000ad0                hdma_dac1
 .bss.hdma_dac2
                0x20000b30       0x60 CMakeFiles/HELLOWORLD.elf.dir/Core/Src/dac.c.obj
                0x20000b30                hdma_dac2
 .bss.my_dac2   0x20000b90        0x4 CMakeFiles/HELLOWORLD.elf.dir/Core/Src/main.c.obj
                0x20000b90                my_dac2
 .bss.heap_end.0
                0x20000b94        0x4 CMakeFiles/HELLOWORLD.elf.dir/Core/Src/syscalls.c.obj
 .bss.htim1     0x20000b98       0x48 CMakeFiles/HELLOWORLD.elf.dir/Core/Src/tim.c.obj
                0x20000b98                htim1
 .bss.htim10    0x20000be0       0x48 CMakeFiles/HELLOWORLD.elf.dir/Core/Src/tim.c.obj
                0x20000be0                htim10
 .bss.htim2     0x20000c28       0x48 CMakeFiles/HELLOWORLD.elf.dir/Core/Src/tim.c.obj
                0x20000c28                htim2
 .bss.htim3     0x20000c70       0x48 CMakeFiles/HELLOWORLD.elf.dir/Core/Src/tim.c.obj
                0x20000c70                htim3
 .bss.htim4     0x20000cb8       0x48 CMakeFiles/HELLOWORLD.elf.dir/Core/Src/tim.c.obj
                0x20000cb8                htim4
 .bss.htim8     0x20000d00       0x48 CMakeFiles/HELLOWORLD.elf.dir/Core/Src/tim.c.obj
                0x20000d00                htim8
 .bss.huart1    0x20000d48       0x44 CMakeFiles/HELLOWORLD.elf.dir/Core/Src/usart.c.obj
                0x20000d48                huart1
 .bss.huart3    0x20000d8c       0x44 CMakeFiles/HELLOWORLD.elf.dir/Core/Src/usart.c.obj
                0x20000d8c                huart3
 .bss.uwTick    0x20000dd0        0x4 CMakeFiles/HELLOWORLD.elf.dir/Drivers/STM32F4xx_HAL_Driver/Src/stm32f4xx_hal.c.obj
                0x20000dd0                uwTick
 .bss.OLED_GRAM
                0x20000dd4      0x400 CMakeFiles/HELLOWORLD.elf.dir/HardWare/oled/oled.c.obj
                0x20000dd4                OLED_GRAM
 .bss.oled_painter
                0x200011d4        0x2 CMakeFiles/HELLOWORLD.elf.dir/HardWare/oled/oled.c.obj
                0x200011d4                oled_painter
 *fill*         0x200011d6        0x2 
 .bss.__channel
                0x200011d8        0x4 CMakeFiles/HELLOWORLD.elf.dir/SignalProcess/SignalProcess.c.obj
                0x200011d8                __channel
 .bss.buf1      0x200011dc      0x150 CMakeFiles/HELLOWORLD.elf.dir/SignalProcess/SignalProcess.c.obj
                0x200011dc                buf1
 .bss.buf2      0x2000132c      0x150 CMakeFiles/HELLOWORLD.elf.dir/SignalProcess/SignalProcess.c.obj
                0x2000132c                buf2
 .bss.fac_us    0x2000147c        0x4 CMakeFiles/HELLOWORLD.elf.dir/System/delay/delay.c.obj
 .bss.gHuart    0x20001480        0x4 CMakeFiles/HELLOWORLD.elf.dir/System/usart/retarget.c.obj
                0x20001480                gHuart
 .bss.__lock___atexit_recursive_mutex
                0x20001484        0x1 c:/mingw/gcc-arm-none-eabi-10.3-2021.10/bin/../lib/gcc/arm-none-eabi/10.3.1/../../../../arm-none-eabi/lib/thumb/v7e-m+fp/hard\libc.a(lib_a-lock.o)
                0x20001484                __lock___atexit_recursive_mutex
 *fill*         0x20001485        0x3 
 .bss.__lock___malloc_recursive_mutex
                0x20001488        0x1 c:/mingw/gcc-arm-none-eabi-10.3-2021.10/bin/../lib/gcc/arm-none-eabi/10.3.1/../../../../arm-none-eabi/lib/thumb/v7e-m+fp/hard\libc.a(lib_a-lock.o)
                0x20001488                __lock___malloc_recursive_mutex
 *fill*         0x20001489        0x3 
 .bss.__lock___sfp_recursive_mutex
                0x2000148c        0x1 c:/mingw/gcc-arm-none-eabi-10.3-2021.10/bin/../lib/gcc/arm-none-eabi/10.3.1/../../../../arm-none-eabi/lib/thumb/v7e-m+fp/hard\libc.a(lib_a-lock.o)
                0x2000148c                __lock___sfp_recursive_mutex
 *fill*         0x2000148d        0x3 
 .bss.__lock___sinit_recursive_mutex
                0x20001490        0x1 c:/mingw/gcc-arm-none-eabi-10.3-2021.10/bin/../lib/gcc/arm-none-eabi/10.3.1/../../../../arm-none-eabi/lib/thumb/v7e-m+fp/hard\libc.a(lib_a-lock.o)
                0x20001490                __lock___sinit_recursive_mutex
 *fill*         0x20001491        0x3 
 .bss.__malloc_current_mallinfo
                0x20001494       0x28 c:/mingw/gcc-arm-none-eabi-10.3-2021.10/bin/../lib/gcc/arm-none-eabi/10.3.1/../../../../arm-none-eabi/lib/thumb/v7e-m+fp/hard\libc.a(lib_a-mallocr.o)
                0x20001494                __malloc_current_mallinfo
 .bss.__malloc_max_sbrked_mem
                0x200014bc        0x4 c:/mingw/gcc-arm-none-eabi-10.3-2021.10/bin/../lib/gcc/arm-none-eabi/10.3.1/../../../../arm-none-eabi/lib/thumb/v7e-m+fp/hard\libc.a(lib_a-mallocr.o)
                0x200014bc                __malloc_max_sbrked_mem
 .bss.__malloc_max_total_mem
                0x200014c0        0x4 c:/mingw/gcc-arm-none-eabi-10.3-2021.10/bin/../lib/gcc/arm-none-eabi/10.3.1/../../../../arm-none-eabi/lib/thumb/v7e-m+fp/hard\libc.a(lib_a-mallocr.o)
                0x200014c0                __malloc_max_total_mem
 .bss.__malloc_top_pad
                0x200014c4        0x4 c:/mingw/gcc-arm-none-eabi-10.3-2021.10/bin/../lib/gcc/arm-none-eabi/10.3.1/../../../../arm-none-eabi/lib/thumb/v7e-m+fp/hard\libc.a(lib_a-mallocr.o)
                0x200014c4                __malloc_top_pad
 .bss.errno     0x200014c8        0x4 c:/mingw/gcc-arm-none-eabi-10.3-2021.10/bin/../lib/gcc/arm-none-eabi/10.3.1/../../../../arm-none-eabi/lib/thumb/v7e-m+fp/hard\libc.a(lib_a-reent.o)
                0x200014c8                errno
 *(COMMON)
                0x200014cc                . = ALIGN (0x4)
                0x200014cc                _ebss = .
                0x200014cc                __bss_end__ = _ebss

._user_heap_stack
                0x200014cc      0x604
                0x200014d0                . = ALIGN (0x8)
 *fill*         0x200014cc        0x4 
                0x200014d0                PROVIDE (end = .)
                [!provide]                PROVIDE (_end = .)
                0x200016d0                . = (. + _Min_Heap_Size)
 *fill*         0x200014d0      0x200 
                0x20001ad0                . = (. + _Min_Stack_Size)
 *fill*         0x200016d0      0x400 
                0x20001ad0                . = ALIGN (0x8)

/DISCARD/
 libc.a(*)
 libm.a(*)
 libgcc.a(*)

.ARM.attributes
                0x00000000       0x30
 *(.ARM.attributes)
 .ARM.attributes
                0x00000000       0x1e c:/mingw/gcc-arm-none-eabi-10.3-2021.10/bin/../lib/gcc/arm-none-eabi/10.3.1/thumb/v7e-m+fp/hard/crti.o
 .ARM.attributes
                0x0000001e       0x34 c:/mingw/gcc-arm-none-eabi-10.3-2021.10/bin/../lib/gcc/arm-none-eabi/10.3.1/thumb/v7e-m+fp/hard/crtbegin.o
 .ARM.attributes
                0x00000052       0x34 CMakeFiles/HELLOWORLD.elf.dir/Core/Src/adc.c.obj
 .ARM.attributes
                0x00000086       0x34 CMakeFiles/HELLOWORLD.elf.dir/Core/Src/dac.c.obj
 .ARM.attributes
                0x000000ba       0x34 CMakeFiles/HELLOWORLD.elf.dir/Core/Src/dma.c.obj
 .ARM.attributes
                0x000000ee       0x34 CMakeFiles/HELLOWORLD.elf.dir/Core/Src/gpio.c.obj
 .ARM.attributes
                0x00000122       0x34 CMakeFiles/HELLOWORLD.elf.dir/Core/Src/main.c.obj
 .ARM.attributes
                0x00000156       0x34 CMakeFiles/HELLOWORLD.elf.dir/Core/Src/stm32f4xx_hal_msp.c.obj
 .ARM.attributes
                0x0000018a       0x34 CMakeFiles/HELLOWORLD.elf.dir/Core/Src/stm32f4xx_it.c.obj
 .ARM.attributes
                0x000001be       0x34 CMakeFiles/HELLOWORLD.elf.dir/Core/Src/syscalls.c.obj
 .ARM.attributes
                0x000001f2       0x34 CMakeFiles/HELLOWORLD.elf.dir/Core/Src/system_stm32f4xx.c.obj
 .ARM.attributes
                0x00000226       0x34 CMakeFiles/HELLOWORLD.elf.dir/Core/Src/tim.c.obj
 .ARM.attributes
                0x0000025a       0x34 CMakeFiles/HELLOWORLD.elf.dir/Core/Src/usart.c.obj
 .ARM.attributes
                0x0000028e       0x34 CMakeFiles/HELLOWORLD.elf.dir/Drivers/STM32F4xx_HAL_Driver/Src/stm32f4xx_hal.c.obj
 .ARM.attributes
                0x000002c2       0x34 CMakeFiles/HELLOWORLD.elf.dir/Drivers/STM32F4xx_HAL_Driver/Src/stm32f4xx_hal_adc.c.obj
 .ARM.attributes
                0x000002f6       0x34 CMakeFiles/HELLOWORLD.elf.dir/Drivers/STM32F4xx_HAL_Driver/Src/stm32f4xx_hal_cortex.c.obj
 .ARM.attributes
                0x0000032a       0x34 CMakeFiles/HELLOWORLD.elf.dir/Drivers/STM32F4xx_HAL_Driver/Src/stm32f4xx_hal_dac.c.obj
 .ARM.attributes
                0x0000035e       0x34 CMakeFiles/HELLOWORLD.elf.dir/Drivers/STM32F4xx_HAL_Driver/Src/stm32f4xx_hal_dac_ex.c.obj
 .ARM.attributes
                0x00000392       0x34 CMakeFiles/HELLOWORLD.elf.dir/Drivers/STM32F4xx_HAL_Driver/Src/stm32f4xx_hal_dma.c.obj
 .ARM.attributes
                0x000003c6       0x34 CMakeFiles/HELLOWORLD.elf.dir/Drivers/STM32F4xx_HAL_Driver/Src/stm32f4xx_hal_gpio.c.obj
 .ARM.attributes
                0x000003fa       0x34 CMakeFiles/HELLOWORLD.elf.dir/Drivers/STM32F4xx_HAL_Driver/Src/stm32f4xx_hal_rcc.c.obj
 .ARM.attributes
                0x0000042e       0x34 CMakeFiles/HELLOWORLD.elf.dir/Drivers/STM32F4xx_HAL_Driver/Src/stm32f4xx_hal_tim.c.obj
 .ARM.attributes
                0x00000462       0x34 CMakeFiles/HELLOWORLD.elf.dir/Drivers/STM32F4xx_HAL_Driver/Src/stm32f4xx_hal_tim_ex.c.obj
 .ARM.attributes
                0x00000496       0x34 CMakeFiles/HELLOWORLD.elf.dir/Drivers/STM32F4xx_HAL_Driver/Src/stm32f4xx_hal_uart.c.obj
 .ARM.attributes
                0x000004ca       0x34 CMakeFiles/HELLOWORLD.elf.dir/HardWare/key/key.c.obj
 .ARM.attributes
                0x000004fe       0x34 CMakeFiles/HELLOWORLD.elf.dir/HardWare/myiic/myiic.c.obj
 .ARM.attributes
                0x00000532       0x34 CMakeFiles/HELLOWORLD.elf.dir/HardWare/oled/oled.c.obj
 .ARM.attributes
                0x00000566       0x34 CMakeFiles/HELLOWORLD.elf.dir/HardWare/oled/oledlib.c.obj
 .ARM.attributes
                0x0000059a       0x34 CMakeFiles/HELLOWORLD.elf.dir/SignalProcess/SignalProcess.c.obj
 .ARM.attributes
                0x000005ce       0x34 CMakeFiles/HELLOWORLD.elf.dir/System/delay/delay.c.obj
 .ARM.attributes
                0x00000602       0x34 CMakeFiles/HELLOWORLD.elf.dir/System/usart/retarget.c.obj
 .ARM.attributes
                0x00000636       0x21 CMakeFiles/HELLOWORLD.elf.dir/startup/startup_stm32f407xx.s.obj
 .ARM.attributes
                0x00000657       0x1e c:/mingw/gcc-arm-none-eabi-10.3-2021.10/bin/../lib/gcc/arm-none-eabi/10.3.1/thumb/v7e-m+fp/hard\libgcc.a(_arm_addsubdf3.o)
 .ARM.attributes
                0x00000675       0x1e c:/mingw/gcc-arm-none-eabi-10.3-2021.10/bin/../lib/gcc/arm-none-eabi/10.3.1/thumb/v7e-m+fp/hard\libgcc.a(_arm_muldivdf3.o)
 .ARM.attributes
                0x00000693       0x1e c:/mingw/gcc-arm-none-eabi-10.3-2021.10/bin/../lib/gcc/arm-none-eabi/10.3.1/thumb/v7e-m+fp/hard\libgcc.a(_arm_cmpdf2.o)
 .ARM.attributes
                0x000006b1       0x1e c:/mingw/gcc-arm-none-eabi-10.3-2021.10/bin/../lib/gcc/arm-none-eabi/10.3.1/thumb/v7e-m+fp/hard\libgcc.a(_arm_fixunsdfsi.o)
 .ARM.attributes
                0x000006cf       0x1e c:/mingw/gcc-arm-none-eabi-10.3-2021.10/bin/../lib/gcc/arm-none-eabi/10.3.1/thumb/v7e-m+fp/hard\libgcc.a(_arm_truncdfsf2.o)
 .ARM.attributes
                0x000006ed       0x1e c:/mingw/gcc-arm-none-eabi-10.3-2021.10/bin/../lib/gcc/arm-none-eabi/10.3.1/thumb/v7e-m+fp/hard\libgcc.a(_aeabi_uldivmod.o)
 .ARM.attributes
                0x0000070b       0x34 c:/mingw/gcc-arm-none-eabi-10.3-2021.10/bin/../lib/gcc/arm-none-eabi/10.3.1/thumb/v7e-m+fp/hard\libgcc.a(_udivmoddi4.o)
 .ARM.attributes
                0x0000073f       0x1e c:/mingw/gcc-arm-none-eabi-10.3-2021.10/bin/../lib/gcc/arm-none-eabi/10.3.1/thumb/v7e-m+fp/hard\libgcc.a(_dvmd_tls.o)
 .ARM.attributes
                0x0000075d       0x34 c:/mingw/gcc-arm-none-eabi-10.3-2021.10/bin/../lib/gcc/arm-none-eabi/10.3.1/../../../../arm-none-eabi/lib/thumb/v7e-m+fp/hard\libc.a(lib_a-errno.o)
 .ARM.attributes
                0x00000791       0x34 c:/mingw/gcc-arm-none-eabi-10.3-2021.10/bin/../lib/gcc/arm-none-eabi/10.3.1/../../../../arm-none-eabi/lib/thumb/v7e-m+fp/hard\libc.a(lib_a-impure.o)
 .ARM.attributes
                0x000007c5       0x34 c:/mingw/gcc-arm-none-eabi-10.3-2021.10/bin/../lib/gcc/arm-none-eabi/10.3.1/../../../../arm-none-eabi/lib/thumb/v7e-m+fp/hard\libc.a(lib_a-init.o)
 .ARM.attributes
                0x000007f9       0x34 c:/mingw/gcc-arm-none-eabi-10.3-2021.10/bin/../lib/gcc/arm-none-eabi/10.3.1/../../../../arm-none-eabi/lib/thumb/v7e-m+fp/hard\libc.a(lib_a-memset.o)
 .ARM.attributes