Archive member included to satisfy reference by file (symbol)

c:/mingw/gcc-arm-none-eabi-10.3-2021.10/bin/../lib/gcc/arm-none-eabi/10.3.1/thumb/v7e-m+fp/hard\libgcc.a(_arm_muldf3.o)
                              CMakeFiles/HEllOWORLD.elf.dir/ARM_DSP/Source/BasicMathFunctions/BasicMathFunctions.c.obj (__aeabi_dmul)
c:/mingw/gcc-arm-none-eabi-10.3-2021.10/bin/../lib/gcc/arm-none-eabi/10.3.1/thumb/v7e-m+fp/hard\libgcc.a(_arm_addsubdf3.o)
                              CMakeFiles/HEllOWORLD.elf.dir/ARM_DSP/Source/BasicMathFunctions/BasicMathFunctions.c.obj (__aeabi_dsub)
c:/mingw/gcc-arm-none-eabi-10.3-2021.10/bin/../lib/gcc/arm-none-eabi/10.3.1/thumb/v7e-m+fp/hard\libgcc.a(_arm_muldivdf3.o)
                              CMakeFiles/HEllOWORLD.elf.dir/ARM_DSP/Source/DistanceFunctions/DistanceFunctions.c.obj (__aeabi_ddiv)
c:/mingw/gcc-arm-none-eabi-10.3-2021.10/bin/../lib/gcc/arm-none-eabi/10.3.1/thumb/v7e-m+fp/hard\libgcc.a(_arm_cmpdf2.o)
                              CMakeFiles/HEllOWORLD.elf.dir/ARM_DSP/Source/MatrixFunctions/MatrixFunctions.c.obj (__aeabi_dcmpeq)
c:/mingw/gcc-arm-none-eabi-10.3-2021.10/bin/../lib/gcc/arm-none-eabi/10.3.1/thumb/v7e-m+fp/hard\libgcc.a(_arm_fixdfsi.o)
                              CMakeFiles/HEllOWORLD.elf.dir/ARM_DSP/Source/SupportFunctions/SupportFunctions.c.obj (__aeabi_d2iz)
c:/mingw/gcc-arm-none-eabi-10.3-2021.10/bin/../lib/gcc/arm-none-eabi/10.3.1/thumb/v7e-m+fp/hard\libgcc.a(_arm_fixunsdfsi.o)
                              CMakeFiles/HEllOWORLD.elf.dir/GUI/gui.c.obj (__aeabi_d2uiz)
c:/mingw/gcc-arm-none-eabi-10.3-2021.10/bin/../lib/gcc/arm-none-eabi/10.3.1/thumb/v7e-m+fp/hard\libgcc.a(_arm_truncdfsf2.o)
                              CMakeFiles/HEllOWORLD.elf.dir/ARM_DSP/Source/DistanceFunctions/DistanceFunctions.c.obj (__aeabi_d2f)
c:/mingw/gcc-arm-none-eabi-10.3-2021.10/bin/../lib/gcc/arm-none-eabi/10.3.1/thumb/v7e-m+fp/hard\libgcc.a(_arm_addsubsf3.o)
                              CMakeFiles/HEllOWORLD.elf.dir/GUI/gui.c.obj (__aeabi_ul2f)
c:/mingw/gcc-arm-none-eabi-10.3-2021.10/bin/../lib/gcc/arm-none-eabi/10.3.1/thumb/v7e-m+fp/hard\libgcc.a(_aeabi_ldivmod.o)
                              CMakeFiles/HEllOWORLD.elf.dir/ARM_DSP/Source/FastMathFunctions/FastMathFunctions.c.obj (__aeabi_ldivmod)
c:/mingw/gcc-arm-none-eabi-10.3-2021.10/bin/../lib/gcc/arm-none-eabi/10.3.1/thumb/v7e-m+fp/hard\libgcc.a(_aeabi_uldivmod.o)
                              CMakeFiles/HEllOWORLD.elf.dir/ARM_DSP/Source/StatisticsFunctions/StatisticsFunctions.c.obj (__aeabi_uldivmod)
c:/mingw/gcc-arm-none-eabi-10.3-2021.10/bin/../lib/gcc/arm-none-eabi/10.3.1/thumb/v7e-m+fp/hard\libgcc.a(_fixsfdi.o)
                              CMakeFiles/HEllOWORLD.elf.dir/ARM_DSP/Source/SupportFunctions/SupportFunctions.c.obj (__aeabi_f2lz)
c:/mingw/gcc-arm-none-eabi-10.3-2021.10/bin/../lib/gcc/arm-none-eabi/10.3.1/thumb/v7e-m+fp/hard\libgcc.a(_fixdfdi.o)
                              CMakeFiles/HEllOWORLD.elf.dir/ARM_DSP/Source/SupportFunctions/SupportFunctions.c.obj (__aeabi_d2lz)
c:/mingw/gcc-arm-none-eabi-10.3-2021.10/bin/../lib/gcc/arm-none-eabi/10.3.1/thumb/v7e-m+fp/hard\libgcc.a(_fixunssfdi.o)
                              c:/mingw/gcc-arm-none-eabi-10.3-2021.10/bin/../lib/gcc/arm-none-eabi/10.3.1/thumb/v7e-m+fp/hard\libgcc.a(_fixsfdi.o) (__aeabi_f2ulz)
c:/mingw/gcc-arm-none-eabi-10.3-2021.10/bin/../lib/gcc/arm-none-eabi/10.3.1/thumb/v7e-m+fp/hard\libgcc.a(_fixunsdfdi.o)
                              c:/mingw/gcc-arm-none-eabi-10.3-2021.10/bin/../lib/gcc/arm-none-eabi/10.3.1/thumb/v7e-m+fp/hard\libgcc.a(_fixdfdi.o) (__aeabi_d2ulz)
c:/mingw/gcc-arm-none-eabi-10.3-2021.10/bin/../lib/gcc/arm-none-eabi/10.3.1/thumb/v7e-m+fp/hard\libgcc.a(_udivmoddi4.o)
                              c:/mingw/gcc-arm-none-eabi-10.3-2021.10/bin/../lib/gcc/arm-none-eabi/10.3.1/thumb/v7e-m+fp/hard\libgcc.a(_aeabi_ldivmod.o) (__udivmoddi4)
c:/mingw/gcc-arm-none-eabi-10.3-2021.10/bin/../lib/gcc/arm-none-eabi/10.3.1/thumb/v7e-m+fp/hard\libgcc.a(_dvmd_tls.o)
                              c:/mingw/gcc-arm-none-eabi-10.3-2021.10/bin/../lib/gcc/arm-none-eabi/10.3.1/thumb/v7e-m+fp/hard\libgcc.a(_aeabi_ldivmod.o) (__aeabi_ldiv0)
c:/mingw/gcc-arm-none-eabi-10.3-2021.10/bin/../lib/gcc/arm-none-eabi/10.3.1/../../../../arm-none-eabi/lib/thumb/v7e-m+fp/hard\libc.a(lib_a-errno.o)
                              CMakeFiles/HEllOWORLD.elf.dir/Core/Src/syscalls.c.obj (__errno)
c:/mingw/gcc-arm-none-eabi-10.3-2021.10/bin/../lib/gcc/arm-none-eabi/10.3.1/../../../../arm-none-eabi/lib/thumb/v7e-m+fp/hard\libc.a(lib_a-exit.o)
                              c:/mingw/gcc-arm-none-eabi-10.3-2021.10/bin/../lib/gcc/arm-none-eabi/10.3.1/../../../../arm-none-eabi/lib/thumb/v7e-m+fp/hard/crt0.o (exit)
c:/mingw/gcc-arm-none-eabi-10.3-2021.10/bin/../lib/gcc/arm-none-eabi/10.3.1/../../../../arm-none-eabi/lib/thumb/v7e-m+fp/hard\libc.a(lib_a-impure.o)
[...]
Memory Configuration

Name             Origin             Length             Attributes
RAM              0x20000000         0x00020000         xrw
CCMRAM           0x10000000         0x00010000         xrw
FLASH            0x08000000         0x00080000         xr
*default*        0x00000000         0xffffffff

Linker script and memory map

LOAD c:/mingw/gcc-arm-none-eabi-10.3-2021.10/bin/../lib/gcc/arm-none-eabi/10.3.1/thumb/v7e-m+fp/hard/crti.o
LOAD c:/mingw/gcc-arm-none-eabi-10.3-2021.10/bin/../lib/gcc/arm-none-eabi/10.3.1/thumb/v7e-m+fp/hard/crtbegin.o
LOAD c:/mingw/gcc-arm-none-eabi-10.3-2021.10/bin/../lib/gcc/arm-none-eabi/10.3.1/../../../../arm-none-eabi/lib/thumb/v7e-m+fp/hard/crt0.o
LOAD CMakeFiles/HEllOWORLD.elf.dir/ARM_DSP/Source/BasicMathFunctions/BasicMathFunctions.c.obj
LOAD CMakeFiles/HEllOWORLD.elf.dir/ARM_DSP/Source/BayesFunctions/BayesFunctions.c.obj
LOAD CMakeFiles/HEllOWORLD.elf.dir/ARM_DSP/Source/CommonTables/CommonTables.c.obj
LOAD CMakeFiles/HEllOWORLD.elf.dir/ARM_DSP/Source/ComplexMathFunctions/ComplexMathFunctions.c.obj
LOAD CMakeFiles/HEllOWORLD.elf.dir/ARM_DSP/Source/ControllerFunctions/ControllerFunctions.c.obj
LOAD CMakeFiles/HEllOWORLD.elf.dir/ARM_DSP/Source/DistanceFunctions/DistanceFunctions.c.obj
LOAD CMakeFiles/HEllOWORLD.elf.dir/ARM_DSP/Source/FastMathFunctions/FastMathFunctions.c.obj
LOAD CMakeFiles/HEllOWORLD.elf.dir/ARM_DSP/Source/FilteringFunctions/FilteringFunctions.c.obj
LOAD CMakeFiles/HEllOWORLD.elf.dir/ARM_DSP/Source/InterpolationFunctions/InterpolationFunctions.c.obj
LOAD CMakeFiles/HEllOWORLD.elf.dir/ARM_DSP/Source/MatrixFunctions/MatrixFunctions.c.obj
LOAD CMakeFiles/HEllOWORLD.elf.dir/ARM_DSP/Source/QuaternionMathFunctions/QuaternionMathFunctions.c.obj
LOAD CMakeFiles/HEllOWORLD.elf.dir/ARM_DSP/Source/SVMFunctions/SVMFunctions.c.obj
LOAD CMakeFiles/HEllOWORLD.elf.dir/ARM_DSP/Source/StatisticsFunctions/StatisticsFunctions.c.obj
LOAD CMakeFiles/HEllOWORLD.elf.dir/ARM_DSP/Source/SupportFunctions/SupportFunctions.c.obj
LOAD CMakeFiles/HEllOWORLD.elf.dir/ARM_DSP/Source/TransformFunctions/TransformFunctions.c.obj
LOAD CMakeFiles/HEllOWORLD.elf.dir/ARM_DSP/Source/WindowFunctions/WindowFunctions.c.obj
LOAD CMakeFiles/HEllOWORLD.elf.dir/Core/Src/adc.c.obj
LOAD CMakeFiles/HEllOWORLD.elf.dir/Core/Src/dac.c.obj
LOAD CMakeFiles/HEllOWORLD.elf.dir/Core/Src/dma.c.obj
LOAD CMakeFiles/HEllOWORLD.elf.dir/Core/Src/fsmc.c.obj
LOAD CMakeFiles/HEllOWORLD.elf.dir/Core/Src/gpio.c.obj
LOAD CMakeFiles/HEllOWORLD.elf.dir/Core/Src/main.c.obj
LOAD CMakeFiles/HEllOWORLD.elf.dir/Core/Src/stm32f4xx_hal_msp.c.obj
LOAD CMakeFiles/HEllOWORLD.elf.dir/Core/Src/stm32f4xx_it.c.obj
LOAD CMakeFiles/HEllOWORLD.elf.dir/Core/Src/syscalls.c.obj
LOAD CMakeFiles/HEllOWORLD.elf.dir/Core/Src/system_stm32f4xx.c.obj
LOAD CMakeFiles/HEllOWORLD.elf.dir/Core/Src/tim.c.obj
LOAD CMakeFiles/HEllOWORLD.elf.dir/Core/Src/usart.c.obj
LOAD CMakeFiles/HEllOWORLD.elf.dir/Drivers/STM32F4xx_HAL_Driver/Src/stm32f4xx_hal.c.obj
LOAD CMakeFiles/HEllOWORLD.elf.dir/Drivers/STM32F4xx_HAL_Driver/Src/stm32f4xx_hal_adc.c.obj
LOAD CMakeFiles/HEllOWORLD.elf.dir/Drivers/STM32F4xx_HAL_Driver/Src/stm32f4xx_hal_adc_ex.c.obj
LOAD CMakeFiles/HEllOWORLD.elf.dir/Drivers/STM32F4xx_HAL_Driver/Src/stm32f4xx_hal_cortex.c.obj
LOAD CMakeFiles/HEllOWORLD.elf.dir/Drivers/STM32F4xx_HAL_Driver/Src/stm32f4xx_hal_dac.c.obj
LOAD CMakeFiles/HEllOWORLD.elf.dir/Drivers/STM32F4xx_HAL_Driver/Src/stm32f4xx_hal_dac_ex.c.obj
LOAD CMakeFiles/HEllOWORLD.elf.dir/Drivers/STM32F4xx_HAL_Driver/Src/stm32f4xx_hal_dma.c.obj
LOAD CMakeFiles/HEllOWORLD.elf.dir/Drivers/STM32F4xx_HAL_Driver/Src/stm32f4xx_hal_dma_ex.c.obj
LOAD CMakeFiles/HEllOWORLD.elf.dir/Drivers/STM32F4xx_HAL_Driver/Src/stm32f4xx_hal_exti.c.obj
LOAD CMakeFiles/HEllOWORLD.elf.dir/Drivers/STM32F4xx_HAL_Driver/Src/stm32f4xx_hal_flash.c.obj
LOAD CMakeFiles/HEllOWORLD.elf.dir/Drivers/STM32F4xx_HAL_Driver/Src/stm32f4xx_hal_flash_ex.c.obj
LOAD CMakeFiles/HEllOWORLD.elf.dir/Drivers/STM32F4xx_HAL_Driver/Src/stm32f4xx_hal_flash_ramfunc.c.obj
LOAD CMakeFiles/HEllOWORLD.elf.dir/Drivers/STM32F4xx_HAL_Driver/Src/stm32f4xx_hal_gpio.c.obj
LOAD CMakeFiles/HEllOWORLD.elf.dir/Drivers/STM32F4xx_HAL_Driver/Src/stm32f4xx_hal_pwr.c.obj
LOAD CMakeFiles/HEllOWORLD.elf.dir/Drivers/STM32F4xx_HAL_Driver/Src/stm32f4xx_hal_pwr_ex.c.obj
LOAD CMakeFiles/HEllOWORLD.elf.dir/Drivers/STM32F4xx_HAL_Driver/Src/stm32f4xx_hal_rcc.c.obj
LOAD CMakeFiles/HEllOWORLD.elf.dir/Drivers/STM32F4xx_HAL_Driver/Src/stm32f4xx_hal_rcc_ex.c.obj
LOAD CMakeFiles/HEllOWORLD.elf.dir/Drivers/STM32F4xx_HAL_Driver/Src/stm32f4xx_hal_sram.c.obj
LOAD CMakeFiles/HEllOWORLD.elf.dir/Drivers/STM32F4xx_HAL_Driver/Src/stm32f4xx_hal_tim.c.obj
LOAD CMakeFiles/HEllOWORLD.elf.dir/Drivers/STM32F4xx_HAL_Driver/Src/stm32f4xx_hal_tim_ex.c.obj
LOAD CMakeFiles/HEllOWORLD.elf.dir/Drivers/STM32F4xx_HAL_Driver/Src/stm32f4xx_hal_uart.c.obj
LOAD CMakeFiles/HEllOWORLD.elf.dir/Drivers/STM32F4xx_HAL_Driver/Src/stm32f4xx_ll_adc.c.obj
LOAD CMakeFiles/HEllOWORLD.elf.dir/Drivers/STM32F4xx_HAL_Driver/Src/stm32f4xx_ll_fsmc.c.obj
LOAD CMakeFiles/HEllOWORLD.elf.dir/GUI/gui.c.obj
LOAD CMakeFiles/HEllOWORLD.elf.dir/HardWare/key/key.c.obj
LOAD CMakeFiles/HEllOWORLD.elf.dir/HardWare/lcd/demos.c.obj
LOAD CMakeFiles/HEllOWORLD.elf.dir/HardWare/lcd/lcd.c.obj
LOAD CMakeFiles/HEllOWORLD.elf.dir/HardWare/lcd/lcd_ex.c.obj
LOAD CMakeFiles/HEllOWORLD.elf.dir/HardWare/lcd/lcdlib.c.obj
LOAD CMakeFiles/HEllOWORLD.elf.dir/SignalProcess/SignalProcess.c.obj
LOAD CMakeFiles/HEllOWORLD.elf.dir/SignalProcess/SignalProcess_dac.c.obj
LOAD CMakeFiles/HEllOWORLD.elf.dir/SignalProcess/SignalProcess_fft.c.obj
LOAD CMakeFiles/HEllOWORLD.elf.dir/SignalProcess/SignalProcess_filter.c.obj
LOAD CMakeFiles/HEllOWORLD.elf.dir/SignalProcess/SignalProcess_pwm.c.obj
LOAD CMakeFiles/HEllOWORLD.elf.dir/SignalProcess/SignalProcess_windows.c.obj
LOAD CMakeFiles/HEllOWORLD.elf.dir/SignalProcess/SingnalProcess_adc.c.obj
LOAD CMakeFiles/HEllOWORLD.elf.dir/System/delay/delay.c.obj
LOAD CMakeFiles/HEllOWORLD.elf.dir/System/sys/sys.c.obj
LOAD CMakeFiles/HEllOWORLD.elf.dir/System/usart/Module_UART.c.obj
LOAD CMakeFiles/HEllOWORLD.elf.dir/System/usart/retarget.c.obj
LOAD CMakeFiles/HEllOWORLD.elf.dir/startup/startup_stm32f407xx.s.obj
START GROUP
LOAD c:/mingw/gcc-arm-none-eabi-10.3-2021.10/bin/../lib/gcc/arm-none-eabi/10.3.1/thumb/v7e-m+fp/hard\libgcc.a
LOAD c:/mingw/gcc-arm-none-eabi-10.3-2021.10/bin/../lib/gcc/arm-none-eabi/10.3.1/../../../../arm-none-eabi/lib/thumb/v7e-m+fp/hard\libc.a
END GROUP
LOAD c:/mingw/gcc-arm-none-eabi-10.3-2021.10/bin/../lib/gcc/arm-none-eabi/10.3.1/thumb/v7e-m+fp/hard/crtend.o
LOAD c:/mingw/gcc-arm-none-eabi-10.3-2021.10/bin/../lib/gcc/arm-none-eabi/10.3.1/thumb/v7e-m+fp/hard/crtn.o
                0x20020000                _estack = (ORIGIN (RAM) + LENGTH (RAM))
                0x00000800                _Min_Heap_Size = 0x800
                0x00001000                _Min_Stack_Size = 0x1000

.isr_vector     0x08000000      0x188
                0x08000000                . = ALIGN (0x4)
 *(.isr_vector)
 .isr_vector    0x08000000      0x188 CMakeFiles/HEllOWORLD.elf.dir/startup/startup_stm32f407xx.s.obj
                0x08000000                g_pfnVectors
                0x08000188                . = ALIGN (0x4)

.text           0x080001c0    0x10c04
                0x080001c0                . = ALIGN (0x4)
 *(.text)
 .text          0x080001c0       0x40 c:/mingw/gcc-arm-none-eabi-10.3-2021.10/bin/../lib/gcc/arm-none-eabi/10.3.1/thumb/v7e-m+fp/hard/crtbegin.o
 .text          0x08000200      0x378 c:/mingw/gcc-arm-none-eabi-10.3-2021.10/bin/../lib/gcc/arm-none-eabi/10.3.1/thumb/v7e-m+fp/hard\libgcc.a(_arm_addsubdf3.o)
                0x08000200                __aeabi_drsub
                0x08000208                __aeabi_dsub
                0x08000208                __subdf3
                0x0800020c                __aeabi_dadd
                0x0800020c                __adddf3
                0x08000484                __floatunsidf
                0x08000484                __aeabi_ui2d
                0x080004a4                __floatsidf
                0x080004a4                __aeabi_i2d
                0x080004c8                __aeabi_f2d
                0x080004c8                __extendsfdf2
                0x0800050c                __floatundidf
                0x0800050c                __aeabi_ul2d
                0x0800051c                __floatdidf
                0x0800051c                __aeabi_l2d
 .text          0x08000578      0x424 c:/mingw/gcc-arm-none-eabi-10.3-2021.10/bin/../lib/gcc/arm-none-eabi/10.3.1/thumb/v7e-m+fp/hard\libgcc.a(_arm_muldivdf3.o)
                0x08000578                __aeabi_dmul
                0x08000578                __muldf3
                0x080007cc                __divdf3
                0x080007cc                __aeabi_ddiv
 .text          0x0800099c      0x110 c:/mingw/gcc-arm-none-eabi-10.3-2021.10/bin/../lib/gcc/arm-none-eabi/10.3.1/thumb/v7e-m+fp/hard\libgcc.a(_arm_cmpdf2.o)
                0x0800099c                __gtdf2
                0x0800099c                __gedf2
                0x080009a4                __ltdf2
                0x080009a4                __ledf2
                0x080009ac                __nedf2
                0x080009ac                __eqdf2
                0x080009ac                __cmpdf2
                0x08000a28                __aeabi_cdrcmple
                0x08000a38                __aeabi_cdcmpeq
                0x08000a38                __aeabi_cdcmple
                0x08000a48                __aeabi_dcmpeq
                0x08000a5c                __aeabi_dcmplt
                0x08000a70                __aeabi_dcmple
                0x08000a84                __aeabi_dcmpge
                0x08000a98                __aeabi_dcmpgt
 .text          0x08000aac       0x50 c:/mingw/gcc-arm-none-eabi-10.3-2021.10/bin/../lib/gcc/arm-none-eabi/10.3.1/thumb/v7e-m+fp/hard\libgcc.a(_arm_fixdfsi.o)
                0x08000aac                __aeabi_d2iz
                0x08000aac                __fixdfsi
 .text          0x08000afc       0x40 c:/mingw/gcc-arm-none-eabi-10.3-2021.10/bin/../lib/gcc/arm-none-eabi/10.3.1/thumb/v7e-m+fp/hard\libgcc.a(_arm_fixunsdfsi.o)
                0x08000afc                __aeabi_d2uiz
                0x08000afc                __fixunsdfsi
 .text          0x08000b3c       0xa0 c:/mingw/gcc-arm-none-eabi-10.3-2021.10/bin/../lib/gcc/arm-none-eabi/10.3.1/thumb/v7e-m+fp/hard\libgcc.a(_arm_truncdfsf2.o)
                0x08000b3c                __truncdfsf2
                0x08000b3c                __aeabi_d2f
 .text          0x08000bdc      0x21c c:/mingw/gcc-arm-none-eabi-10.3-2021.10/bin/../lib/gcc/arm-none-eabi/10.3.1/thumb/v7e-m+fp/hard\libgcc.a(_arm_addsubsf3.o)
                0x08000bdc                __aeabi_frsub
                0x08000be4                __subsf3
                0x08000be4                __aeabi_fsub
                0x08000be8                __aeabi_fadd
                0x08000be8                __addsf3
                0x08000d48                __aeabi_ui2f
                0x08000d48                __floatunsisf
                0x08000d50                __aeabi_i2f
                0x08000d50                __floatsisf
                0x08000d6c                __aeabi_ul2f
                0x08000d6c                __floatundisf
                0x08000d7c                __aeabi_l2f
                0x08000d7c                __floatdisf
 .text          0x08000df8       0x30 c:/mingw/gcc-arm-none-eabi-10.3-2021.10/bin/../lib/gcc/arm-none-eabi/10.3.1/thumb/v7e-m+fp/hard\libgcc.a(_aeabi_uldivmod.o)
                0x08000df8                __aeabi_uldivmod
 .text          0x08000e28      0x2d0 c:/mingw/gcc-arm-none-eabi-10.3-2021.10/bin/../lib/gcc/arm-none-eabi/10.3.1/thumb/v7e-m+fp/hard\libgcc.a(_udivmoddi4.o)
                0x08000e28                __udivmoddi4
 .text          0x080010f8        0x4 c:/mingw/gcc-arm-none-eabi-10.3-2021.10/bin/../lib/gcc/arm-none-eabi/10.3.1/thumb/v7e-m+fp/hard\libgcc.a(_dvmd_tls.o)
                0x080010f8                __aeabi_idiv0
                0x080010f8                __aeabi_ldiv0
 .text          0x080010fc      0x134 c:/mingw/gcc-arm-none-eabi-10.3-2021.10/bin/../lib/gcc/arm-none-eabi/10.3.1/../../../../arm-none-eabi/lib/thumb/v7e-m+fp/hard\libc.a(lib_a-memcpy.o)
                0x080010fc                memcpy
 *fill*         0x08001230       0x10 
 .text          0x08001240       0xdc c:/mingw/gcc-arm-none-eabi-10.3-2021.10/bin/../lib/gcc/arm-none-eabi/10.3.1/../../../../arm-none-eabi/lib/thumb/v7e-m+fp/hard\libc.a(lib_a-strlen.o)
                0x08001240                strlen
 *fill*         0x0800131c        0x4 
 .text          0x08001320       0xa0 c:/mingw/gcc-arm-none-eabi-10.3-2021.10/bin/../lib/gcc/arm-none-eabi/10.3.1/../../../../arm-none-eabi/lib/thumb/v7e-m+fp/hard\libc.a(lib_a-memchr.o)
                0x08001320                memchr
 .text          0x080013c0       0x2c c:/mingw/gcc-arm-none-eabi-10.3-2021.10/bin/../lib/gcc/arm-none-eabi/10.3.1/thumb/v7e-m+fp/hard\libgcc.a(_arm_unorddf2.o)
                0x080013c0                __unorddf2
                0x080013c0                __aeabi_dcmpun
 *(.text*)
 .text.arm_cmplx_mag_f32
                0x080013ec       0x42 CMakeFiles/HEllOWORLD.elf.dir/ARM_DSP/Source/ComplexMathFunctions/ComplexMathFunctions.c.obj
                0x080013ec                arm_cmplx_mag_f32
 *fill*         0x0800142e        0x2 
 .text.arm_sin_f32
                0x08001430       0x90 CMakeFiles/HEllOWORLD.elf.dir/ARM_DSP/Source/FastMathFunctions/FastMathFunctions.c.obj
                0x08001430                arm_sin_f32
 .text.arm_max_f32
                0x080014c0       0x30 CMakeFiles/HEllOWORLD.elf.dir/ARM_DSP/Source/StatisticsFunctions/StatisticsFunctions.c.obj
                0x080014c0                arm_max_f32
 .text.arm_min_f32
                0x080014f0       0x30 CMakeFiles/HEllOWORLD.elf.dir/ARM_DSP/Source/StatisticsFunctions/StatisticsFunctions.c.obj
                0x080014f0                arm_min_f32
 .text.arm_rms_f32
                0x08001520       0x4c CMakeFiles/HEllOWORLD.elf.dir/ARM_DSP/Source/StatisticsFunctions/StatisticsFunctions.c.obj
                0x08001520                arm_rms_f32
 .text.arm_bitreversal_32
                0x0800156c       0x4a CMakeFiles/HEllOWORLD.elf.dir/ARM_DSP/Source/TransformFunctions/TransformFunctions.c.obj
                0x0800156c                arm_bitreversal_32
 *fill*         0x080015b6        0x2 
 .text.arm_radix8_butterfly_f32
                0x080015b8      0x5a8 CMakeFiles/HEllOWORLD.elf.dir/ARM_DSP/Source/TransformFunctions/TransformFunctions.c.obj
                0x080015b8                arm_radix8_butterfly_f32
 .text.arm_cfft_radix8by2_f32
                0x08001b60      0x1f4 CMakeFiles/HEllOWORLD.elf.dir/ARM_DSP/Source/TransformFunctions/TransformFunctions.c.obj
                0x08001b60                arm_cfft_radix8by2_f32
 .text.arm_cfft_radix8by4_f32
                0x08001d54      0x4bc CMakeFiles/HEllOWORLD.elf.dir/ARM_DSP/Source/TransformFunctions/TransformFunctions.c.obj
                0x08001d54                arm_cfft_radix8by4_f32
 .text.arm_cfft_f32
                0x08002210       0xda CMakeFiles/HEllOWORLD.elf.dir/ARM_DSP/Source/TransformFunctions/TransformFunctions.c.obj
                0x08002210                arm_cfft_f32
 *fill*         0x080022ea        0x2 
 .text.arm_hamming_f32
                0x080022ec       0x68 CMakeFiles/HEllOWORLD.elf.dir/ARM_DSP/Source/WindowFunctions/WindowFunctions.c.obj
                0x080022ec                arm_hamming_f32
 .text.MX_ADC1_Init
                0x08002354       0x6c CMakeFiles/HEllOWORLD.elf.dir/Core/Src/adc.c.obj
                0x08002354                MX_ADC1_Init
 .text.HAL_ADC_MspInit
                0x080023c0       0xb0 CMakeFiles/HEllOWORLD.elf.dir/Core/Src/adc.c.obj
                0x080023c0                HAL_ADC_MspInit
 .text.MX_DAC_Init
                0x08002470       0x58 CMakeFiles/HEllOWORLD.elf.dir/Core/Src/dac.c.obj
                0x08002470                MX_DAC_Init
 .text.HAL_DAC_MspInit
                0x080024c8      0x110 CMakeFiles/HEllOWORLD.elf.dir/Core/Src/dac.c.obj
                0x080024c8                HAL_DAC_MspInit
 .text.MX_DMA_Init
                0x080025d8       0x78 CMakeFiles/HEllOWORLD.elf.dir/Core/Src/dma.c.obj
                0x080025d8                MX_DMA_Init
 .text.HAL_FSMC_MspInit
                0x08002650       0x7c CMakeFiles/HEllOWORLD.elf.dir/Core/Src/fsmc.c.obj
 .text.MX_FSMC_Init
                0x080026cc       0x8c CMakeFiles/HEllOWORLD.elf.dir/Core/Src/fsmc.c.obj
                0x080026cc                MX_FSMC_Init
 .text.HAL_SRAM_MspInit
                0x08002758        0x8 CMakeFiles/HEllOWORLD.elf.dir/Core/Src/fsmc.c.obj
                0x08002758                HAL_SRAM_MspInit
 .text.MX_GPIO_Init
                0x08002760       0xc8 CMakeFiles/HEllOWORLD.elf.dir/Core/Src/gpio.c.obj
                0x08002760                MX_GPIO_Init
 .text.Error_Handler
                0x08002828        0x4 CMakeFiles/HEllOWORLD.elf.dir/Core/Src/main.c.obj
                0x08002828                Error_Handler
 .text.SystemClock_Config
                0x0800282c       0xa8 CMakeFiles/HEllOWORLD.elf.dir/Core/Src/main.c.obj
                0x0800282c                SystemClock_Config
 *fill*         0x080028d4        0x4 
 .text.main     0x080028d8      0x300 CMakeFiles/HEllOWORLD.elf.dir/Core/Src/main.c.obj
                0x080028d8                main
 .text.HAL_MspInit
                0x08002bd8       0x38 CMakeFiles/HEllOWORLD.elf.dir/Core/Src/stm32f4xx_hal_msp.c.obj
                0x08002bd8                HAL_MspInit
 .text.NMI_Handler
                0x08002c10        0x2 CMakeFiles/HEllOWORLD.elf.dir/Core/Src/stm32f4xx_it.c.obj
                0x08002c10                NMI_Handler
 .text.HardFault_Handler
                0x08002c12        0x2 CMakeFiles/HEllOWORLD.elf.dir/Core/Src/stm32f4xx_it.c.obj
                0x08002c12                HardFault_Handler
 .text.MemManage_Handler
                0x08002c14        0x2 CMakeFiles/HEllOWORLD.elf.dir/Core/Src/stm32f4xx_it.c.obj
                0x08002c14                MemManage_Handler
 .text.BusFault_Handler
                0x08002c16        0x2 CMakeFiles/HEllOWORLD.elf.dir/Core/Src/stm32f4xx_it.c.obj
                0x08002c16                BusFault_Handler
 .text.UsageFault_Handler
                0x08002c18        0x2 CMakeFiles/HEllOWORLD.elf.dir/Core/Src/stm32f4xx_it.c.obj
                0x08002c18                UsageFault_Handler
 .text.SVC_Handler
                0x08002c1a        0x2 CMakeFiles/HEllOWORLD.elf.dir/Core/Src/stm32f4xx_it.c.obj
                0x08002c1a                SVC_Handler
 .text.DebugMon_Handler
                0x08002c1c        0x2 CMakeFiles/HEllOWORLD.elf.dir/Core/Src/stm32f4xx_it.c.obj
                0x08002c1c                DebugMon_Handler
 .text.PendSV_Handler
                0x08002c1e        0x2 CMakeFiles/HEllOWORLD.elf.dir/Core/Src/stm32f4xx_it.c.obj
                0x08002c1e                PendSV_Handler
 .text.SysTick_Handler
                0x08002c20        0x8 CMakeFiles/HEllOWORLD.elf.dir/Core/Src/stm32f4xx_it.c.obj
                0x08002c20                SysTick_Handler
 .text.DMA1_Stream1_IRQHandler
                0x08002c28       0x10 CMakeFiles/HEllOWORLD.elf.dir/Core/Src/stm32f4xx_it.c.obj
                0x08002c28                DMA1_Stream1_IRQHandler
 .text.DMA1_Stream5_IRQHandler
                0x08002c38       0x10 CMakeFiles/HEllOWORLD.elf.dir/Core/Src/stm32f4xx_it.c.obj
                0x08002c38                DMA1_Stream5_IRQHandler
 .text.DMA1_Stream6_IRQHandler
                0x08002c48       0x10 CMakeFiles/HEllOWORLD.elf.dir/Core/Src/stm32f4xx_it.c.obj
                0x08002c48                DMA1_Stream6_IRQHandler
 .text.TIM1_BRK_TIM9_IRQHandler
                0x08002c58       0x10 CMakeFiles/HEllOWORLD.elf.dir/Core/Src/stm32f4xx_it.c.obj
                0x08002c58                TIM1_BRK_TIM9_IRQHandler
 .text.USART3_IRQHandler
                0x08002c68       0x10 CMakeFiles/HEllOWORLD.elf.dir/Core/Src/stm32f4xx_it.c.obj
                0x08002c68                USART3_IRQHandler
 .text.TIM6_DAC_IRQHandler
                0x08002c78       0x10 CMakeFiles/HEllOWORLD.elf.dir/Core/Src/stm32f4xx_it.c.obj
                0x08002c78                TIM6_DAC_IRQHandler
 .text.DMA2_Stream0_IRQHandler
                0x08002c88       0x10 CMakeFiles/HEllOWORLD.elf.dir/Core/Src/stm32f4xx_it.c.obj
                0x08002c88                DMA2_Stream0_IRQHandler
 .text._getpid  0x08002c98        0x4 CMakeFiles/HEllOWORLD.elf.dir/Core/Src/syscalls.c.obj
                0x08002c98                _getpid
 .text._kill    0x08002c9c       0x10 CMakeFiles/HEllOWORLD.elf.dir/Core/Src/syscalls.c.obj
                0x08002c9c                _kill
 .text._exit    0x08002cac        0xc CMakeFiles/HEllOWORLD.elf.dir/Core/Src/syscalls.c.obj
                0x08002cac                _exit
 .text._sbrk    0x08002cb8       0x3c CMakeFiles/HEllOWORLD.elf.dir/Core/Src/syscalls.c.obj
                0x08002cb8                _sbrk
 .text._close   0x08002cf4        0x6 CMakeFiles/HEllOWORLD.elf.dir/Core/Src/syscalls.c.obj
                0x08002cf4                _close
 .text._fstat   0x08002cfa        0xa CMakeFiles/HEllOWORLD.elf.dir/Core/Src/syscalls.c.obj
                0x08002cfa                _fstat
 .text._isatty  0x08002d04        0x4 CMakeFiles/HEllOWORLD.elf.dir/Core/Src/syscalls.c.obj
                0x08002d04                _isatty
 .text._lseek   0x08002d08        0x4 CMakeFiles/HEllOWORLD.elf.dir/Core/Src/syscalls.c.obj
                0x08002d08                _lseek
 .text.SystemInit
                0x08002d0c       0x14 CMakeFiles/HEllOWORLD.elf.dir/Core/Src/system_stm32f4xx.c.obj
                0x08002d0c                SystemInit
 .text.MX_TIM2_Init
                0x08002d20       0x70 CMakeFiles/HEllOWORLD.elf.dir/Core/Src/tim.c.obj
                0x08002d20                MX_TIM2_Init
 .text.MX_TIM8_Init
                0x08002d90       0x70 CMakeFiles/HEllOWORLD.elf.dir/Core/Src/tim.c.obj
                0x08002d90                MX_TIM8_Init
 .text.MX_TIM9_Init
                0x08002e00       0x8c CMakeFiles/HEllOWORLD.elf.dir/Core/Src/tim.c.obj
                0x08002e00                MX_TIM9_Init
 .text.HAL_TIM_Base_MspInit
                0x08002e8c       0xc0 CMakeFiles/HEllOWORLD.elf.dir/Core/Src/tim.c.obj
                0x08002e8c                HAL_TIM_Base_MspInit
 .text.HAL_TIM_PWM_MspInit
                0x08002f4c       0x30 CMakeFiles/HEllOWORLD.elf.dir/Core/Src/tim.c.obj
                0x08002f4c                HAL_TIM_PWM_MspInit
 .text.HAL_TIM_MspPostInit
                0x08002f7c       0x58 CMakeFiles/HEllOWORLD.elf.dir/Core/Src/tim.c.obj
                0x08002f7c                HAL_TIM_MspPostInit
 .text.MX_TIM3_Init
                0x08002fd4       0x80 CMakeFiles/HEllOWORLD.elf.dir/Core/Src/tim.c.obj
                0x08002fd4                MX_TIM3_Init
 .text.MX_USART1_UART_Init
                0x08003054       0x34 CMakeFiles/HEllOWORLD.elf.dir/Core/Src/usart.c.obj
                0x08003054                MX_USART1_UART_Init
 .text.MX_USART3_UART_Init
                0x08003088       0x34 CMakeFiles/HEllOWORLD.elf.dir/Core/Src/usart.c.obj
                0x08003088                MX_USART3_UART_Init
 .text.HAL_UART_MspInit
                0x080030bc      0x118 CMakeFiles/HEllOWORLD.elf.dir/Core/Src/usart.c.obj
                0x080030bc                HAL_UART_MspInit
 .text.HAL_InitTick
                0x080031d4       0x4c CMakeFiles/HEllOWORLD.elf.dir/Drivers/STM32F4xx_HAL_Driver/Src/stm32f4xx_hal.c.obj
                0x080031d4                HAL_InitTick
 .text.HAL_Init
                0x08003220       0x34 CMakeFiles/HEllOWORLD.elf.dir/Drivers/STM32F4xx_HAL_Driver/Src/stm32f4xx_hal.c.obj
                0x08003220                HAL_Init
 .text.HAL_IncTick
                0x08003254       0x18 CMakeFiles/HEllOWORLD.elf.dir/Drivers/STM32F4xx_HAL_Driver/Src/stm32f4xx_hal.c.obj
                0x08003254                HAL_IncTick
 .text.HAL_GetTick
                0x0800326c        0xc CMakeFiles/HEllOWORLD.elf.dir/Drivers/STM32F4xx_HAL_Driver/Src/stm32f4xx_hal.c.obj
                0x0800326c                HAL_GetTick
 .text.ADC_Init
                0x08003278      0x134 CMakeFiles/HEllOWORLD.elf.dir/Drivers/STM32F4xx_HAL_Driver/Src/stm32f4xx_hal_adc.c.obj
 .text.HAL_ADC_Init
                0x080033ac       0x56 CMakeFiles/HEllOWORLD.elf.dir/Drivers/STM32F4xx_HAL_Driver/Src/stm32f4xx_hal_adc.c.obj
                0x080033ac                HAL_ADC_Init
 *fill*         0x08003402        0x2 
 .text.HAL_ADC_Start_DMA
                0x08003404      0x19c CMakeFiles/HEllOWORLD.elf.dir/Drivers/STM32F4xx_HAL_Driver/Src/stm32f4xx_hal_adc.c.obj
                0x08003404                HAL_ADC_Start_DMA
 .text.HAL_ADC_Stop_DMA
                0x080035a0       0x78 CMakeFiles/HEllOWORLD.elf.dir/Drivers/STM32F4xx_HAL_Driver/Src/stm32f4xx_hal_adc.c.obj
                0x080035a0                HAL_ADC_Stop_DMA
 .text.HAL_ADC_ConvHalfCpltCallback
                0x08003618        0x2 CMakeFiles/HEllOWORLD.elf.dir/Drivers/STM32F4xx_HAL_Driver/Src/stm32f4xx_hal_adc.c.obj
                0x08003618                HAL_ADC_ConvHalfCpltCallback
 .text.ADC_DMAHalfConvCplt
                0x0800361a        0xa CMakeFiles/HEllOWORLD.elf.dir/Drivers/STM32F4xx_HAL_Driver/Src/stm32f4xx_hal_adc.c.obj
 .text.HAL_ADC_ErrorCallback
                0x08003624        0x2 CMakeFiles/HEllOWORLD.elf.dir/Drivers/STM32F4xx_HAL_Driver/Src/stm32f4xx_hal_adc.c.obj
                0x08003624                HAL_ADC_ErrorCallback
 .text.ADC_DMAError
                0x08003626       0x16 CMakeFiles/HEllOWORLD.elf.dir/Drivers/STM32F4xx_HAL_Driver/Src/stm32f4xx_hal_adc.c.obj
 .text.ADC_DMAConvCplt
                0x0800363c       0x72 CMakeFiles/HEllOWORLD.elf.dir/Drivers/STM32F4xx_HAL_Driver/Src/stm32f4xx_hal_adc.c.obj
 *fill*         0x080036ae        0x2 
 .text.HAL_ADC_ConfigChannel
                0x080036b0      0x198 CMakeFiles/HEllOWORLD.elf.dir/Drivers/STM32F4xx_HAL_Driver/Src/stm32f4xx_hal_adc.c.obj
                0x080036b0                HAL_ADC_ConfigChannel
 .text.HAL_NVIC_SetPriorityGrouping
                0x08003848       0x24 CMakeFiles/HEllOWORLD.elf.dir/Drivers/STM32F4xx_HAL_Driver/Src/stm32f4xx_hal_cortex.c.obj
                0x08003848                HAL_NVIC_SetPriorityGrouping
 .text.HAL_NVIC_SetPriority
                0x0800386c       0x70 CMakeFiles/HEllOWORLD.elf.dir/Drivers/STM32F4xx_HAL_Driver/Src/stm32f4xx_hal_cortex.c.obj
                0x0800386c                HAL_NVIC_SetPriority
 .text.HAL_NVIC_EnableIRQ
                0x080038dc       0x1c CMakeFiles/HEllOWORLD.elf.dir/Drivers/STM32F4xx_HAL_Driver/Src/stm32f4xx_hal_cortex.c.obj
                0x080038dc                HAL_NVIC_EnableIRQ
 .text.HAL_SYSTICK_Config
                0x080038f8       0x28 CMakeFiles/HEllOWORLD.elf.dir/Drivers/STM32F4xx_HAL_Driver/Src/stm32f4xx_hal_cortex.c.obj
                0x080038f8                HAL_SYSTICK_Config
 .text.HAL_SYSTICK_CLKSourceConfig
                0x08003920       0x20 CMakeFiles/HEllOWORLD.elf.dir/Drivers/STM32F4xx_HAL_Driver/Src/stm32f4xx_hal_cortex.c.obj
                0x08003920                HAL_SYSTICK_CLKSourceConfig
 .text.HAL_DAC_Init
                0x08003940       0x24 CMakeFiles/HEllOWORLD.elf.dir/Drivers/STM32F4xx_HAL_Driver/Src/stm32f4xx_hal_dac.c.obj
                0x08003940                HAL_DAC_Init
 .text.HAL_DAC_Start_DMA
                0x08003964       0xfc CMakeFiles/HEllOWORLD.elf.dir/Drivers/STM32F4xx_HAL_Driver/Src/stm32f4xx_hal_dac.c.obj
                0x08003964                HAL_DAC_Start_DMA
 .text.HAL_DAC_Stop_DMA
                0x08003a60       0x56 CMakeFiles/HEllOWORLD.elf.dir/Drivers/STM32F4xx_HAL_Driver/Src/stm32f4xx_hal_dac.c.obj
                0x08003a60                HAL_DAC_Stop_DMA
 .text.HAL_DAC_ConvCpltCallbackCh1
                0x08003ab6        0x2 CMakeFiles/HEllOWORLD.elf.dir/Drivers/STM32F4xx_HAL_Driver/Src/stm32f4xx_hal_dac.c.obj
                0x08003ab6                HAL_DAC_ConvCpltCallbackCh1
 .text.DAC_DMAConvCpltCh1
                0x08003ab8       0x10 CMakeFiles/HEllOWORLD.elf.dir/Drivers/STM32F4xx_HAL_Driver/Src/stm32f4xx_hal_dac.c.obj
                0x08003ab8                DAC_DMAConvCpltCh1
 .text.HAL_DAC_ConvHalfCpltCallbackCh1
                0x08003ac8        0x2 CMakeFiles/HEllOWORLD.elf.dir/Drivers/STM32F4xx_HAL_Driver/Src/stm32f4xx_hal_dac.c.obj
                0x08003ac8                HAL_DAC_ConvHalfCpltCallbackCh1
 .text.DAC_DMAHalfConvCpltCh1
                0x08003aca        0xa CMakeFiles/HEllOWORLD.elf.dir/Drivers/STM32F4xx_HAL_Driver/Src/stm32f4xx_hal_dac.c.obj
                0x08003aca                DAC_DMAHalfConvCpltCh1
 .text.HAL_DAC_ErrorCallbackCh1
                0x08003ad4        0x2 CMakeFiles/HEllOWORLD.elf.dir/Drivers/STM32F4xx_HAL_Driver/Src/stm32f4xx_hal_dac.c.obj
                0x08003ad4                HAL_DAC_ErrorCallbackCh1
 .text.DAC_DMAErrorCh1
                0x08003ad6       0x18 CMakeFiles/HEllOWORLD.elf.dir/Drivers/STM32F4xx_HAL_Driver/Src/stm32f4xx_hal_dac.c.obj
                0x08003ad6                DAC_DMAErrorCh1
 .text.HAL_DAC_DMAUnderrunCallbackCh1
                0x08003aee        0x2 CMakeFiles/HEllOWORLD.elf.dir/Drivers/STM32F4xx_HAL_Driver/Src/stm32f4xx_hal_dac.c.obj
                0x08003aee                HAL_DAC_DMAUnderrunCallbackCh1
 .text.HAL_DAC_IRQHandler
                0x08003af0       0x70 CMakeFiles/HEllOWORLD.elf.dir/Drivers/STM32F4xx_HAL_Driver/Src/stm32f4xx_hal_dac.c.obj
                0x08003af0                HAL_DAC_IRQHandler
 .text.HAL_DAC_ConfigChannel
                0x08003b60       0x56 CMakeFiles/HEllOWORLD.elf.dir/Drivers/STM32F4xx_HAL_Driver/Src/stm32f4xx_hal_dac.c.obj
                0x08003b60                HAL_DAC_ConfigChannel
 .text.HAL_DACEx_ConvCpltCallbackCh2
                0x08003bb6        0x2 CMakeFiles/HEllOWORLD.elf.dir/Drivers/STM32F4xx_HAL_Driver/Src/stm32f4xx_hal_dac_ex.c.obj
                0x08003bb6                HAL_DACEx_ConvCpltCallbackCh2
 .text.HAL_DACEx_ConvHalfCpltCallbackCh2
                0x08003bb8        0x2 CMakeFiles/HEllOWORLD.elf.dir/Drivers/STM32F4xx_HAL_Driver/Src/stm32f4xx_hal_dac_ex.c.obj
                0x08003bb8                HAL_DACEx_ConvHalfCpltCallbackCh2
 .text.HAL_DACEx_ErrorCallbackCh2
                0x08003bba        0x2 CMakeFiles/HEllOWORLD.elf.dir/Drivers/STM32F4xx_HAL_Driver/Src/stm32f4xx_hal_dac_ex.c.obj
                0x08003bba                HAL_DACEx_ErrorCallbackCh2
 .text.HAL_DACEx_DMAUnderrunCallbackCh2
                0x08003bbc        0x2 CMakeFiles/HEllOWORLD.elf.dir/Drivers/STM32F4xx_HAL_Driver/Src/stm32f4xx_hal_dac_ex.c.obj
                0x08003bbc                HAL_DACEx_DMAUnderrunCallbackCh2
 .text.DAC_DMAConvCpltCh2
                0x08003bbe       0x10 CMakeFiles/HEllOWORLD.elf.dir/Drivers/STM32F4xx_HAL_Driver/Src/stm32f4xx_hal_dac_ex.c.obj
                0x08003bbe                DAC_DMAConvCpltCh2
 .text.DAC_DMAHalfConvCpltCh2
                0x08003bce        0xa CMakeFiles/HEllOWORLD.elf.dir/Drivers/STM32F4xx_HAL_Driver/Src/stm32f4xx_hal_dac_ex.c.obj
                0x08003bce                DAC_DMAHalfConvCpltCh2
 .text.DAC_DMAErrorCh2
                0x08003bd8       0x18 CMakeFiles/HEllOWORLD.elf.dir/Drivers/STM32F4xx_HAL_Driver/Src/stm32f4xx_hal_dac_ex.c.obj
                0x08003bd8                DAC_DMAErrorCh2
 .text.DMA_SetConfig
                0x08003bf0       0x2c CMakeFiles/HEllOWORLD.elf.dir/Drivers/STM32F4xx_HAL_Driver/Src/stm32f4xx_hal_dma.c.obj
 .text.DMA_CalcBaseAndBitshift
                0x08003c1c       0x44 CMakeFiles/HEllOWORLD.elf.dir/Drivers/STM32F4xx_HAL_Driver/Src/stm32f4xx_hal_dma.c.obj
 .text.DMA_CheckFifoParam
                0x08003c60       0x8e CMakeFiles/HEllOWORLD.elf.dir/Drivers/STM32F4xx_HAL_Driver/Src/stm32f4xx_hal_dma.c.obj
 *fill*         0x08003cee        0x2 
 .text.HAL_DMA_Init
                0x08003cf0       0xcc CMakeFiles/HEllOWORLD.elf.dir/Drivers/STM32F4xx_HAL_Driver/Src/stm32f4xx_hal_dma.c.obj
                0x08003cf0                HAL_DMA_Init
 .text.HAL_DMA_Start
                0x08003dbc       0x48 CMakeFiles/HEllOWORLD.elf.dir/Drivers/STM32F4xx_HAL_Driver/Src/stm32f4xx_hal_dma.c.obj
                0x08003dbc                HAL_DMA_Start
 .text.HAL_DMA_Start_IT
                0x08003e04       0x6a CMakeFiles/HEllOWORLD.elf.dir/Drivers/STM32F4xx_HAL_Driver/Src/stm32f4xx_hal_dma.c.obj
                0x08003e04                HAL_DMA_Start_IT
 .text.HAL_DMA_Abort
                0x08003e6e       0x94 CMakeFiles/HEllOWORLD.elf.dir/Drivers/STM32F4xx_HAL_Driver/Src/stm32f4xx_hal_dma.c.obj
                0x08003e6e                HAL_DMA_Abort
 .text.HAL_DMA_Abort_IT
                0x08003f02       0x26 CMakeFiles/HEllOWORLD.elf.dir/Drivers/STM32F4xx_HAL_Driver/Src/stm32f4xx_hal_dma.c.obj
                0x08003f02                HAL_DMA_Abort_IT
 .text.HAL_DMA_IRQHandler
                0x08003f28      0x1dc CMakeFiles/HEllOWORLD.elf.dir/Drivers/STM32F4xx_HAL_Driver/Src/stm32f4xx_hal_dma.c.obj
                0x08003f28                HAL_DMA_IRQHandler
 .text.HAL_GPIO_Init
                0x08004104      0x1e4 CMakeFiles/HEllOWORLD.elf.dir/Drivers/STM32F4xx_HAL_Driver/Src/stm32f4xx_hal_gpio.c.obj
                0x08004104                HAL_GPIO_Init
 .text.HAL_GPIO_ReadPin
                0x080042e8        0xe CMakeFiles/HEllOWORLD.elf.dir/Drivers/STM32F4xx_HAL_Driver/Src/stm32f4xx_hal_gpio.c.obj
                0x080042e8                HAL_GPIO_ReadPin
 .text.HAL_GPIO_WritePin
                0x080042f6        0xc CMakeFiles/HEllOWORLD.elf.dir/Drivers/STM32F4xx_HAL_Driver/Src/stm32f4xx_hal_gpio.c.obj
                0x080042f6                HAL_GPIO_WritePin
 *fill*         0x08004302        0x2 
 .text.HAL_RCC_OscConfig
                0x08004304      0x3f8 CMakeFiles/HEllOWORLD.elf.dir/Drivers/STM32F4xx_HAL_Driver/Src/stm32f4xx_hal_rcc.c.obj
                0x08004304                HAL_RCC_OscConfig
 .text.HAL_RCC_GetSysClockFreq
                0x080046fc       0xd4 CMakeFiles/HEllOWORLD.elf.dir/Drivers/STM32F4xx_HAL_Driver/Src/stm32f4xx_hal_rcc.c.obj
                0x080046fc                HAL_RCC_GetSysClockFreq
 .text.HAL_RCC_ClockConfig
                0x080047d0      0x160 CMakeFiles/HEllOWORLD.elf.dir/Drivers/STM32F4xx_HAL_Driver/Src/stm32f4xx_hal_rcc.c.obj
                0x080047d0                HAL_RCC_ClockConfig
 .text.HAL_RCC_GetHCLKFreq
                0x08004930        0xc CMakeFiles/HEllOWORLD.elf.dir/Drivers/STM32F4xx_HAL_Driver/Src/stm32f4xx_hal_rcc.c.obj
                0x08004930                HAL_RCC_GetHCLKFreq
 .text.HAL_RCC_GetPCLK1Freq
                0x0800493c       0x20 CMakeFiles/HEllOWORLD.elf.dir/Drivers/STM32F4xx_HAL_Driver/Src/stm32f4xx_hal_rcc.c.obj
                0x0800493c                HAL_RCC_GetPCLK1Freq
 .text.HAL_RCC_GetPCLK2Freq
                0x0800495c       0x20 CMakeFiles/HEllOWORLD.elf.dir/Drivers/STM32F4xx_HAL_Driver/Src/stm32f4xx_hal_rcc.c.obj
                0x0800495c                HAL_RCC_GetPCLK2Freq
 .text.HAL_SRAM_Init
                0x0800497c       0x58 CMakeFiles/HEllOWORLD.elf.dir/Drivers/STM32F4xx_HAL_Driver/Src/stm32f4xx_hal_sram.c.obj
                0x0800497c                HAL_SRAM_Init
 .text.TIM_OC1_SetConfig
                0x080049d4       0x68 CMakeFiles/HEllOWORLD.elf.dir/Drivers/STM32F4xx_HAL_Driver/Src/stm32f4xx_hal_tim.c.obj
 .text.TIM_OC3_SetConfig
                0x08004a3c       0x70 CMakeFiles/HEllOWORLD.elf.dir/Drivers/STM32F4xx_HAL_Driver/Src/stm32f4xx_hal_tim.c.obj
 .text.TIM_OC4_SetConfig
                0x08004aac       0x50 CMakeFiles/HEllOWORLD.elf.dir/Drivers/STM32F4xx_HAL_Driver/Src/stm32f4xx_hal_tim.c.obj
 .text.TIM_TI1_ConfigInputStage
                0x08004afc       0x26 CMakeFiles/HEllOWORLD.elf.dir/Drivers/STM32F4xx_HAL_Driver/Src/stm32f4xx_hal_tim.c.obj
 .text.TIM_TI2_SetConfig
                0x08004b22       0x36 CMakeFiles/HEllOWORLD.elf.dir/Drivers/STM32F4xx_HAL_Driver/Src/stm32f4xx_hal_tim.c.obj
 .text.TIM_TI2_ConfigInputStage
                0x08004b58       0x28 CMakeFiles/HEllOWORLD.elf.dir/Drivers/STM32F4xx_HAL_Driver/Src/stm32f4xx_hal_tim.c.obj
 .text.TIM_TI3_SetConfig
                0x08004b80       0x36 CMakeFiles/HEllOWORLD.elf.dir/Drivers/STM32F4xx_HAL_Driver/Src/stm32f4xx_hal_tim.c.obj
 .text.TIM_TI4_SetConfig
                0x08004bb6       0x36 CMakeFiles/HEllOWORLD.elf.dir/Drivers/STM32F4xx_HAL_Driver/Src/stm32f4xx_hal_tim.c.obj
 .text.TIM_ITRx_SetConfig
                0x08004bec       0x10 CMakeFiles/HEllOWORLD.elf.dir/Drivers/STM32F4xx_HAL_Driver/Src/stm32f4xx_hal_tim.c.obj
 .text.HAL_TIM_Base_Start
                0x08004bfc       0x7c CMakeFiles/HEllOWORLD.elf.dir/Drivers/STM32F4xx_HAL_Driver/Src/stm32f4xx_hal_tim.c.obj
                0x08004bfc                HAL_TIM_Base_Start
 .text.HAL_TIM_Base_Stop
                0x08004c78       0x28 CMakeFiles/HEllOWORLD.elf.dir/Drivers/STM32F4xx_HAL_Driver/Src/stm32f4xx_hal_tim.c.obj
                0x08004c78                HAL_TIM_Base_Stop
 .text.HAL_TIM_Base_Start_IT
                0x08004ca0       0x88 CMakeFiles/HEllOWORLD.elf.dir/Drivers/STM32F4xx_HAL_Driver/Src/stm32f4xx_hal_tim.c.obj
                0x08004ca0                HAL_TIM_Base_Start_IT
 .text.HAL_TIM_Base_Stop_IT
                0x08004d28       0x32 CMakeFiles/HEllOWORLD.elf.dir/Drivers/STM32F4xx_HAL_Driver/Src/stm32f4xx_hal_tim.c.obj
                0x08004d28                HAL_TIM_Base_Stop_IT
 .text.HAL_TIM_IC_MspInit
                0x08004d5a        0x2 CMakeFiles/HEllOWORLD.elf.dir/Drivers/STM32F4xx_HAL_Driver/Src/stm32f4xx_hal_tim.c.obj
                0x08004d5a                HAL_TIM_IC_MspInit
 .text.HAL_TIM_ReadCapturedValue
                0x08004d5c       0x32 CMakeFiles/HEllOWORLD.elf.dir/Drivers/STM32F4xx_HAL_Driver/Src/stm32f4xx_hal_tim.c.obj
                0x08004d5c                HAL_TIM_ReadCapturedValue
 .text.HAL_TIM_OC_DelayElapsedCallback
                0x08004d8e        0x2 CMakeFiles/HEllOWORLD.elf.dir/Drivers/STM32F4xx_HAL_Driver/Src/stm32f4xx_hal_tim.c.obj
                0x08004d8e                HAL_TIM_OC_DelayElapsedCallback
 .text.HAL_TIM_PWM_PulseFinishedCallback
                0x08004d90        0x2 CMakeFiles/HEllOWORLD.elf.dir/Drivers/STM32F4xx_HAL_Driver/Src/stm32f4xx_hal_tim.c.obj
                0x08004d90                HAL_TIM_PWM_PulseFinishedCallback
 .text.HAL_TIM_TriggerCallback
                0x08004d92        0x2 CMakeFiles/HEllOWORLD.elf.dir/Drivers/STM32F4xx_HAL_Driver/Src/stm32f4xx_hal_tim.c.obj
                0x08004d92                HAL_TIM_TriggerCallback
 .text.HAL_TIM_IRQHandler
                0x08004d94      0x17a CMakeFiles/HEllOWORLD.elf.dir/Drivers/STM32F4xx_HAL_Driver/Src/stm32f4xx_hal_tim.c.obj
                0x08004d94                HAL_TIM_IRQHandler
 *fill*         0x08004f0e        0x2 
 .text.TIM_Base_SetConfig
                0x08004f10       0xc8 CMakeFiles/HEllOWORLD.elf.dir/Drivers/STM32F4xx_HAL_Driver/Src/stm32f4xx_hal_tim.c.obj
                0x08004f10                TIM_Base_SetConfig
 .text.HAL_TIM_Base_Init
                0x08004fd8       0x58 CMakeFiles/HEllOWORLD.elf.dir/Drivers/STM32F4xx_HAL_Driver/Src/stm32f4xx_hal_tim.c.obj
                0x08004fd8                HAL_TIM_Base_Init
 .text.HAL_TIM_PWM_Init
                0x08005030       0x58 CMakeFiles/HEllOWORLD.elf.dir/Drivers/STM32F4xx_HAL_Driver/Src/stm32f4xx_hal_tim.c.obj
                0x08005030                HAL_TIM_PWM_Init
 .text.HAL_TIM_IC_Init
                0x08005088       0x58 CMakeFiles/HEllOWORLD.elf.dir/Drivers/STM32F4xx_HAL_Driver/Src/stm32f4xx_hal_tim.c.obj
                0x08005088                HAL_TIM_IC_Init
 .text.TIM_OC2_SetConfig
                0x080050e0       0x70 CMakeFiles/HEllOWORLD.elf.dir/Drivers/STM32F4xx_HAL_Driver/Src/stm32f4xx_hal_tim.c.obj
                0x080050e0                TIM_OC2_SetConfig
 .text.HAL_TIM_PWM_ConfigChannel
                0x08005150       0xdc CMakeFiles/HEllOWORLD.elf.dir/Drivers/STM32F4xx_HAL_Driver/Src/stm32f4xx_hal_tim.c.obj
                0x08005150                HAL_TIM_PWM_ConfigChannel
 .text.TIM_TI1_SetConfig
                0x0800522c       0x7c CMakeFiles/HEllOWORLD.elf.dir/Drivers/STM32F4xx_HAL_Driver/Src/stm32f4xx_hal_tim.c.obj
                0x0800522c                TIM_TI1_SetConfig
 .text.HAL_TIM_IC_ConfigChannel
                0x080052a8       0xc4 CMakeFiles/HEllOWORLD.elf.dir/Drivers/STM32F4xx_HAL_Driver/Src/stm32f4xx_hal_tim.c.obj
                0x080052a8                HAL_TIM_IC_ConfigChannel
 .text.TIM_ETR_SetConfig
                0x0800536c       0x1a CMakeFiles/HEllOWORLD.elf.dir/Drivers/STM32F4xx_HAL_Driver/Src/stm32f4xx_hal_tim.c.obj
                0x0800536c                TIM_ETR_SetConfig
 .text.HAL_TIM_ConfigClockSource
                0x08005386       0xfe CMakeFiles/HEllOWORLD.elf.dir/Drivers/STM32F4xx_HAL_Driver/Src/stm32f4xx_hal_tim.c.obj
                0x08005386                HAL_TIM_ConfigClockSource
 .text.TIM_CCxChannelCmd
                0x08005484       0x1e CMakeFiles/HEllOWORLD.elf.dir/Drivers/STM32F4xx_HAL_Driver/Src/stm32f4xx_hal_tim.c.obj
                0x08005484                TIM_CCxChannelCmd
 *fill*         0x080054a2        0x2 
 .text.HAL_TIM_PWM_Start
                0x080054a4      0x104 CMakeFiles/HEllOWORLD.elf.dir/Drivers/STM32F4xx_HAL_Driver/Src/stm32f4xx_hal_tim.c.obj
                0x080054a4                HAL_TIM_PWM_Start
 .text.HAL_TIM_IC_Start_IT
                0x080055a8      0x174 CMakeFiles/HEllOWORLD.elf.dir/Drivers/STM32F4xx_HAL_Driver/Src/stm32f4xx_hal_tim.c.obj
                0x080055a8                HAL_TIM_IC_Start_IT
 .text.HAL_TIM_IC_Stop_IT
                0x0800571c       0xd0 CMakeFiles/HEllOWORLD.elf.dir/Drivers/STM32F4xx_HAL_Driver/Src/stm32f4xx_hal_tim.c.obj
                0x0800571c                HAL_TIM_IC_Stop_IT
 .text.HAL_TIMEx_MasterConfigSynchronization
                0x080057ec       0x8c CMakeFiles/HEllOWORLD.elf.dir/Drivers/STM32F4xx_HAL_Driver/Src/stm32f4xx_hal_tim_ex.c.obj
                0x080057ec                HAL_TIMEx_MasterConfigSynchronization
 .text.HAL_TIMEx_CommutCallback
                0x08005878        0x2 CMakeFiles/HEllOWORLD.elf.dir/Drivers/STM32F4xx_HAL_Driver/Src/stm32f4xx_hal_tim_ex.c.obj
                0x08005878                HAL_TIMEx_CommutCallback
 .text.HAL_TIMEx_BreakCallback
                0x0800587a        0x2 CMakeFiles/HEllOWORLD.elf.dir/Drivers/STM32F4xx_HAL_Driver/Src/stm32f4xx_hal_tim_ex.c.obj
                0x0800587a                HAL_TIMEx_BreakCallback
 .text.UART_EndRxTransfer
                0x0800587c       0x5c CMakeFiles/HEllOWORLD.elf.dir/Drivers/STM32F4xx_HAL_Driver/Src/stm32f4xx_hal_uart.c.obj
 .text.UART_Transmit_IT
                0x080058d8       0x60 CMakeFiles/HEllOWORLD.elf.dir/Drivers/STM32F4xx_HAL_Driver/Src/stm32f4xx_hal_uart.c.obj
 .text.UART_SetConfig
                0x08005938      0x110 CMakeFiles/HEllOWORLD.elf.dir/Drivers/STM32F4xx_HAL_Driver/Src/stm32f4xx_hal_uart.c.obj
 .text.UART_WaitOnFlagUntilTimeout
                0x08005a48       0x88 CMakeFiles/HEllOWORLD.elf.dir/Drivers/STM32F4xx_HAL_Driver/Src/stm32f4xx_hal_uart.c.obj
 .text.HAL_UART_Init
                0x08005ad0       0x5e CMakeFiles/HEllOWORLD.elf.dir/Drivers/STM32F4xx_HAL_Driver/Src/stm32f4xx_hal_uart.c.obj
                0x08005ad0                HAL_UART_Init
 .text.HAL_UART_Transmit
                0x08005b2e       0xd8 CMakeFiles/HEllOWORLD.elf.dir/Drivers/STM32F4xx_HAL_Driver/Src/stm32f4xx_hal_uart.c.obj
                0x08005b2e                HAL_UART_Transmit
 .text.HAL_UART_Receive
                0x08005c06       0xe4 CMakeFiles/HEllOWORLD.elf.dir/Drivers/STM32F4xx_HAL_Driver/Src/stm32f4xx_hal_uart.c.obj
                0x08005c06                HAL_UART_Receive
 .text.HAL_UART_TxCpltCallback
                0x08005cea        0x2 CMakeFiles/HEllOWORLD.elf.dir/Drivers/STM32F4xx_HAL_Driver/Src/stm32f4xx_hal_uart.c.obj
                0x08005cea                HAL_UART_TxCpltCallback
 .text.UART_EndTransmit_IT
                0x08005cec       0x1a CMakeFiles/HEllOWORLD.elf.dir/Drivers/STM32F4xx_HAL_Driver/Src/stm32f4xx_hal_uart.c.obj
 .text.HAL_UART_RxCpltCallback
                0x08005d06        0x2 CMakeFiles/HEllOWORLD.elf.dir/Drivers/STM32F4xx_HAL_Driver/Src/stm32f4xx_hal_uart.c.obj
                0x08005d06                HAL_UART_RxCpltCallback
 .text.HAL_UART_ErrorCallback
                0x08005d08        0x2 CMakeFiles/HEllOWORLD.elf.dir/Drivers/STM32F4xx_HAL_Driver/Src/stm32f4xx_hal_uart.c.obj
                0x08005d08                HAL_UART_ErrorCallback
 .text.UART_DMAAbortOnError
                0x08005d0a       0x10 CMakeFiles/HEllOWORLD.elf.dir/Drivers/STM32F4xx_HAL_Driver/Src/stm32f4xx_hal_uart.c.obj
 .text.HAL_UARTEx_RxEventCallback
                0x08005d1a        0x2 CMakeFiles/HEllOWORLD.elf.dir/Drivers/STM32F4xx_HAL_Driver/Src/stm32f4xx_hal_uart.c.obj
                0x08005d1a                HAL_UARTEx_RxEventCallback
 .text.UART_Receive_IT
                0x08005d1c       0xe2 CMakeFiles/HEllOWORLD.elf.dir/Drivers/STM32F4xx_HAL_Driver/Src/stm32f4xx_hal_uart.c.obj
 *fill*         0x08005dfe        0x2 
 .text.HAL_UART_IRQHandler
                0x08005e00      0x280 CMakeFiles/HEllOWORLD.elf.dir/Drivers/STM32F4xx_HAL_Driver/Src/stm32f4xx_hal_uart.c.obj
                0x08005e00                HAL_UART_IRQHandler
 .text.FSMC_NORSRAM_Init
                0x08006080       0x6c CMakeFiles/HEllOWORLD.elf.dir/Drivers/STM32F4xx_HAL_Driver/Src/stm32f4xx_ll_fsmc.c.obj
                0x08006080                FSMC_NORSRAM_Init
 .text.FSMC_NORSRAM_Timing_Init
                0x080060ec       0x44 CMakeFiles/HEllOWORLD.elf.dir/Drivers/STM32F4xx_HAL_Driver/Src/stm32f4xx_ll_fsmc.c.obj
                0x080060ec                FSMC_NORSRAM_Timing_Init
 .text.FSMC_NORSRAM_Extended_Timing_Init
                0x08006130       0x44 CMakeFiles/HEllOWORLD.elf.dir/Drivers/STM32F4xx_HAL_Driver/Src/stm32f4xx_ll_fsmc.c.obj
                0x08006130                FSMC_NORSRAM_Extended_Timing_Init
 .text.gui_frame
                0x08006174       0x50 CMakeFiles/HEllOWORLD.elf.dir/GUI/gui.c.obj
                0x08006174                gui_frame
 .text.gui_clear_frame
                0x080061c4       0x48 CMakeFiles/HEllOWORLD.elf.dir/GUI/gui.c.obj
                0x080061c4                gui_clear_frame
 .text.gui_ref_axis
                0x0800620c       0xdc CMakeFiles/HEllOWORLD.elf.dir/GUI/gui.c.obj
                0x0800620c                gui_ref_axis
 .text.gui_pwm_show_result
                0x080062e8      0x400 CMakeFiles/HEllOWORLD.elf.dir/GUI/gui.c.obj
                0x080062e8                gui_pwm_show_result
 .text.show_result
                0x080066e8      0x778 CMakeFiles/HEllOWORLD.elf.dir/GUI/gui.c.obj
                0x080066e8                show_result
 .text.graph    0x08006e60      0x134 CMakeFiles/HEllOWORLD.elf.dir/GUI/gui.c.obj
                0x08006e60                graph
 .text.key_scan
                0x08006f94       0xb0 CMakeFiles/HEllOWORLD.elf.dir/HardWare/key/key.c.obj
                0x08006f94                key_scan
 .text.demo_08  0x08007044       0xde CMakeFiles/HEllOWORLD.elf.dir/HardWare/lcd/demos.c.obj
 .text.half_sec_delay
                0x08007122        0xc CMakeFiles/HEllOWORLD.elf.dir/HardWare/lcd/demos.c.obj
 *fill*         0x0800712e        0x2 
 .text.demo_01  0x08007130       0xb0 CMakeFiles/HEllOWORLD.elf.dir/HardWare/lcd/demos.c.obj
 .text.start_demos
                0x080071e0       0x2c CMakeFiles/HEllOWORLD.elf.dir/HardWare/lcd/demos.c.obj
                0x080071e0                start_demos
 .text._lcd_wr_regno
                0x0800720c        0xc CMakeFiles/HEllOWORLD.elf.dir/HardWare/lcd/lcd.c.obj
                0x0800720c                _lcd_wr_regno
 .text._lcd_wr_data
                0x08007218        0xc CMakeFiles/HEllOWORLD.elf.dir/HardWare/lcd/lcd.c.obj
                0x08007218                _lcd_wr_data
 .text.lcd_write_reg
                0x08007224       0x10 CMakeFiles/HEllOWORLD.elf.dir/HardWare/lcd/lcd.c.obj
                0x08007224                lcd_write_reg
 .text.lcd_rd_data
                0x08007234       0x1c CMakeFiles/HEllOWORLD.elf.dir/HardWare/lcd/lcd.c.obj
                0x08007234                lcd_rd_data
 .text._lcd_r_regno
                0x08007250       0x12 CMakeFiles/HEllOWORLD.elf.dir/HardWare/lcd/lcd.c.obj
                0x08007250                _lcd_r_regno
 *fill*         0x08007262        0x2 
 .text.lcd_write_ram_prepare
                0x08007264       0x10 CMakeFiles/HEllOWORLD.elf.dir/HardWare/lcd/lcd.c.obj
                0x08007264                lcd_write_ram_prepare
 .text.lcd_set_cursor
                0x08007274       0x34 CMakeFiles/HEllOWORLD.elf.dir/HardWare/lcd/lcd.c.obj
                0x08007274                lcd_set_cursor
 .text.lcd_draw_point
                0x080072a8       0x14 CMakeFiles/HEllOWORLD.elf.dir/HardWare/lcd/lcd.c.obj
                0x080072a8                lcd_draw_point
 .text._lcd_clear
                0x080072bc       0x48 CMakeFiles/HEllOWORLD.elf.dir/HardWare/lcd/lcd.c.obj
                0x080072bc                _lcd_clear
 .text.lcd_fill
                0x08007304       0x44 CMakeFiles/HEllOWORLD.elf.dir/HardWare/lcd/lcd.c.obj
                0x08007304                lcd_fill
 .text.lcd_scan_dir
                0x08007348       0xa4 CMakeFiles/HEllOWORLD.elf.dir/HardWare/lcd/lcd.c.obj
                0x08007348                lcd_scan_dir
 .text.lcd_display_dir
                0x080073ec       0xb8 CMakeFiles/HEllOWORLD.elf.dir/HardWare/lcd/lcd.c.obj
                0x080073ec                lcd_display_dir
 .text.lcd_init
                0x080074a4       0x9c CMakeFiles/HEllOWORLD.elf.dir/HardWare/lcd/lcd.c.obj
                0x080074a4                lcd_init
 .text._lcd_ex_ili9341_reginit
                0x08007540      0x22c CMakeFiles/HEllOWORLD.elf.dir/HardWare/lcd/lcd_ex.c.obj
                0x08007540                _lcd_ex_ili9341_reginit
 .text._lcd_show_char
                0x0800776c      0x124 CMakeFiles/HEllOWORLD.elf.dir/HardWare/lcd/lcdlib.c.obj
                0x0800776c                _lcd_show_char
 .text._lcd_show_string
                0x08007890       0xb0 CMakeFiles/HEllOWORLD.elf.dir/HardWare/lcd/lcdlib.c.obj
                0x08007890                _lcd_show_string
 .text._lcd_pow
                0x08007940       0x16 CMakeFiles/HEllOWORLD.elf.dir/HardWare/lcd/lcdlib.c.obj
                0x08007940                _lcd_pow
 *fill*         0x08007956        0x2 
 .text._lcd_show_num
                0x08007958      0x10c CMakeFiles/HEllOWORLD.elf.dir/HardWare/lcd/lcdlib.c.obj
                0x08007958                _lcd_show_num
 .text._lcd_show_xnum
                0x08007a64      0x15c CMakeFiles/HEllOWORLD.elf.dir/HardWare/lcd/lcdlib.c.obj
                0x08007a64                _lcd_show_xnum
 .text.lcd_draw_hline
                0x08007bc0       0x38 CMakeFiles/HEllOWORLD.elf.dir/HardWare/lcd/lcdlib.c.obj
                0x08007bc0                lcd_draw_hline
 .text.lcd_draw_line
                0x08007bf8       0xa6 CMakeFiles/HEllOWORLD.elf.dir/HardWare/lcd/lcdlib.c.obj
                0x08007bf8                lcd_draw_line
 .text.lcd_draw_rectangle
                0x08007c9e       0x52 CMakeFiles/HEllOWORLD.elf.dir/HardWare/lcd/lcdlib.c.obj
                0x08007c9e                lcd_draw_rectangle
 .text.lcd_show_string_config
                0x08007cf0       0x86 CMakeFiles/HEllOWORLD.elf.dir/HardWare/lcd/lcdlib.c.obj
                0x08007cf0                lcd_show_string_config
 *fill*         0x08007d76        0x2 
 .text.calc_tim_arr_psc
                0x08007d78       0x64 CMakeFiles/HEllOWORLD.elf.dir/SignalProcess/SignalProcess.c.obj
                0x08007d78                calc_tim_arr_psc
 .text.digital_to_analog_mv
                0x08007ddc       0x18 CMakeFiles/HEllOWORLD.elf.dir/SignalProcess/SignalProcess.c.obj
                0x08007ddc                digital_to_analog_mv
 .text.get_signal_max
                0x08007df4       0x1a CMakeFiles/HEllOWORLD.elf.dir/SignalProcess/SignalProcess.c.obj
                0x08007df4                get_signal_max
 .text.get_signal_min
                0x08007e0e       0x1a CMakeFiles/HEllOWORLD.elf.dir/SignalProcess/SignalProcess.c.obj
                0x08007e0e                get_signal_min
 .text.get_signal_peak_to_peak
                0x08007e28       0x32 CMakeFiles/HEllOWORLD.elf.dir/SignalProcess/SignalProcess.c.obj
                0x08007e28                get_signal_peak_to_peak
 .text.get_signal_rms
                0x08007e5a       0x18 CMakeFiles/HEllOWORLD.elf.dir/SignalProcess/SignalProcess.c.obj
                0x08007e5a                get_signal_rms
 *fill*         0x08007e72        0x2 
 .text.adc_process
                0x08007e74      0x124 CMakeFiles/HEllOWORLD.elf.dir/SignalProcess/SignalProcess.c.obj
                0x08007e74                adc_process
 .text.dac_init_dma
                0x08007f98       0x4c CMakeFiles/HEllOWORLD.elf.dir/SignalProcess/SignalProcess_dac.c.obj
                0x08007f98                dac_init_dma
 .text.dac_creat_sin_buf
                0x08007fe4       0xac CMakeFiles/HEllOWORLD.elf.dir/SignalProcess/SignalProcess_dac.c.obj
                0x08007fe4                dac_creat_sin_buf
 .text.dac_creat_tri_buf
                0x08008090       0x8c CMakeFiles/HEllOWORLD.elf.dir/SignalProcess/SignalProcess_dac.c.obj
                0x08008090                dac_creat_tri_buf
 .text.dac_dma_enable
                0x0800811c       0xa8 CMakeFiles/HEllOWORLD.elf.dir/SignalProcess/SignalProcess_dac.c.obj
                0x0800811c                dac_dma_enable
 .text.dac_set  0x080081c4      0x18c CMakeFiles/HEllOWORLD.elf.dir/SignalProcess/SignalProcess_dac.c.obj
                0x080081c4                dac_set
 .text.dac_out  0x08008350       0x2c CMakeFiles/HEllOWORLD.elf.dir/SignalProcess/SignalProcess_dac.c.obj
                0x08008350                dac_out
 .text.cfft     0x0800837c      0x108 CMakeFiles/HEllOWORLD.elf.dir/SignalProcess/SignalProcess_fft.c.obj
                0x0800837c                cfft
 .text.fft_get_freq
                0x08008484       0x80 CMakeFiles/HEllOWORLD.elf.dir/SignalProcess/SignalProcess_fft.c.obj
                0x08008484                fft_get_freq
 *fill*         0x08008504        0x4 
 .text.fft_get_THD
                0x08008508      0x128 CMakeFiles/HEllOWORLD.elf.dir/SignalProcess/SignalProcess_fft.c.obj
                0x08008508                fft_get_THD
 .text.fft_recognize_wave
                0x08008630       0xd8 CMakeFiles/HEllOWORLD.elf.dir/SignalProcess/SignalProcess_fft.c.obj
                0x08008630                fft_recognize_wave
 .text._pwmFreAdjust
                0x08008708       0x3c CMakeFiles/HEllOWORLD.elf.dir/SignalProcess/SignalProcess_pwm.c.obj
                0x08008708                _pwmFreAdjust
 .text._pwmFreAdjust_psc
                0x08008744       0x50 CMakeFiles/HEllOWORLD.elf.dir/SignalProcess/SignalProcess_pwm.c.obj
                0x08008744                _pwmFreAdjust_psc
 .text._pwm_out
                0x08008794       0x20 CMakeFiles/HEllOWORLD.elf.dir/SignalProcess/SignalProcess_pwm.c.obj
                0x08008794                _pwm_out
 .text.HAL_TIM_PeriodElapsedCallback
                0x080087b4       0x20 CMakeFiles/HEllOWORLD.elf.dir/SignalProcess/SignalProcess_pwm.c.obj
                0x080087b4                HAL_TIM_PeriodElapsedCallback
 .text.HAL_TIM_IC_CaptureCallback
                0x080087d4      0x184 CMakeFiles/HEllOWORLD.elf.dir/SignalProcess/SignalProcess_pwm.c.obj
                0x080087d4                HAL_TIM_IC_CaptureCallback
 .text._pwm_input
                0x08008958      0x108 CMakeFiles/HEllOWORLD.elf.dir/SignalProcess/SignalProcess_pwm.c.obj
                0x08008958                _pwm_input
 .text.windows  0x08008a60       0x42 CMakeFiles/HEllOWORLD.elf.dir/SignalProcess/SignalProcess_windows.c.obj
                0x08008a60                windows
 *fill*         0x08008aa2        0x2 
 .text.adc_check
                0x08008aa4       0x60 CMakeFiles/HEllOWORLD.elf.dir/SignalProcess/SingnalProcess_adc.c.obj
                0x08008aa4                adc_check
 .text.adc_init_dma
                0x08008b04       0x2c CMakeFiles/HEllOWORLD.elf.dir/SignalProcess/SingnalProcess_adc.c.obj
                0x08008b04                adc_init_dma
 .text.adc_start_auto
                0x08008b30       0x4c CMakeFiles/HEllOWORLD.elf.dir/SignalProcess/SingnalProcess_adc.c.obj
                0x08008b30                adc_start_auto
 .text.adc_stop
                0x08008b7c       0x24 CMakeFiles/HEllOWORLD.elf.dir/SignalProcess/SingnalProcess_adc.c.obj
                0x08008b7c                adc_stop
 .text.HAL_ADC_ConvCpltCallback
                0x08008ba0       0x2c CMakeFiles/HEllOWORLD.elf.dir/SignalProcess/SingnalProcess_adc.c.obj
                0x08008ba0                HAL_ADC_ConvCpltCallback
 .text.delay_init
                0x08008bcc       0x14 CMakeFiles/HEllOWORLD.elf.dir/System/delay/delay.c.obj
                0x08008bcc                delay_init
 .text.delay_us
                0x08008be0       0x40 CMakeFiles/HEllOWORLD.elf.dir/System/delay/delay.c.obj
                0x08008be0                delay_us
 .text.delay_ms
                0x08008c20       0x18 CMakeFiles/HEllOWORLD.elf.dir/System/delay/delay.c.obj
                0x08008c20                delay_ms
 .text.RetargetInit
                0x08008c38       0x20 CMakeFiles/HEllOWORLD.elf.dir/System/usart/retarget.c.obj
                0x08008c38                RetargetInit
 .text._write   0x08008c58       0x34 CMakeFiles/HEllOWORLD.elf.dir/System/usart/retarget.c.obj
                0x08008c58                _write
 .text._read    0x08008c8c       0x30 CMakeFiles/HEllOWORLD.elf.dir/System/usart/retarget.c.obj
                0x08008c8c                _read
 .text.Reset_Handler
                0x08008cbc       0x50 CMakeFiles/HEllOWORLD.elf.dir/startup/startup_stm32f407xx.s.obj
                0x08008cbc                Reset_Handler
 .text.Default_Handler
                0x08008d0c        0x2 CMakeFiles/HEllOWORLD.elf.dir/startup/startup_stm32f407xx.s.obj
                0x08008d0c                RTC_Alarm_IRQHandler
                0x08008d0c                HASH_RNG_IRQHandler
                0x08008d0c                EXTI2_IRQHandler
                0x08008d0c                TIM8_CC_IRQHandler
                0x08008d0c                TIM1_CC_IRQHandler
                0x08008d0c                DMA2_Stream5_IRQHandler
                0x08008d0c                PVD_IRQHandler
                0x08008d0c                SDIO_IRQHandler
                0x08008d0c                TAMP_STAMP_IRQHandler
                0x08008d0c                CAN2_RX1_IRQHandler
                0x08008d0c                EXTI3_IRQHandler
                0x08008d0c                TIM8_TRG_COM_TIM14_IRQHandler
                0x08008d0c                TIM1_UP_TIM10_IRQHandler
                0x08008d0c                TIM8_UP_TIM13_IRQHandler
                0x08008d0c                I2C3_ER_IRQHandler
                0x08008d0c                EXTI0_IRQHandler
                0x08008d0c                I2C2_EV_IRQHandler
                0x08008d0c                DMA1_Stream2_IRQHandler
                0x08008d0c                CAN1_RX0_IRQHandler
                0x08008d0c                FPU_IRQHandler
                0x08008d0c                OTG_HS_WKUP_IRQHandler
                0x08008d0c                CAN2_SCE_IRQHandler
                0x08008d0c                DMA2_Stream2_IRQHandler
                0x08008d0c                SPI1_IRQHandler
                0x08008d0c                DCMI_IRQHandler
                0x08008d0c                CAN2_RX0_IRQHandler
                0x08008d0c                DMA2_Stream3_IRQHandler
                0x08008d0c                USART6_IRQHandler
                0x08008d0c                CAN1_RX1_IRQHandler
                0x08008d0c                UART5_IRQHandler
                0x08008d0c                TIM4_IRQHandler
                0x08008d0c                I2C1_EV_IRQHandler
                0x08008d0c                UART4_IRQHandler
                0x08008d0c                TIM3_IRQHandler
                0x08008d0c                RCC_IRQHandler
                0x08008d0c                TIM8_BRK_TIM12_IRQHandler
                0x08008d0c                Default_Handler
                0x08008d0c                EXTI15_10_IRQHandler
                0x08008d0c                ADC_IRQHandler
                0x08008d0c                DMA1_Stream7_IRQHandler
                0x08008d0c                TIM7_IRQHandler
                0x08008d0c                CAN2_TX_IRQHandler
                0x08008d0c                TIM5_IRQHandler
                0x08008d0c                DMA2_Stream7_IRQHandler
                0x08008d0c                I2C3_EV_IRQHandler
                0x08008d0c                EXTI9_5_IRQHandler
                0x08008d0c                RTC_WKUP_IRQHandler
                0x08008d0c                ETH_WKUP_IRQHandler
                0x08008d0c                SPI2_IRQHandler
                0x08008d0c                OTG_HS_EP1_IN_IRQHandler
                0x08008d0c                DMA1_Stream0_IRQHandler
                0x08008d0c                CAN1_TX_IRQHandler
                0x08008d0c                EXTI4_IRQHandler
                0x08008d0c                FSMC_IRQHandler
                0x08008d0c                ETH_IRQHandler
                0x08008d0c                OTG_HS_EP1_OUT_IRQHandler
                0x08008d0c                WWDG_IRQHandler
                0x08008d0c                TIM2_IRQHandler
                0x08008d0c                OTG_FS_WKUP_IRQHandler
                0x08008d0c                TIM1_TRG_COM_TIM11_IRQHandler
                0x08008d0c                OTG_HS_IRQHandler
                0x08008d0c                EXTI1_IRQHandler
                0x08008d0c                USART2_IRQHandler
                0x08008d0c                I2C2_ER_IRQHandler
                0x08008d0c                DMA2_Stream1_IRQHandler
                0x08008d0c                CAN1_SCE_IRQHandler
                0x08008d0c                FLASH_IRQHandler
                0x08008d0c                DMA2_Stream4_IRQHandler
                0x08008d0c                USART1_IRQHandler
                0x08008d0c                OTG_FS_IRQHandler
                0x08008d0c                SPI3_IRQHandler
                0x08008d0c                DMA1_Stream4_IRQHandler
                0x08008d0c                I2C1_ER_IRQHandler
                0x08008d0c                DMA2_Stream6_IRQHandler
                0x08008d0c                DMA1_Stream3_IRQHandler
 *fill*         0x08008d0e        0x2 
 .text.__errno  0x08008d10        0xc c:/mingw/gcc-arm-none-eabi-10.3-2021.10/bin/../lib/gcc/arm-none-eabi/10.3.1/../../../../arm-none-eabi/lib/thumb/v7e-m+fp/hard\libc.a(lib_a-errno.o)
                0x08008d10                __errno
 .text.__libc_init_array
                0x08008d1c       0x48 c:/mingw/gcc-arm-none-eabi-10.3-2021.10/bin/../lib/gcc/arm-none-eabi/10.3.1/../../../../arm-none-eabi/lib/thumb/v7e-m+fp/hard\libc.a(lib_a-init.o)
                0x08008d1c                __libc_init_array
 .text.memset   0x08008d64       0xa4 c:/mingw/gcc-arm-none-eabi-10.3-2021.10/bin/../lib/gcc/arm-none-eabi/10.3.1/../../../../arm-none-eabi/lib/thumb/v7e-m+fp/hard\libc.a(lib_a-memset.o)
                0x08008d64                memset
 .text.printf   0x08008e08       0x28 c:/mingw/gcc-arm-none-eabi-10.3-2021.10/bin/../lib/gcc/arm-none-eabi/10.3.1/../../../../arm-none-eabi/lib/thumb/v7e-m+fp/hard\libc.a(lib_a-printf.o)
                0x08008e08                printf
 .text._puts_r  0x08008e30       0x9c c:/mingw/gcc-arm-none-eabi-10.3-2021.10/bin/../lib/gcc/arm-none-eabi/10.3.1/../../../../arm-none-eabi/lib/thumb/v7e-m+fp/hard\libc.a(lib_a-puts.o)
                0x08008e30                _puts_r
 .text.puts     0x08008ecc       0x10 c:/mingw/gcc-arm-none-eabi-10.3-2021.10/bin/../lib/gcc/arm-none-eabi/10.3.1/../../../../arm-none-eabi/lib/thumb/v7e-m+fp/hard\libc.a(lib_a-puts.o)
                0x08008ecc                puts
 .text.setvbuf  0x08008edc      0x1b0 c:/mingw/gcc-arm-none-eabi-10.3-2021.10/bin/../lib/gcc/arm-none-eabi/10.3.1/../../../../arm-none-eabi/lib/thumb/v7e-m+fp/hard\libc.a(lib_a-setvbuf.o)
                0x08008edc                setvbuf
 *fill*         0x0800908c        0x4 
 .text._vfprintf_r
                0x08009090     0x1b90 c:/mingw/gcc-arm-none-eabi-10.3-2021.10/bin/../lib/gcc/arm-none-eabi/10.3.1/../../../../arm-none-eabi/lib/thumb/v7e-m+fp/hard\libc.a(lib_a-vfprintf.o)
                0x08009090                _vfprintf_r
 .text.__sbprintf
                0x0800ac20       0x80 c:/mingw/gcc-arm-none-eabi-10.3-2021.10/bin/../lib/gcc/arm-none-eabi/10.3.1/../../../../arm-none-eabi/lib/thumb/v7e-m+fp/hard\libc.a(lib_a-vfprintf.o)
 .text.__swsetup_r
                0x0800aca0       0xd4 c:/mingw/gcc-arm-none-eabi-10.3-2021.10/bin/../lib/gcc/arm-none-eabi/10.3.1/../../../../arm-none-eabi/lib/thumb/v7e-m+fp/hard\libc.a(lib_a-wsetup.o)
                0x0800aca0                __swsetup_r
 .text.startup.register_fini
                0x0800ad74       0x14 c:/mingw/gcc-arm-none-eabi-10.3-2021.10/bin/../lib/gcc/arm-none-eabi/10.3.1/../../../../arm-none-eabi/lib/thumb/v7e-m+fp/hard\libc.a(lib_a-__call_atexit.o)
 .text.atexit   0x0800ad88        0xc c:/mingw/gcc-arm-none-eabi-10.3-2021.10/bin/../lib/gcc/arm-none-eabi/10.3.1/../../../../arm-none-eabi/lib/thumb/v7e-m+fp/hard\libc.a(lib_a-atexit.o)
                0x0800ad88                atexit
 .text.quorem   0x0800ad94      0x128 c:/mingw/gcc-arm-none-eabi-10.3-2021.10/bin/../lib/gcc/arm-none-eabi/10.3.1/../../../../arm-none-eabi/lib/thumb/v7e-m+fp/hard\libc.a(lib_a-dtoa.o)
 *fill*         0x0800aebc        0x4 
 .text._dtoa_r  0x0800aec0      0xf3c c:/mingw/gcc-arm-none-eabi-10.3-2021.10/bin/../lib/gcc/arm-none-eabi/10.3.1/../../../../arm-none-eabi/lib/thumb/v7e-m+fp/hard\libc.a(lib_a-dtoa.o)
                0x0800aec0                _dtoa_r
 .text.__sflush_r
                0x0800bdfc      0x130 c:/mingw/gcc-arm-none-eabi-10.3-2021.10/bin/../lib/gcc/arm-none-eabi/10.3.1/../../../../arm-none-eabi/lib/thumb/v7e-m+fp/hard\libc.a(lib_a-fflush.o)
                0x0800bdfc                __sflush_r
 .text._fflush_r
                0x0800bf2c       0x5c c:/mingw/gcc-arm-none-eabi-10.3-2021.10/bin/../lib/gcc/arm-none-eabi/10.3.1/../../../../arm-none-eabi/lib/thumb/v7e-m+fp/hard\libc.a(lib_a-fflush.o)
                0x0800bf2c                _fflush_r
 .text._cleanup_r
                0x0800bf88        0xc c:/mingw/gcc-arm-none-eabi-10.3-2021.10/bin/../lib/gcc/arm-none-eabi/10.3.1/../../../../arm-none-eabi/lib/thumb/v7e-m+fp/hard\libc.a(lib_a-findfp.o)
                0x0800bf88                _cleanup_r
 .text.__sinit  0x0800bf94      0x10c c:/mingw/gcc-arm-none-eabi-10.3-2021.10/bin/../lib/gcc/arm-none-eabi/10.3.1/../../../../arm-none-eabi/lib/thumb/v7e-m+fp/hard\libc.a(lib_a-findfp.o)
                0x0800bf94                __sinit
 .text.__sfp_lock_acquire
                0x0800c0a0        0xc c:/mingw/gcc-arm-none-eabi-10.3-2021.10/bin/../lib/gcc/arm-none-eabi/10.3.1/../../../../arm-none-eabi/lib/thumb/v7e-m+fp/hard\libc.a(lib_a-findfp.o)
                0x0800c0a0                __sfp_lock_acquire
 .text.__sfp_lock_release
                0x0800c0ac        0xc c:/mingw/gcc-arm-none-eabi-10.3-2021.10/bin/../lib/gcc/arm-none-eabi/10.3.1/../../../../arm-none-eabi/lib/thumb/v7e-m+fp/hard\libc.a(lib_a-findfp.o)
                0x0800c0ac                __sfp_lock_release
 .text.__libc_fini_array
                0x0800c0b8       0x2c c:/mingw/gcc-arm-none-eabi-10.3-2021.10/bin/../lib/gcc/arm-none-eabi/10.3.1/../../../../arm-none-eabi/lib/thumb/v7e-m+fp/hard\libc.a(lib_a-fini.o)
                0x0800c0b8                __libc_fini_array
 .text._malloc_trim_r
                0x0800c0e4       0xa0 c:/mingw/gcc-arm-none-eabi-10.3-2021.10/bin/../lib/gcc/arm-none-eabi/10.3.1/../../../../arm-none-eabi/lib/thumb/v7e-m+fp/hard\libc.a(lib_a-freer.o)
                0x0800c0e4                _malloc_trim_r
 .text._free_r  0x0800c184      0x20c c:/mingw/gcc-arm-none-eabi-10.3-2021.10/bin/../lib/gcc/arm-none-eabi/10.3.1/../../../../arm-none-eabi/lib/thumb/v7e-m+fp/hard\libc.a(lib_a-freer.o)
                0x0800c184                _free_r
 .text.__sfvwrite_r
                0x0800c390      0x2f0 c:/mingw/gcc-arm-none-eabi-10.3-2021.10/bin/../lib/gcc/arm-none-eabi/10.3.1/../../../../arm-none-eabi/lib/thumb/v7e-m+fp/hard\libc.a(lib_a-fvwrite.o)
                0x0800c390                __sfvwrite_r
 .text._fwalk_reent
                0x0800c680       0x48 c:/mingw/gcc-arm-none-eabi-10.3-2021.10/bin/../lib/gcc/arm-none-eabi/10.3.1/../../../../arm-none-eabi/lib/thumb/v7e-m+fp/hard\libc.a(lib_a-fwalk.o)
                0x0800c680                _fwalk_reent
 .text._localeconv_r
                0x0800c6c8        0x8 c:/mingw/gcc-arm-none-eabi-10.3-2021.10/bin/../lib/gcc/arm-none-eabi/10.3.1/../../../../arm-none-eabi/lib/thumb/v7e-m+fp/hard\libc.a(lib_a-localeconv.o)
                0x0800c6c8                _localeconv_r
 .text.__retarget_lock_init_recursive
                0x0800c6d0        0x4 c:/mingw/gcc-arm-none-eabi-10.3-2021.10/bin/../lib/gcc/arm-none-eabi/10.3.1/../../../../arm-none-eabi/lib/thumb/v7e-m+fp/hard\libc.a(lib_a-lock.o)
                0x0800c6d0                __retarget_lock_init_recursive
 .text.__retarget_lock_close_recursive
                0x0800c6d4        0x4 c:/mingw/gcc-arm-none-eabi-10.3-2021.10/bin/../lib/gcc/arm-none-eabi/10.3.1/../../../../arm-none-eabi/lib/thumb/v7e-m+fp/hard\libc.a(lib_a-lock.o)
                0x0800c6d4                __retarget_lock_close_recursive
 .text.__retarget_lock_acquire_recursive
                0x0800c6d8        0x4 c:/mingw/gcc-arm-none-eabi-10.3-2021.10/bin/../lib/gcc/arm-none-eabi/10.3.1/../../../../arm-none-eabi/lib/thumb/v7e-m+fp/hard\libc.a(lib_a-lock.o)
                0x0800c6d8                __retarget_lock_acquire_recursive
 .text.__retarget_lock_release_recursive
                0x0800c6dc        0x4 c:/mingw/gcc-arm-none-eabi-10.3-2021.10/bin/../lib/gcc/arm-none-eabi/10.3.1/../../../../arm-none-eabi/lib/thumb/v7e-m+fp/hard\libc.a(lib_a-lock.o)
                0x0800c6dc                __retarget_lock_release_recursive
 .text.__smakebuf_r
                0x0800c6e0       0xe0 c:/mingw/gcc-arm-none-eabi-10.3-2021.10/bin/../lib/gcc/arm-none-eabi/10.3.1/../../../../arm-none-eabi/lib/thumb/v7e-m+fp/hard\libc.a(lib_a-makebuf.o)
                0x0800c6e0                __smakebuf_r
 .text.__swhatbuf_r
                0x0800c7c0       0x60 c:/mingw/gcc-arm-none-eabi-10.3-2021.10/bin/../lib/gcc/arm-none-eabi/10.3.1/../../../../arm-none-eabi/lib/thumb/v7e-m+fp/hard\libc.a(lib_a-makebuf.o)
                0x0800c7c0                __swhatbuf_r
 .text.malloc   0x0800c820       0x10 c:/mingw/gcc-arm-none-eabi-10.3-2021.10/bin/../lib/gcc/arm-none-eabi/10.3.1/../../../../arm-none-eabi/lib/thumb/v7e-m+fp/hard\libc.a(lib_a-malloc.o)
                0x0800c820                malloc
 .text._malloc_r
                0x0800c830      0x560 c:/mingw/gcc-arm-none-eabi-10.3-2021.10/bin/../lib/gcc/arm-none-eabi/10.3.1/../../../../arm-none-eabi/lib/thumb/v7e-m+fp/hard\libc.a(lib_a-mallocr.o)
                0x0800c830                _malloc_r
 .text.memmove  0x0800cd90       0xf8 c:/mingw/gcc-arm-none-eabi-10.3-2021.10/bin/../lib/gcc/arm-none-eabi/10.3.1/../../../../arm-none-eabi/lib/thumb/v7e-m+fp/hard\libc.a(lib_a-memmove.o)
                0x0800cd90                memmove
 .text.__malloc_lock
                0x0800ce88        0xc c:/mingw/gcc-arm-none-eabi-10.3-2021.10/bin/../lib/gcc/arm-none-eabi/10.3.1/../../../../arm-none-eabi/lib/thumb/v7e-m+fp/hard\libc.a(lib_a-mlock.o)
                0x0800ce88                __malloc_lock
 .text.__malloc_unlock
                0x0800ce94        0xc c:/mingw/gcc-arm-none-eabi-10.3-2021.10/bin/../lib/gcc/arm-none-eabi/10.3.1/../../../../arm-none-eabi/lib/thumb/v7e-m+fp/hard\libc.a(lib_a-mlock.o)
                0x0800ce94                __malloc_unlock
 .text._Balloc  0x0800cea0       0x4c c:/mingw/gcc-arm-none-eabi-10.3-2021.10/bin/../lib/gcc/arm-none-eabi/10.3.1/../../../../arm-none-eabi/lib/thumb/v7e-m+fp/hard\libc.a(lib_a-mprec.o)
                0x0800cea0                _Balloc
 .text._Bfree   0x0800ceec       0x14 c:/mingw/gcc-arm-none-eabi-10.3-2021.10/bin/../lib/gcc/arm-none-eabi/10.3.1/../../../../arm-none-eabi/lib/thumb/v7e-m+fp/hard\libc.a(lib_a-mprec.o)
                0x0800ceec                _Bfree
 .text.__multadd
                0x0800cf00       0xa8 c:/mingw/gcc-arm-none-eabi-10.3-2021.10/bin/../lib/gcc/arm-none-eabi/10.3.1/../../../../arm-none-eabi/lib/thumb/v7e-m+fp/hard\libc.a(lib_a-mprec.o)
                0x0800cf00                __multadd
 .text.__hi0bits
                0x0800cfa8       0x40 c:/mingw/gcc-arm-none-eabi-10.3-2021.10/bin/../lib/gcc/arm-none-eabi/10.3.1/../../../../arm-none-eabi/lib/thumb/v7e-m+fp/hard\libc.a(lib_a-mprec.o)
                0x0800cfa8                __hi0bits
 .text.__lo0bits
                0x0800cfe8       0x60 c:/mingw/gcc-arm-none-eabi-10.3-2021.10/bin/../lib/gcc/arm-none-eabi/10.3.1/../../../../arm-none-eabi/lib/thumb/v7e-m+fp/hard\libc.a(lib_a-mprec.o)
                0x0800cfe8                __lo0bits
 .text.__i2b    0x0800d048       0x5c c:/mingw/gcc-arm-none-eabi-10.3-2021.10/bin/../lib/gcc/arm-none-eabi/10.3.1/../../../../arm-none-eabi/lib/thumb/v7e-m+fp/hard\libc.a(lib_a-mprec.o)
                0x0800d048                __i2b
 .text.__multiply
                0x0800d0a4      0x15c c:/mingw/gcc-arm-none-eabi-10.3-2021.10/bin/../lib/gcc/arm-none-eabi/10.3.1/../../../../arm-none-eabi/lib/thumb/v7e-m+fp/hard\libc.a(lib_a-mprec.o)
                0x0800d0a4                __multiply
 .text.__pow5mult
                0x0800d200       0xc0 c:/mingw/gcc-arm-none-eabi-10.3-2021.10/bin/../lib/gcc/arm-none-eabi/10.3.1/../../../../arm-none-eabi/lib/thumb/v7e-m+fp/hard\libc.a(lib_a-mprec.o)
                0x0800d200                __pow5mult
 .text.__lshift
                0x0800d2c0       0xf0 c:/mingw/gcc-arm-none-eabi-10.3-2021.10/bin/../lib/gcc/arm-none-eabi/10.3.1/../../../../arm-none-eabi/lib/thumb/v7e-m+fp/hard\libc.a(lib_a-mprec.o)
                0x0800d2c0                __lshift
 .text.__mcmp   0x0800d3b0       0x44 c:/mingw/gcc-arm-none-eabi-10.3-2021.10/bin/../lib/gcc/arm-none-eabi/10.3.1/../../../../arm-none-eabi/lib/thumb/v7e-m+fp/hard\libc.a(lib_a-mprec.o)
                0x0800d3b0                __mcmp
 .text.__mdiff  0x0800d3f4      0x14c c:/mingw/gcc-arm-none-eabi-10.3-2021.10/bin/../lib/gcc/arm-none-eabi/10.3.1/../../../../arm-none-eabi/lib/thumb/v7e-m+fp/hard\libc.a(lib_a-mprec.o)
                0x0800d3f4                __mdiff
 .text.__d2b    0x0800d540       0xd0 c:/mingw/gcc-arm-none-eabi-10.3-2021.10/bin/../lib/gcc/arm-none-eabi/10.3.1/../../../../arm-none-eabi/lib/thumb/v7e-m+fp/hard\libc.a(lib_a-mprec.o)
                0x0800d540                __d2b
 .text._realloc_r
                0x0800d610      0x3d8 c:/mingw/gcc-arm-none-eabi-10.3-2021.10/bin/../lib/gcc/arm-none-eabi/10.3.1/../../../../arm-none-eabi/lib/thumb/v7e-m+fp/hard\libc.a(lib_a-reallocr.o)
                0x0800d610                _realloc_r
 .text.frexp    0x0800d9e8       0x6c c:/mingw/gcc-arm-none-eabi-10.3-2021.10/bin/../lib/gcc/arm-none-eabi/10.3.1/../../../../arm-none-eabi/lib/thumb/v7e-m+fp/hard\libc.a(lib_a-s_frexp.o)
                0x0800d9e8                frexp
 .text._sbrk_r  0x0800da54       0x24 c:/mingw/gcc-arm-none-eabi-10.3-2021.10/bin/../lib/gcc/arm-none-eabi/10.3.1/../../../../arm-none-eabi/lib/thumb/v7e-m+fp/hard\libc.a(lib_a-sbrkr.o)
                0x0800da54                _sbrk_r
 .text.__sread  0x0800da78       0x24 c:/mingw/gcc-arm-none-eabi-10.3-2021.10/bin/../lib/gcc/arm-none-eabi/10.3.1/../../../../arm-none-eabi/lib/thumb/v7e-m+fp/hard\libc.a(lib_a-stdio.o)
                0x0800da78                __sread
 .text.__swrite
                0x0800da9c       0x40 c:/mingw/gcc-arm-none-eabi-10.3-2021.10/bin/../lib/gcc/arm-none-eabi/10.3.1/../../../../arm-none-eabi/lib/thumb/v7e-m+fp/hard\libc.a(lib_a-stdio.o)
                0x0800da9c                __swrite
 .text.__sseek  0x0800dadc       0x20 c:/mingw/gcc-arm-none-eabi-10.3-2021.10/bin/../lib/gcc/arm-none-eabi/10.3.1/../../../../arm-none-eabi/lib/thumb/v7e-m+fp/hard\libc.a(lib_a-stdio.o)
                0x0800dadc                __sseek
 .text.__sclose
                0x0800dafc        0x8 c:/mingw/gcc-arm-none-eabi-10.3-2021.10/bin/../lib/gcc/arm-none-eabi/10.3.1/../../../../arm-none-eabi/lib/thumb/v7e-m+fp/hard\libc.a(lib_a-stdio.o)
                0x0800dafc                __sclose
 .text.strncpy  0x0800db04       0x64 c:/mingw/gcc-arm-none-eabi-10.3-2021.10/bin/../lib/gcc/arm-none-eabi/10.3.1/../../../../arm-none-eabi/lib/thumb/v7e-m+fp/hard\libc.a(lib_a-strncpy.o)
                0x0800db04                strncpy
 .text.__sprint_r.part.0
                0x0800db68       0x78 c:/mingw/gcc-arm-none-eabi-10.3-2021.10/bin/../lib/gcc/arm-none-eabi/10.3.1/../../../../arm-none-eabi/lib/thumb/v7e-m+fp/hard\libc.a(lib_a-vfiprintf.o)
 .text.__sprint_r
                0x0800dbe0       0x18 c:/mingw/gcc-arm-none-eabi-10.3-2021.10/bin/../lib/gcc/arm-none-eabi/10.3.1/../../../../arm-none-eabi/lib/thumb/v7e-m+fp/hard\libc.a(lib_a-vfiprintf.o)
                0x0800dbe0                __sprint_r
 .text._vfiprintf_r
                0x0800dbf8      0xdfc c:/mingw/gcc-arm-none-eabi-10.3-2021.10/bin/../lib/gcc/arm-none-eabi/10.3.1/../../../../arm-none-eabi/lib/thumb/v7e-m+fp/hard\libc.a(lib_a-vfiprintf.o)
                0x0800dbf8                _vfiprintf_r
 .text.__sbprintf
                0x0800e9f4       0x80 c:/mingw/gcc-arm-none-eabi-10.3-2021.10/bin/../lib/gcc/arm-none-eabi/10.3.1/../../../../arm-none-eabi/lib/thumb/v7e-m+fp/hard\libc.a(lib_a-vfiprintf.o)
 .text._write_r
                0x0800ea74       0x2c c:/mingw/gcc-arm-none-eabi-10.3-2021.10/bin/../lib/gcc/arm-none-eabi/10.3.1/../../../../arm-none-eabi/lib/thumb/v7e-m+fp/hard\libc.a(lib_a-writer.o)
                0x0800ea74                _write_r
 .text.__register_exitproc
                0x0800eaa0       0x8c c:/mingw/gcc-arm-none-eabi-10.3-2021.10/bin/../lib/gcc/arm-none-eabi/10.3.1/../../../../arm-none-eabi/lib/thumb/v7e-m+fp/hard\libc.a(lib_a-__atexit.o)
                0x0800eaa0                __register_exitproc
 .text.__assert_func
                0x0800eb2c       0x40 c:/mingw/gcc-arm-none-eabi-10.3-2021.10/bin/../lib/gcc/arm-none-eabi/10.3.1/../../../../arm-none-eabi/lib/thumb/v7e-m+fp/hard\libc.a(lib_a-assert.o)
                0x0800eb2c                __assert_func
 .text._calloc_r
                0x0800eb6c       0x78 c:/mingw/gcc-arm-none-eabi-10.3-2021.10/bin/../lib/gcc/arm-none-eabi/10.3.1/../../../../arm-none-eabi/lib/thumb/v7e-m+fp/hard\libc.a(lib_a-callocr.o)
                0x0800eb6c                _calloc_r
 .text._close_r
                0x0800ebe4       0x24 c:/mingw/gcc-arm-none-eabi-10.3-2021.10/bin/../lib/gcc/arm-none-eabi/10.3.1/../../../../arm-none-eabi/lib/thumb/v7e-m+fp/hard\libc.a(lib_a-closer.o)
                0x0800ebe4                _close_r
 .text._fclose_r
                0x0800ec08       0xcc c:/mingw/gcc-arm-none-eabi-10.3-2021.10/bin/../lib/gcc/arm-none-eabi/10.3.1/../../../../arm-none-eabi/lib/thumb/v7e-m+fp/hard\libc.a(lib_a-fclose.o)
                0x0800ec08                _fclose_r
 .text.fiprintf
                0x0800ecd4       0x28 c:/mingw/gcc-arm-none-eabi-10.3-2021.10/bin/../lib/gcc/arm-none-eabi/10.3.1/../../../../arm-none-eabi/lib/thumb/v7e-m+fp/hard\libc.a(lib_a-fiprintf.o)
                0x0800ecd4                fiprintf
 .text.__fputwc
                0x0800ecfc       0xa8 c:/mingw/gcc-arm-none-eabi-10.3-2021.10/bin/../lib/gcc/arm-none-eabi/10.3.1/../../../../arm-none-eabi/lib/thumb/v7e-m+fp/hard\libc.a(lib_a-fputwc.o)
                0x0800ecfc                __fputwc
 .text._fputwc_r
                0x0800eda4       0x68 c:/mingw/gcc-arm-none-eabi-10.3-2021.10/bin/../lib/gcc/arm-none-eabi/10.3.1/../../../../arm-none-eabi/lib/thumb/v7e-m+fp/hard\libc.a(lib_a-fputwc.o)
                0x0800eda4                _fputwc_r
 .text._fstat_r
                0x0800ee0c       0x2c c:/mingw/gcc-arm-none-eabi-10.3-2021.10/bin/../lib/gcc/arm-none-eabi/10.3.1/../../../../arm-none-eabi/lib/thumb/v7e-m+fp/hard\libc.a(lib_a-fstatr.o)
                0x0800ee0c                _fstat_r
 .text._isatty_r
                0x0800ee38       0x24 c:/mingw/gcc-arm-none-eabi-10.3-2021.10/bin/../lib/gcc/arm-none-eabi/10.3.1/../../../../arm-none-eabi/lib/thumb/v7e-m+fp/hard\libc.a(lib_a-isattyr.o)
                0x0800ee38                _isatty_r
 .text.__locale_mb_cur_max
                0x0800ee5c        0xc c:/mingw/gcc-arm-none-eabi-10.3-2021.10/bin/../lib/gcc/arm-none-eabi/10.3.1/../../../../arm-none-eabi/lib/thumb/v7e-m+fp/hard\libc.a(lib_a-locale.o)
                0x0800ee5c                __locale_mb_cur_max
 .text._lseek_r
                0x0800ee68       0x2c c:/mingw/gcc-arm-none-eabi-10.3-2021.10/bin/../lib/gcc/arm-none-eabi/10.3.1/../../../../arm-none-eabi/lib/thumb/v7e-m+fp/hard\libc.a(lib_a-lseekr.o)
                0x0800ee68                _lseek_r
 .text.__ascii_mbtowc
                0x0800ee94       0x2c c:/mingw/gcc-arm-none-eabi-10.3-2021.10/bin/../lib/gcc/arm-none-eabi/10.3.1/../../../../arm-none-eabi/lib/thumb/v7e-m+fp/hard\libc.a(lib_a-mbtowc_r.o)
                0x0800ee94                __ascii_mbtowc
 .text._read_r  0x0800eec0       0x2c c:/mingw/gcc-arm-none-eabi-10.3-2021.10/bin/../lib/gcc/arm-none-eabi/10.3.1/../../../../arm-none-eabi/lib/thumb/v7e-m+fp/hard\libc.a(lib_a-readr.o)
                0x0800eec0                _read_r
 .text.__swbuf_r
                0x0800eeec       0xb0 c:/mingw/gcc-arm-none-eabi-10.3-2021.10/bin/../lib/gcc/arm-none-eabi/10.3.1/../../../../arm-none-eabi/lib/thumb/v7e-m+fp/hard\libc.a(lib_a-wbuf.o)
                0x0800eeec                __swbuf_r
 .text._wcrtomb_r
                0x0800ef9c       0x3c c:/mingw/gcc-arm-none-eabi-10.3-2021.10/bin/../lib/gcc/arm-none-eabi/10.3.1/../../../../arm-none-eabi/lib/thumb/v7e-m+fp/hard\libc.a(lib_a-wcrtomb.o)
                0x0800ef9c                _wcrtomb_r
 .text.__ascii_wctomb
                0x0800efd8       0x1c c:/mingw/gcc-arm-none-eabi-10.3-2021.10/bin/../lib/gcc/arm-none-eabi/10.3.1/../../../../arm-none-eabi/lib/thumb/v7e-m+fp/hard\libc.a(lib_a-wctomb_r.o)
                0x0800efd8                __ascii_wctomb
 .text.abort    0x0800eff4       0x10 c:/mingw/gcc-arm-none-eabi-10.3-2021.10/bin/../lib/gcc/arm-none-eabi/10.3.1/../../../../arm-none-eabi/lib/thumb/v7e-m+fp/hard\libc.a(lib_a-abort.o)
                0x0800eff4                abort
 .text.raise    0x0800f004       0x5c c:/mingw/gcc-arm-none-eabi-10.3-2021.10/bin/../lib/gcc/arm-none-eabi/10.3.1/../../../../arm-none-eabi/lib/thumb/v7e-m+fp/hard\libc.a(lib_a-signal.o)
                0x0800f004                raise
 .text._kill_r  0x0800f060       0x2c c:/mingw/gcc-arm-none-eabi-10.3-2021.10/bin/../lib/gcc/arm-none-eabi/10.3.1/../../../../arm-none-eabi/lib/thumb/v7e-m+fp/hard\libc.a(lib_a-signalr.o)
                0x0800f060                _kill_r
 .text._getpid_r
                0x0800f08c        0x4 c:/mingw/gcc-arm-none-eabi-10.3-2021.10/bin/../lib/gcc/arm-none-eabi/10.3.1/../../../../arm-none-eabi/lib/thumb/v7e-m+fp/hard\libc.a(lib_a-signalr.o)
                0x0800f08c                _getpid_r
 .text.round    0x0800f090       0xa0 c:/mingw/gcc-arm-none-eabi-10.3-2021.10/bin/../lib/gcc/arm-none-eabi/10.3.1/../../../../arm-none-eabi/lib/thumb/v7e-m+fp/hard\libm.a(lib_a-s_round.o)
                0x0800f090                round
 .text.cosf     0x0800f130       0x70 c:/mingw/gcc-arm-none-eabi-10.3-2021.10/bin/../lib/gcc/arm-none-eabi/10.3.1/../../../../arm-none-eabi/lib/thumb/v7e-m+fp/hard\libm.a(lib_a-sf_cos.o)
                0x0800f130                cosf
 .text.pow      0x0800f1a0       0xf0 c:/mingw/gcc-arm-none-eabi-10.3-2021.10/bin/../lib/gcc/arm-none-eabi/10.3.1/../../../../arm-none-eabi/lib/thumb/v7e-m+fp/hard\libm.a(lib_a-w_pow.o)
                0x0800f1a0                pow
 .text.sqrt     0x0800f290       0x68 c:/mingw/gcc-arm-none-eabi-10.3-2021.10/bin/../lib/gcc/arm-none-eabi/10.3.1/../../../../arm-none-eabi/lib/thumb/v7e-m+fp/hard\libm.a(lib_a-w_sqrt.o)
                0x0800f290                sqrt
 .text.__ieee754_pow
                0x0800f2f8      0xb74 c:/mingw/gcc-arm-none-eabi-10.3-2021.10/bin/../lib/gcc/arm-none-eabi/10.3.1/../../../../arm-none-eabi/lib/thumb/v7e-m+fp/hard\libm.a(lib_a-e_pow.o)
                0x0800f2f8                __ieee754_pow
 .text.__ieee754_sqrt
                0x0800fe6c      0x198 c:/mingw/gcc-arm-none-eabi-10.3-2021.10/bin/../lib/gcc/arm-none-eabi/10.3.1/../../../../arm-none-eabi/lib/thumb/v7e-m+fp/hard\libm.a(lib_a-e_sqrt.o)
                0x0800fe6c                __ieee754_sqrt
 .text.__ieee754_rem_pio2f
                0x08010004      0x264 c:/mingw/gcc-arm-none-eabi-10.3-2021.10/bin/../lib/gcc/arm-none-eabi/10.3.1/../../../../arm-none-eabi/lib/thumb/v7e-m+fp/hard\libm.a(lib_a-ef_rem_pio2.o)
                0x08010004                __ieee754_rem_pio2f
 .text.__kernel_cosf
                0x08010268      0x104 c:/mingw/gcc-arm-none-eabi-10.3-2021.10/bin/../lib/gcc/arm-none-eabi/10.3.1/../../../../arm-none-eabi/lib/thumb/v7e-m+fp/hard\libm.a(lib_a-kf_cos.o)
                0x08010268                __kernel_cosf
 .text.__kernel_rem_pio2f
                0x0801036c      0x674 c:/mingw/gcc-arm-none-eabi-10.3-2021.10/bin/../lib/gcc/arm-none-eabi/10.3.1/../../../../arm-none-eabi/lib/thumb/v7e-m+fp/hard\libm.a(lib_a-kf_rem_pio2.o)
                0x0801036c                __kernel_rem_pio2f
 .text.__kernel_sinf
                0x080109e0       0x90 c:/mingw/gcc-arm-none-eabi-10.3-2021.10/bin/../lib/gcc/arm-none-eabi/10.3.1/../../../../arm-none-eabi/lib/thumb/v7e-m+fp/hard\libm.a(lib_a-kf_sin.o)
                0x080109e0                __kernel_sinf
 .text.with_errno
                0x08010a70       0x18 c:/mingw/gcc-arm-none-eabi-10.3-2021.10/bin/../lib/gcc/arm-none-eabi/10.3.1/../../../../arm-none-eabi/lib/thumb/v7e-m+fp/hard\libm.a(lib_a-math_err.o)
 .text.xflow    0x08010a88       0x2c c:/mingw/gcc-arm-none-eabi-10.3-2021.10/bin/../lib/gcc/arm-none-eabi/10.3.1/../../../../arm-none-eabi/lib/thumb/v7e-m+fp/hard\libm.a(lib_a-math_err.o)
 .text.__math_uflow
                0x08010ab4       0x14 c:/mingw/gcc-arm-none-eabi-10.3-2021.10/bin/../lib/gcc/arm-none-eabi/10.3.1/../../../../arm-none-eabi/lib/thumb/v7e-m+fp/hard\libm.a(lib_a-math_err.o)
                0x08010ab4                __math_uflow
 .text.__math_oflow
                0x08010ac8       0x14 c:/mingw/gcc-arm-none-eabi-10.3-2021.10/bin/../lib/gcc/arm-none-eabi/10.3.1/../../../../arm-none-eabi/lib/thumb/v7e-m+fp/hard\libm.a(lib_a-math_err.o)
                0x08010ac8                __math_oflow
 .text.fabs     0x08010adc       0x14 c:/mingw/gcc-arm-none-eabi-10.3-2021.10/bin/../lib/gcc/arm-none-eabi/10.3.1/../../../../arm-none-eabi/lib/thumb/v7e-m+fp/hard\libm.a(lib_a-s_fabs.o)
                0x08010adc                fabs
 .text.finite   0x08010af0       0x18 c:/mingw/gcc-arm-none-eabi-10.3-2021.10/bin/../lib/gcc/arm-none-eabi/10.3.1/../../../../arm-none-eabi/lib/thumb/v7e-m+fp/hard\libm.a(lib_a-s_finite.o)
                0x08010af0                finite
 .text.scalbn   0x08010b08      0x124 c:/mingw/gcc-arm-none-eabi-10.3-2021.10/bin/../lib/gcc/arm-none-eabi/10.3.1/../../../../arm-none-eabi/lib/thumb/v7e-m+fp/hard\libm.a(lib_a-s_scalbn.o)
                0x08010b08                scalbn
 .text.fabsf    0x08010c2c       0x10 c:/mingw/gcc-arm-none-eabi-10.3-2021.10/bin/../lib/gcc/arm-none-eabi/10.3.1/../../../../arm-none-eabi/lib/thumb/v7e-m+fp/hard\libm.a(lib_a-sf_fabs.o)
                0x08010c2c                fabsf
 .text.floorf   0x08010c3c       0x8c c:/mingw/gcc-arm-none-eabi-10.3-2021.10/bin/../lib/gcc/arm-none-eabi/10.3.1/../../../../arm-none-eabi/lib/thumb/v7e-m+fp/hard\libm.a(lib_a-sf_floor.o)
                0x08010c3c                floorf
 .text.scalbnf  0x08010cc8       0xe4 c:/mingw/gcc-arm-none-eabi-10.3-2021.10/bin/../lib/gcc/arm-none-eabi/10.3.1/../../../../arm-none-eabi/lib/thumb/v7e-m+fp/hard\libm.a(lib_a-sf_scalbn.o)
                0x08010cc8                scalbnf
 *(.glue_7)
 .glue_7        0x08010dac        0x0 linker stubs
 *(.glue_7t)
 .glue_7t       0x08010dac        0x0 linker stubs
 *(.eh_frame)
 .eh_frame      0x08010dac        0x0 c:/mingw/gcc-arm-none-eabi-10.3-2021.10/bin/../lib/gcc/arm-none-eabi/10.3.1/thumb/v7e-m+fp/hard/crtbegin.o
 *(.init)
 .init          0x08010dac        0x4 c:/mingw/gcc-arm-none-eabi-10.3-2021.10/bin/../lib/gcc/arm-none-eabi/10.3.1/thumb/v7e-m+fp/hard/crti.o
                0x08010dac                _init
 .init          0x08010db0        0x8 c:/mingw/gcc-arm-none-eabi-10.3-2021.10/bin/../lib/gcc/arm-none-eabi/10.3.1/thumb/v7e-m+fp/hard/crtn.o
 *(.fini)
 .fini          0x08010db8        0x4 c:/mingw/gcc-arm-none-eabi-10.3-2021.10/bin/../lib/gcc/arm-none-eabi/10.3.1/thumb/v7e-m+fp/hard/crti.o
                0x08010db8                _fini
 .fini          0x08010dbc        0x8 c:/mingw/gcc-arm-none-eabi-10.3-2021.10/bin/../lib/gcc/arm-none-eabi/10.3.1/thumb/v7e-m+fp/hard/crtn.o
                0x08010dc4                . = ALIGN (0x4)
                0x08010dc4                _etext = .

.vfp11_veneer   0x08010dc4        0x0
 .vfp11_veneer  0x08010dc4        0x0 linker stubs

.v4_bx          0x08010dc4        0x0
 .v4_bx         0x08010dc4        0x0 linker stubs

.iplt           0x08010dc4        0x0
 .iplt          0x08010dc4        0x0 c:/mingw/gcc-arm-none-eabi-10.3-2021.10/bin/../lib/gcc/arm-none-eabi/10.3.1/thumb/v7e-m+fp/hard/crtbegin.o

.rodata         0x08010dc8    0x19598
                0x08010dc8                . = ALIGN (0x4)
 *(.rodata)
 .rodata        0x08010dc8        0xc CMakeFiles/HEllOWORLD.elf.dir/HardWare/lcd/demos.c.obj
 *(.rodata*)
 .rodata.armBitRevIndexTable1024
                0x08010dd4      0xe10 CMakeFiles/HEllOWORLD.elf.dir/ARM_DSP/Source/CommonTables/CommonTables.c.obj
                0x08010dd4                armBitRevIndexTable1024
 .rodata.armBitRevIndexTable128
                0x08011be4      0x1a0 CMakeFiles/HEllOWORLD.elf.dir/ARM_DSP/Source/CommonTables/CommonTables.c.obj
                0x08011be4                armBitRevIndexTable128
 .rodata.armBitRevIndexTable16
                0x08011d84       0x28 CMakeFiles/HEllOWORLD.elf.dir/ARM_DSP/Source/CommonTables/CommonTables.c.obj
                0x08011d84                armBitRevIndexTable16
 .rodata.armBitRevIndexTable2048
                0x08011dac     0x1dc0 CMakeFiles/HEllOWORLD.elf.dir/ARM_DSP/Source/CommonTables/CommonTables.c.obj
                0x08011dac                armBitRevIndexTable2048
 .rodata.armBitRevIndexTable256
                0x08013b6c      0x370 CMakeFiles/HEllOWORLD.elf.dir/ARM_DSP/Source/CommonTables/CommonTables.c.obj
                0x08013b6c                armBitRevIndexTable256
 .rodata.armBitRevIndexTable32
                0x08013edc       0x60 CMakeFiles/HEllOWORLD.elf.dir/ARM_DSP/Source/CommonTables/CommonTables.c.obj
                0x08013edc                armBitRevIndexTable32
 .rodata.armBitRevIndexTable4096
                0x08013f3c     0x1f80 CMakeFiles/HEllOWORLD.elf.dir/ARM_DSP/Source/CommonTables/CommonTables.c.obj
                0x08013f3c                armBitRevIndexTable4096
 .rodata.armBitRevIndexTable512
                0x08015ebc      0x380 CMakeFiles/HEllOWORLD.elf.dir/ARM_DSP/Source/CommonTables/CommonTables.c.obj
                0x08015ebc                armBitRevIndexTable512
 .rodata.armBitRevIndexTable64
                0x0801623c       0x70 CMakeFiles/HEllOWORLD.elf.dir/ARM_DSP/Source/CommonTables/CommonTables.c.obj
                0x0801623c                armBitRevIndexTable64
 .rodata.arm_cfft_sR_f32_len1024
                0x080162ac       0x10 CMakeFiles/HEllOWORLD.elf.dir/ARM_DSP/Source/CommonTables/CommonTables.c.obj
                0x080162ac                arm_cfft_sR_f32_len1024
 .rodata.arm_cfft_sR_f32_len128
                0x080162bc       0x10 CMakeFiles/HEllOWORLD.elf.dir/ARM_DSP/Source/CommonTables/CommonTables.c.obj
                0x080162bc                arm_cfft_sR_f32_len128
 .rodata.arm_cfft_sR_f32_len16
                0x080162cc       0x10 CMakeFiles/HEllOWORLD.elf.dir/ARM_DSP/Source/CommonTables/CommonTables.c.obj
                0x080162cc                arm_cfft_sR_f32_len16
 .rodata.arm_cfft_sR_f32_len2048
                0x080162dc       0x10 CMakeFiles/HEllOWORLD.elf.dir/ARM_DSP/Source/CommonTables/CommonTables.c.obj
                0x080162dc                arm_cfft_sR_f32_len2048
 .rodata.arm_cfft_sR_f32_len256
                0x080162ec       0x10 CMakeFiles/HEllOWORLD.elf.dir/ARM_DSP/Source/CommonTables/CommonTables.c.obj
                0x080162ec                arm_cfft_sR_f32_len256
 .rodata.arm_cfft_sR_f32_len32
                0x080162fc       0x10 CMakeFiles/HEllOWORLD.elf.dir/ARM_DSP/Source/CommonTables/CommonTables.c.obj
                0x080162fc                arm_cfft_sR_f32_len32
 .rodata.arm_cfft_sR_f32_len4096
                0x0801630c       0x10 CMakeFiles/HEllOWORLD.elf.dir/ARM_DSP/Source/CommonTables/CommonTables.c.obj
                0x0801630c                arm_cfft_sR_f32_len4096
 .rodata.arm_cfft_sR_f32_len512
                0x0801631c       0x10 CMakeFiles/HEllOWORLD.elf.dir/ARM_DSP/Source/CommonTables/CommonTables.c.obj
                0x0801631c                arm_cfft_sR_f32_len512
 .rodata.arm_cfft_sR_f32_len64
                0x0801632c       0x10 CMakeFiles/HEllOWORLD.elf.dir/ARM_DSP/Source/CommonTables/CommonTables.c.obj
                0x0801632c                arm_cfft_sR_f32_len64
 .rodata.sinTable_f32
                0x0801633c      0x804 CMakeFiles/HEllOWORLD.elf.dir/ARM_DSP/Source/CommonTables/CommonTables.c.obj
                0x0801633c                sinTable_f32