Archive member included to satisfy reference by file (symbol)

..\Middlewares\ST\ARM\DSP\Lib\libarm_cortexM4lf_math.a(arm_const_structs.o)
                              CMakeFiles/HEllOWORLD.elf.dir/SignalProcess/SignalProcess_fft.c.obj (arm_cfft_sR_f32_len4096)
..\Middlewares\ST\ARM\DSP\Lib\libarm_cortexM4lf_math.a(arm_common_tables.o)
                              ..\Middlewares\ST\ARM\DSP\Lib\libarm_cortexM4lf_math.a(arm_const_structs.o) (realCoefBQ15)
..\Middlewares\ST\ARM\DSP\Lib\libarm_cortexM4lf_math.a(arm_rms_f32.o)
                              CMakeFiles/HEllOWORLD.elf.dir/SignalProcess/SignalProcess.c.obj (arm_rms_f32)
..\Middlewares\ST\ARM\DSP\Lib\libarm_cortexM4lf_math.a(arm_min_f32.o)
                              CMakeFiles/HEllOWORLD.elf.dir/SignalProcess/SignalProcess.c.obj (arm_min_f32)
..\Middlewares\ST\ARM\DSP\Lib\libarm_cortexM4lf_math.a(arm_max_f32.o)
                              CMakeFiles/HEllOWORLD.elf.dir/SignalProcess/SignalProcess.c.obj (arm_max_f32)
..\Middlewares\ST\ARM\DSP\Lib\libarm_cortexM4lf_math.a(arm_rfft_fast_init_f32.o)
                              CMakeFiles/HEllOWORLD.elf.dir/SignalProcess/SignalProcess_fft.c.obj (arm_rfft_fast_init_f32)
..\Middlewares\ST\ARM\DSP\Lib\libarm_cortexM4lf_math.a(arm_rfft_fast_f32.o)
                              CMakeFiles/HEllOWORLD.elf.dir/SignalProcess/SignalProcess_fft.c.obj (arm_rfft_fast_f32)
..\Middlewares\ST\ARM\DSP\Lib\libarm_cortexM4lf_math.a(arm_cfft_f32.o)
                              CMakeFiles/HEllOWORLD.elf.dir/SignalProcess/SignalProcess_fft.c.obj (arm_cfft_f32)
..\Middlewares\ST\ARM\DSP\Lib\libarm_cortexM4lf_math.a(arm_cfft_radix4_init_f32.o)
                              CMakeFiles/HEllOWORLD.elf.dir/SignalProcess/SignalProcess_fft.c.obj (arm_cfft_radix4_init_f32)
..\Middlewares\ST\ARM\DSP\Lib\libarm_cortexM4lf_math.a(arm_cfft_radix4_f32.o)
                              CMakeFiles/HEllOWORLD.elf.dir/SignalProcess/SignalProcess_fft.c.obj (arm_cfft_radix4_f32)
..\Middlewares\ST\ARM\DSP\Lib\libarm_cortexM4lf_math.a(arm_bitreversal2.o)
                              ..\Middlewares\ST\ARM\DSP\Lib\libarm_cortexM4lf_math.a(arm_cfft_f32.o) (arm_bitreversal_32)
..\Middlewares\ST\ARM\DSP\Lib\libarm_cortexM4lf_math.a(arm_bitreversal.o)
                              ..\Middlewares\ST\ARM\DSP\Lib\libarm_cortexM4lf_math.a(arm_cfft_radix4_f32.o) (arm_bitreversal_f32)
..\Middlewares\ST\ARM\DSP\Lib\libarm_cortexM4lf_math.a(arm_fir_init_f32.o)
                              CMakeFiles/HEllOWORLD.elf.dir/SignalProcess/SignalProcess_filter.c.obj (arm_fir_init_f32)
..\Middlewares\ST\ARM\DSP\Lib\libarm_cortexM4lf_math.a(arm_fir_f32.o)
                              CMakeFiles/HEllOWORLD.elf.dir/SignalProcess/SignalProcess_filter.c.obj (arm_fir_f32)
..\Middlewares\ST\ARM\DSP\Lib\libarm_cortexM4lf_math.a(arm_cmplx_mag_f32.o)
                              CMakeFiles/HEllOWORLD.elf.dir/SignalProcess/SignalProcess_fft.c.obj (arm_cmplx_mag_f32)
..\Middlewares\ST\ARM\DSP\Lib\libarm_cortexM4lf_math.a(arm_sin_f32.o)
                              CMakeFiles/HEllOWORLD.elf.dir/SignalProcess/SignalProcess_dac.c.obj (arm_sin_f32)
..\Middlewares\ST\ARM\DSP\Lib\libarm_cortexM4lf_math.a(arm_scale_f32.o)
                              CMakeFiles/HEllOWORLD.elf.dir/SignalProcess/SignalProcess.c.obj (arm_scale_f32)
..\Middlewares\ST\ARM\DSP\Lib\libarm_cortexM4lf_math.a(arm_cfft_radix8_f32.o)
                              ..\Middlewares\ST\ARM\DSP\Lib\libarm_cortexM4lf_math.a(arm_cfft_f32.o) (arm_radix8_butterfly_f32)
c:/mingw/gcc-arm-none-eabi-10.3-2021.10/bin/../lib/gcc/arm-none-eabi/10.3.1/thumb/v7e-m+fp/hard\libgcc.a(_arm_muldf3.o)
                              CMakeFiles/HEllOWORLD.elf.dir/GUI/gui.c.obj (__aeabi_dmul)
c:/mingw/gcc-arm-none-eabi-10.3-2021.10/bin/../lib/gcc/arm-none-eabi/10.3.1/thumb/v7e-m+fp/hard\libgcc.a(_arm_addsubdf3.o)
                              CMakeFiles/HEllOWORLD.elf.dir/SignalProcess/SignalProcess.c.obj (__aeabi_dsub)
c:/mingw/gcc-arm-none-eabi-10.3-2021.10/bin/../lib/gcc/arm-none-eabi/10.3.1/thumb/v7e-m+fp/hard\libgcc.a(_arm_muldivdf3.o)
                              CMakeFiles/HEllOWORLD.elf.dir/SignalProcess/SignalProcess.c.obj (__aeabi_ddiv)
c:/mingw/gcc-arm-none-eabi-10.3-2021.10/bin/../lib/gcc/arm-none-eabi/10.3.1/thumb/v7e-m+fp/hard\libgcc.a(_arm_cmpdf2.o)
                              CMakeFiles/HEllOWORLD.elf.dir/SignalProcess/SignalProcess_dac.c.obj (__aeabi_dcmpge)
c:/mingw/gcc-arm-none-eabi-10.3-2021.10/bin/../lib/gcc/arm-none-eabi/10.3.1/thumb/v7e-m+fp/hard\libgcc.a(_arm_fixunsdfsi.o)
                              CMakeFiles/HEllOWORLD.elf.dir/GUI/gui.c.obj (__aeabi_d2uiz)
c:/mingw/gcc-arm-none-eabi-10.3-2021.10/bin/../lib/gcc/arm-none-eabi/10.3.1/thumb/v7e-m+fp/hard\libgcc.a(_arm_truncdfsf2.o)
                              CMakeFiles/HEllOWORLD.elf.dir/SignalProcess/SignalProcess_fft.c.obj (__aeabi_d2f)
[...]
Memory Configuration

Name             Origin             Length             Attributes
RAM              0x20000000         0x00020000         xrw
CCMRAM           0x10000000         0x00010000         xrw
FLASH            0x08000000         0x00080000         xr
*default*        0x00000000         0xffffffff

Linker script and memory map

LOAD c:/mingw/gcc-arm-none-eabi-10.3-2021.10/bin/../lib/gcc/arm-none-eabi/10.3.1/thumb/v7e-m+fp/hard/crti.o
LOAD c:/mingw/gcc-arm-none-eabi-10.3-2021.10/bin/../lib/gcc/arm-none-eabi/10.3.1/thumb/v7e-m+fp/hard/crtbegin.o
LOAD c:/mingw/gcc-arm-none-eabi-10.3-2021.10/bin/../lib/gcc/arm-none-eabi/10.3.1/../../../../arm-none-eabi/lib/thumb/v7e-m+fp/hard/crt0.o
LOAD CMakeFiles/HEllOWORLD.elf.dir/Core/Src/adc.c.obj
LOAD CMakeFiles/HEllOWORLD.elf.dir/Core/Src/dac.c.obj
LOAD CMakeFiles/HEllOWORLD.elf.dir/Core/Src/dma.c.obj
LOAD CMakeFiles/HEllOWORLD.elf.dir/Core/Src/fsmc.c.obj
LOAD CMakeFiles/HEllOWORLD.elf.dir/Core/Src/gpio.c.obj
LOAD CMakeFiles/HEllOWORLD.elf.dir/Core/Src/main.c.obj
LOAD CMakeFiles/HEllOWORLD.elf.dir/Core/Src/stm32f4xx_hal_msp.c.obj
LOAD CMakeFiles/HEllOWORLD.elf.dir/Core/Src/stm32f4xx_it.c.obj
LOAD CMakeFiles/HEllOWORLD.elf.dir/Core/Src/syscalls.c.obj
LOAD CMakeFiles/HEllOWORLD.elf.dir/Core/Src/system_stm32f4xx.c.obj
LOAD CMakeFiles/HEllOWORLD.elf.dir/Core/Src/tim.c.obj
LOAD CMakeFiles/HEllOWORLD.elf.dir/Core/Src/usart.c.obj
LOAD CMakeFiles/HEllOWORLD.elf.dir/Drivers/STM32F4xx_HAL_Driver/Src/stm32f4xx_hal.c.obj
LOAD CMakeFiles/HEllOWORLD.elf.dir/Drivers/STM32F4xx_HAL_Driver/Src/stm32f4xx_hal_adc.c.obj
LOAD CMakeFiles/HEllOWORLD.elf.dir/Drivers/STM32F4xx_HAL_Driver/Src/stm32f4xx_hal_adc_ex.c.obj
LOAD CMakeFiles/HEllOWORLD.elf.dir/Drivers/STM32F4xx_HAL_Driver/Src/stm32f4xx_hal_cortex.c.obj
LOAD CMakeFiles/HEllOWORLD.elf.dir/Drivers/STM32F4xx_HAL_Driver/Src/stm32f4xx_hal_dac.c.obj
LOAD CMakeFiles/HEllOWORLD.elf.dir/Drivers/STM32F4xx_HAL_Driver/Src/stm32f4xx_hal_dac_ex.c.obj
LOAD CMakeFiles/HEllOWORLD.elf.dir/Drivers/STM32F4xx_HAL_Driver/Src/stm32f4xx_hal_dma.c.obj
LOAD CMakeFiles/HEllOWORLD.elf.dir/Drivers/STM32F4xx_HAL_Driver/Src/stm32f4xx_hal_dma_ex.c.obj
LOAD CMakeFiles/HEllOWORLD.elf.dir/Drivers/STM32F4xx_HAL_Driver/Src/stm32f4xx_hal_exti.c.obj
LOAD CMakeFiles/HEllOWORLD.elf.dir/Drivers/STM32F4xx_HAL_Driver/Src/stm32f4xx_hal_flash.c.obj
LOAD CMakeFiles/HEllOWORLD.elf.dir/Drivers/STM32F4xx_HAL_Driver/Src/stm32f4xx_hal_flash_ex.c.obj
LOAD CMakeFiles/HEllOWORLD.elf.dir/Drivers/STM32F4xx_HAL_Driver/Src/stm32f4xx_hal_flash_ramfunc.c.obj
LOAD CMakeFiles/HEllOWORLD.elf.dir/Drivers/STM32F4xx_HAL_Driver/Src/stm32f4xx_hal_gpio.c.obj
LOAD CMakeFiles/HEllOWORLD.elf.dir/Drivers/STM32F4xx_HAL_Driver/Src/stm32f4xx_hal_pwr.c.obj
LOAD CMakeFiles/HEllOWORLD.elf.dir/Drivers/STM32F4xx_HAL_Driver/Src/stm32f4xx_hal_pwr_ex.c.obj
LOAD CMakeFiles/HEllOWORLD.elf.dir/Drivers/STM32F4xx_HAL_Driver/Src/stm32f4xx_hal_rcc.c.obj
LOAD CMakeFiles/HEllOWORLD.elf.dir/Drivers/STM32F4xx_HAL_Driver/Src/stm32f4xx_hal_rcc_ex.c.obj
LOAD CMakeFiles/HEllOWORLD.elf.dir/Drivers/STM32F4xx_HAL_Driver/Src/stm32f4xx_hal_sram.c.obj
LOAD CMakeFiles/HEllOWORLD.elf.dir/Drivers/STM32F4xx_HAL_Driver/Src/stm32f4xx_hal_tim.c.obj
LOAD CMakeFiles/HEllOWORLD.elf.dir/Drivers/STM32F4xx_HAL_Driver/Src/stm32f4xx_hal_tim_ex.c.obj
LOAD CMakeFiles/HEllOWORLD.elf.dir/Drivers/STM32F4xx_HAL_Driver/Src/stm32f4xx_hal_uart.c.obj
LOAD CMakeFiles/HEllOWORLD.elf.dir/Drivers/STM32F4xx_HAL_Driver/Src/stm32f4xx_ll_adc.c.obj
LOAD CMakeFiles/HEllOWORLD.elf.dir/Drivers/STM32F4xx_HAL_Driver/Src/stm32f4xx_ll_fsmc.c.obj
LOAD CMakeFiles/HEllOWORLD.elf.dir/GUI/gui.c.obj
LOAD CMakeFiles/HEllOWORLD.elf.dir/HardWare/key/key.c.obj
LOAD CMakeFiles/HEllOWORLD.elf.dir/HardWare/lcd/demos.c.obj
LOAD CMakeFiles/HEllOWORLD.elf.dir/HardWare/lcd/lcd.c.obj
LOAD CMakeFiles/HEllOWORLD.elf.dir/HardWare/lcd/lcd_ex.c.obj
LOAD CMakeFiles/HEllOWORLD.elf.dir/HardWare/lcd/lcdlib.c.obj
LOAD CMakeFiles/HEllOWORLD.elf.dir/SignalProcess/SignalProcess.c.obj
LOAD CMakeFiles/HEllOWORLD.elf.dir/SignalProcess/SignalProcess_dac.c.obj
LOAD CMakeFiles/HEllOWORLD.elf.dir/SignalProcess/SignalProcess_fft.c.obj
LOAD CMakeFiles/HEllOWORLD.elf.dir/SignalProcess/SignalProcess_filter.c.obj
LOAD CMakeFiles/HEllOWORLD.elf.dir/SignalProcess/SignalProcess_pwm.c.obj
LOAD CMakeFiles/HEllOWORLD.elf.dir/SignalProcess/SingnalProcess_adc.c.obj
LOAD CMakeFiles/HEllOWORLD.elf.dir/System/delay/delay.c.obj
LOAD CMakeFiles/HEllOWORLD.elf.dir/System/sys/sys.c.obj
LOAD CMakeFiles/HEllOWORLD.elf.dir/System/usart/Module_UART.c.obj
LOAD CMakeFiles/HEllOWORLD.elf.dir/System/usart/retarget.c.obj
LOAD CMakeFiles/HEllOWORLD.elf.dir/startup/startup_stm32f407xx.s.obj
LOAD ..\Middlewares\ST\ARM\DSP\Lib\libarm_cortexM4lf_math.a
START GROUP
LOAD c:/mingw/gcc-arm-none-eabi-10.3-2021.10/bin/../lib/gcc/arm-none-eabi/10.3.1/thumb/v7e-m+fp/hard\libgcc.a
LOAD c:/mingw/gcc-arm-none-eabi-10.3-2021.10/bin/../lib/gcc/arm-none-eabi/10.3.1/../../../../arm-none-eabi/lib/thumb/v7e-m+fp/hard\libc.a
END GROUP
LOAD c:/mingw/gcc-arm-none-eabi-10.3-2021.10/bin/../lib/gcc/arm-none-eabi/10.3.1/thumb/v7e-m+fp/hard/crtend.o
LOAD c:/mingw/gcc-arm-none-eabi-10.3-2021.10/bin/../lib/gcc/arm-none-eabi/10.3.1/thumb/v7e-m+fp/hard/crtn.o
                0x20020000                _estack = (ORIGIN (RAM) + LENGTH (RAM))
                0x00000400                _Min_Heap_Size = 0x400
                0x00000800                _Min_Stack_Size = 0x800

.isr_vector     0x08000000      0x188
                0x08000000                . = ALIGN (0x4)
 *(.isr_vector)
 .isr_vector    0x08000000      0x188 CMakeFiles/HEllOWORLD.elf.dir/startup/startup_stm32f407xx.s.obj
                0x08000000                g_pfnVectors
                0x08000188                . = ALIGN (0x4)

.text           0x080001c0    0x10224
                0x080001c0                . = ALIGN (0x4)
 *(.text)
 .text          0x080001c0       0x40 c:/mingw/gcc-arm-none-eabi-10.3-2021.10/bin/../lib/gcc/arm-none-eabi/10.3.1/thumb/v7e-m+fp/hard/crtbegin.o
 .text          0x08000200      0x378 c:/mingw/gcc-arm-none-eabi-10.3-2021.10/bin/../lib/gcc/arm-none-eabi/10.3.1/thumb/v7e-m+fp/hard\libgcc.a(_arm_addsubdf3.o)
                0x08000200                __aeabi_drsub
                0x08000208                __aeabi_dsub
                0x08000208                __subdf3
                0x0800020c                __aeabi_dadd
                0x0800020c                __adddf3
                0x08000484                __floatunsidf
                0x08000484                __aeabi_ui2d
                0x080004a4                __floatsidf
                0x080004a4                __aeabi_i2d
                0x080004c8                __aeabi_f2d
                0x080004c8                __extendsfdf2
                0x0800050c                __floatundidf
                0x0800050c                __aeabi_ul2d
                0x0800051c                __floatdidf
                0x0800051c                __aeabi_l2d
 .text          0x08000578      0x424 c:/mingw/gcc-arm-none-eabi-10.3-2021.10/bin/../lib/gcc/arm-none-eabi/10.3.1/thumb/v7e-m+fp/hard\libgcc.a(_arm_muldivdf3.o)
                0x08000578                __aeabi_dmul
                0x08000578                __muldf3
                0x080007cc                __divdf3
                0x080007cc                __aeabi_ddiv
 .text          0x0800099c      0x110 c:/mingw/gcc-arm-none-eabi-10.3-2021.10/bin/../lib/gcc/arm-none-eabi/10.3.1/thumb/v7e-m+fp/hard\libgcc.a(_arm_cmpdf2.o)
                0x0800099c                __gtdf2
                0x0800099c                __gedf2
                0x080009a4                __ltdf2
                0x080009a4                __ledf2
                0x080009ac                __nedf2
                0x080009ac                __eqdf2
                0x080009ac                __cmpdf2
                0x08000a28                __aeabi_cdrcmple
                0x08000a38                __aeabi_cdcmpeq
                0x08000a38                __aeabi_cdcmple
                0x08000a48                __aeabi_dcmpeq
                0x08000a5c                __aeabi_dcmplt
                0x08000a70                __aeabi_dcmple
                0x08000a84                __aeabi_dcmpge
                0x08000a98                __aeabi_dcmpgt
 .text          0x08000aac       0x40 c:/mingw/gcc-arm-none-eabi-10.3-2021.10/bin/../lib/gcc/arm-none-eabi/10.3.1/thumb/v7e-m+fp/hard\libgcc.a(_arm_fixunsdfsi.o)
                0x08000aac                __aeabi_d2uiz
                0x08000aac                __fixunsdfsi
 .text          0x08000aec       0xa0 c:/mingw/gcc-arm-none-eabi-10.3-2021.10/bin/../lib/gcc/arm-none-eabi/10.3.1/thumb/v7e-m+fp/hard\libgcc.a(_arm_truncdfsf2.o)
                0x08000aec                __truncdfsf2
                0x08000aec                __aeabi_d2f
 .text          0x08000b8c      0x21c c:/mingw/gcc-arm-none-eabi-10.3-2021.10/bin/../lib/gcc/arm-none-eabi/10.3.1/thumb/v7e-m+fp/hard\libgcc.a(_arm_addsubsf3.o)
                0x08000b8c                __aeabi_frsub
                0x08000b94                __subsf3
                0x08000b94                __aeabi_fsub
                0x08000b98                __aeabi_fadd
                0x08000b98                __addsf3
                0x08000cf8                __aeabi_ui2f
                0x08000cf8                __floatunsisf
                0x08000d00                __aeabi_i2f
                0x08000d00                __floatsisf
                0x08000d1c                __aeabi_ul2f
                0x08000d1c                __floatundisf
                0x08000d2c                __aeabi_l2f
                0x08000d2c                __floatdisf
 .text          0x08000da8       0x30 c:/mingw/gcc-arm-none-eabi-10.3-2021.10/bin/../lib/gcc/arm-none-eabi/10.3.1/thumb/v7e-m+fp/hard\libgcc.a(_aeabi_uldivmod.o)
                0x08000da8                __aeabi_uldivmod
 .text          0x08000dd8      0x2d0 c:/mingw/gcc-arm-none-eabi-10.3-2021.10/bin/../lib/gcc/arm-none-eabi/10.3.1/thumb/v7e-m+fp/hard\libgcc.a(_udivmoddi4.o)
                0x08000dd8                __udivmoddi4
 .text          0x080010a8        0x4 c:/mingw/gcc-arm-none-eabi-10.3-2021.10/bin/../lib/gcc/arm-none-eabi/10.3.1/thumb/v7e-m+fp/hard\libgcc.a(_dvmd_tls.o)
                0x080010a8                __aeabi_idiv0
                0x080010a8                __aeabi_ldiv0
 *fill*         0x080010ac       0x14 
 .text          0x080010c0       0xdc c:/mingw/gcc-arm-none-eabi-10.3-2021.10/bin/../lib/gcc/arm-none-eabi/10.3.1/../../../../arm-none-eabi/lib/thumb/v7e-m+fp/hard\libc.a(lib_a-strlen.o)
                0x080010c0                strlen
 *fill*         0x0800119c        0x4 
 .text          0x080011a0       0xa0 c:/mingw/gcc-arm-none-eabi-10.3-2021.10/bin/../lib/gcc/arm-none-eabi/10.3.1/../../../../arm-none-eabi/lib/thumb/v7e-m+fp/hard\libc.a(lib_a-memchr.o)
                0x080011a0                memchr
 .text          0x08001240      0x134 c:/mingw/gcc-arm-none-eabi-10.3-2021.10/bin/../lib/gcc/arm-none-eabi/10.3.1/../../../../arm-none-eabi/lib/thumb/v7e-m+fp/hard\libc.a(lib_a-memcpy.o)
                0x08001240                memcpy
 .text          0x08001374       0x2c c:/mingw/gcc-arm-none-eabi-10.3-2021.10/bin/../lib/gcc/arm-none-eabi/10.3.1/thumb/v7e-m+fp/hard\libgcc.a(_arm_unorddf2.o)
                0x08001374                __unorddf2
                0x08001374                __aeabi_dcmpun
 .text          0x080013a0       0x50 c:/mingw/gcc-arm-none-eabi-10.3-2021.10/bin/../lib/gcc/arm-none-eabi/10.3.1/thumb/v7e-m+fp/hard\libgcc.a(_arm_fixdfsi.o)
                0x080013a0                __aeabi_d2iz
                0x080013a0                __fixdfsi
 *(.text*)
 .text.MX_ADC1_Init
                0x080013f0       0x70 CMakeFiles/HEllOWORLD.elf.dir/Core/Src/adc.c.obj
                0x080013f0                MX_ADC1_Init
 .text.HAL_ADC_MspInit
                0x08001460       0xb0 CMakeFiles/HEllOWORLD.elf.dir/Core/Src/adc.c.obj
                0x08001460                HAL_ADC_MspInit
 .text.MX_DAC_Init
                0x08001510       0x58 CMakeFiles/HEllOWORLD.elf.dir/Core/Src/dac.c.obj
                0x08001510                MX_DAC_Init
 .text.HAL_DAC_MspInit
                0x08001568      0x110 CMakeFiles/HEllOWORLD.elf.dir/Core/Src/dac.c.obj
                0x08001568                HAL_DAC_MspInit
 .text.MX_DMA_Init
                0x08001678       0x78 CMakeFiles/HEllOWORLD.elf.dir/Core/Src/dma.c.obj
                0x08001678                MX_DMA_Init
 .text.HAL_FSMC_MspInit
                0x080016f0       0x7c CMakeFiles/HEllOWORLD.elf.dir/Core/Src/fsmc.c.obj
 .text.MX_FSMC_Init
                0x0800176c       0x8c CMakeFiles/HEllOWORLD.elf.dir/Core/Src/fsmc.c.obj
                0x0800176c                MX_FSMC_Init
 .text.HAL_SRAM_MspInit
                0x080017f8        0x8 CMakeFiles/HEllOWORLD.elf.dir/Core/Src/fsmc.c.obj
                0x080017f8                HAL_SRAM_MspInit
 .text.MX_GPIO_Init
                0x08001800       0xc8 CMakeFiles/HEllOWORLD.elf.dir/Core/Src/gpio.c.obj
                0x08001800                MX_GPIO_Init
 .text.Error_Handler
                0x080018c8        0x4 CMakeFiles/HEllOWORLD.elf.dir/Core/Src/main.c.obj
                0x080018c8                Error_Handler
 .text.SystemClock_Config
                0x080018cc       0xa8 CMakeFiles/HEllOWORLD.elf.dir/Core/Src/main.c.obj
                0x080018cc                SystemClock_Config
 *fill*         0x08001974        0x4 
 .text.main     0x08001978      0x2b4 CMakeFiles/HEllOWORLD.elf.dir/Core/Src/main.c.obj
                0x08001978                main
 .text.HAL_MspInit
                0x08001c2c       0x38 CMakeFiles/HEllOWORLD.elf.dir/Core/Src/stm32f4xx_hal_msp.c.obj
                0x08001c2c                HAL_MspInit
 .text.NMI_Handler
                0x08001c64        0x2 CMakeFiles/HEllOWORLD.elf.dir/Core/Src/stm32f4xx_it.c.obj
                0x08001c64                NMI_Handler
 .text.HardFault_Handler
                0x08001c66        0x2 CMakeFiles/HEllOWORLD.elf.dir/Core/Src/stm32f4xx_it.c.obj
                0x08001c66                HardFault_Handler
 .text.MemManage_Handler
                0x08001c68        0x2 CMakeFiles/HEllOWORLD.elf.dir/Core/Src/stm32f4xx_it.c.obj
                0x08001c68                MemManage_Handler
 .text.BusFault_Handler
                0x08001c6a        0x2 CMakeFiles/HEllOWORLD.elf.dir/Core/Src/stm32f4xx_it.c.obj
                0x08001c6a                BusFault_Handler
 .text.UsageFault_Handler
                0x08001c6c        0x2 CMakeFiles/HEllOWORLD.elf.dir/Core/Src/stm32f4xx_it.c.obj
                0x08001c6c                UsageFault_Handler
 .text.SVC_Handler
                0x08001c6e        0x2 CMakeFiles/HEllOWORLD.elf.dir/Core/Src/stm32f4xx_it.c.obj
                0x08001c6e                SVC_Handler
 .text.DebugMon_Handler
                0x08001c70        0x2 CMakeFiles/HEllOWORLD.elf.dir/Core/Src/stm32f4xx_it.c.obj
                0x08001c70                DebugMon_Handler
 .text.PendSV_Handler
                0x08001c72        0x2 CMakeFiles/HEllOWORLD.elf.dir/Core/Src/stm32f4xx_it.c.obj
                0x08001c72                PendSV_Handler
 .text.SysTick_Handler
                0x08001c74        0x8 CMakeFiles/HEllOWORLD.elf.dir/Core/Src/stm32f4xx_it.c.obj
                0x08001c74                SysTick_Handler
 .text.DMA1_Stream1_IRQHandler
                0x08001c7c       0x10 CMakeFiles/HEllOWORLD.elf.dir/Core/Src/stm32f4xx_it.c.obj
                0x08001c7c                DMA1_Stream1_IRQHandler
 .text.DMA1_Stream5_IRQHandler
                0x08001c8c       0x10 CMakeFiles/HEllOWORLD.elf.dir/Core/Src/stm32f4xx_it.c.obj
                0x08001c8c                DMA1_Stream5_IRQHandler
 .text.DMA1_Stream6_IRQHandler
                0x08001c9c       0x10 CMakeFiles/HEllOWORLD.elf.dir/Core/Src/stm32f4xx_it.c.obj
                0x08001c9c                DMA1_Stream6_IRQHandler
 .text.TIM1_BRK_TIM9_IRQHandler
                0x08001cac       0x10 CMakeFiles/HEllOWORLD.elf.dir/Core/Src/stm32f4xx_it.c.obj
                0x08001cac                TIM1_BRK_TIM9_IRQHandler
 .text.USART3_IRQHandler
                0x08001cbc       0x10 CMakeFiles/HEllOWORLD.elf.dir/Core/Src/stm32f4xx_it.c.obj
                0x08001cbc                USART3_IRQHandler
 .text.TIM6_DAC_IRQHandler
                0x08001ccc       0x10 CMakeFiles/HEllOWORLD.elf.dir/Core/Src/stm32f4xx_it.c.obj
                0x08001ccc                TIM6_DAC_IRQHandler
 .text.DMA2_Stream0_IRQHandler
                0x08001cdc       0x10 CMakeFiles/HEllOWORLD.elf.dir/Core/Src/stm32f4xx_it.c.obj
                0x08001cdc                DMA2_Stream0_IRQHandler
 .text._getpid  0x08001cec        0x4 CMakeFiles/HEllOWORLD.elf.dir/Core/Src/syscalls.c.obj
                0x08001cec                _getpid
 .text._kill    0x08001cf0       0x10 CMakeFiles/HEllOWORLD.elf.dir/Core/Src/syscalls.c.obj
                0x08001cf0                _kill
 .text._exit    0x08001d00        0xc CMakeFiles/HEllOWORLD.elf.dir/Core/Src/syscalls.c.obj
                0x08001d00                _exit
 .text._sbrk    0x08001d0c       0x3c CMakeFiles/HEllOWORLD.elf.dir/Core/Src/syscalls.c.obj
                0x08001d0c                _sbrk
 .text._close   0x08001d48        0x6 CMakeFiles/HEllOWORLD.elf.dir/Core/Src/syscalls.c.obj
                0x08001d48                _close
 .text._fstat   0x08001d4e        0xa CMakeFiles/HEllOWORLD.elf.dir/Core/Src/syscalls.c.obj
                0x08001d4e                _fstat
 .text._isatty  0x08001d58        0x4 CMakeFiles/HEllOWORLD.elf.dir/Core/Src/syscalls.c.obj
                0x08001d58                _isatty
 .text._lseek   0x08001d5c        0x4 CMakeFiles/HEllOWORLD.elf.dir/Core/Src/syscalls.c.obj
                0x08001d5c                _lseek
 .text.SystemInit
                0x08001d60       0x14 CMakeFiles/HEllOWORLD.elf.dir/Core/Src/system_stm32f4xx.c.obj
                0x08001d60                SystemInit
 .text.MX_TIM2_Init
                0x08001d74       0x70 CMakeFiles/HEllOWORLD.elf.dir/Core/Src/tim.c.obj
                0x08001d74                MX_TIM2_Init
 .text.MX_TIM8_Init
                0x08001de4       0x70 CMakeFiles/HEllOWORLD.elf.dir/Core/Src/tim.c.obj
                0x08001de4                MX_TIM8_Init
 .text.MX_TIM9_Init
                0x08001e54       0x8c CMakeFiles/HEllOWORLD.elf.dir/Core/Src/tim.c.obj
                0x08001e54                MX_TIM9_Init
 .text.HAL_TIM_Base_MspInit
                0x08001ee0       0xc0 CMakeFiles/HEllOWORLD.elf.dir/Core/Src/tim.c.obj
                0x08001ee0                HAL_TIM_Base_MspInit
 .text.HAL_TIM_PWM_MspInit
                0x08001fa0       0x30 CMakeFiles/HEllOWORLD.elf.dir/Core/Src/tim.c.obj
                0x08001fa0                HAL_TIM_PWM_MspInit
 .text.HAL_TIM_MspPostInit
                0x08001fd0       0x58 CMakeFiles/HEllOWORLD.elf.dir/Core/Src/tim.c.obj
                0x08001fd0                HAL_TIM_MspPostInit
 .text.MX_TIM3_Init
                0x08002028       0x80 CMakeFiles/HEllOWORLD.elf.dir/Core/Src/tim.c.obj
                0x08002028                MX_TIM3_Init
 .text.MX_USART1_UART_Init
                0x080020a8       0x34 CMakeFiles/HEllOWORLD.elf.dir/Core/Src/usart.c.obj
                0x080020a8                MX_USART1_UART_Init
 .text.MX_USART3_UART_Init
                0x080020dc       0x34 CMakeFiles/HEllOWORLD.elf.dir/Core/Src/usart.c.obj
                0x080020dc                MX_USART3_UART_Init
 .text.HAL_UART_MspInit
                0x08002110      0x118 CMakeFiles/HEllOWORLD.elf.dir/Core/Src/usart.c.obj
                0x08002110                HAL_UART_MspInit
 .text.HAL_InitTick
                0x08002228       0x4c CMakeFiles/HEllOWORLD.elf.dir/Drivers/STM32F4xx_HAL_Driver/Src/stm32f4xx_hal.c.obj
                0x08002228                HAL_InitTick
 .text.HAL_Init
                0x08002274       0x34 CMakeFiles/HEllOWORLD.elf.dir/Drivers/STM32F4xx_HAL_Driver/Src/stm32f4xx_hal.c.obj
                0x08002274                HAL_Init
 .text.HAL_IncTick
                0x080022a8       0x18 CMakeFiles/HEllOWORLD.elf.dir/Drivers/STM32F4xx_HAL_Driver/Src/stm32f4xx_hal.c.obj
                0x080022a8                HAL_IncTick
 .text.HAL_GetTick
                0x080022c0        0xc CMakeFiles/HEllOWORLD.elf.dir/Drivers/STM32F4xx_HAL_Driver/Src/stm32f4xx_hal.c.obj
                0x080022c0                HAL_GetTick
 .text.ADC_Init
                0x080022cc      0x134 CMakeFiles/HEllOWORLD.elf.dir/Drivers/STM32F4xx_HAL_Driver/Src/stm32f4xx_hal_adc.c.obj
 .text.HAL_ADC_Init
                0x08002400       0x56 CMakeFiles/HEllOWORLD.elf.dir/Drivers/STM32F4xx_HAL_Driver/Src/stm32f4xx_hal_adc.c.obj
                0x08002400                HAL_ADC_Init
 *fill*         0x08002456        0x2 
 .text.HAL_ADC_Start_DMA
                0x08002458      0x19c CMakeFiles/HEllOWORLD.elf.dir/Drivers/STM32F4xx_HAL_Driver/Src/stm32f4xx_hal_adc.c.obj
                0x08002458                HAL_ADC_Start_DMA
 .text.HAL_ADC_Stop_DMA
                0x080025f4       0x78 CMakeFiles/HEllOWORLD.elf.dir/Drivers/STM32F4xx_HAL_Driver/Src/stm32f4xx_hal_adc.c.obj
                0x080025f4                HAL_ADC_Stop_DMA
 .text.HAL_ADC_ConvHalfCpltCallback
                0x0800266c        0x2 CMakeFiles/HEllOWORLD.elf.dir/Drivers/STM32F4xx_HAL_Driver/Src/stm32f4xx_hal_adc.c.obj
                0x0800266c                HAL_ADC_ConvHalfCpltCallback
 .text.ADC_DMAHalfConvCplt
                0x0800266e        0xa CMakeFiles/HEllOWORLD.elf.dir/Drivers/STM32F4xx_HAL_Driver/Src/stm32f4xx_hal_adc.c.obj
 .text.HAL_ADC_ErrorCallback
                0x08002678        0x2 CMakeFiles/HEllOWORLD.elf.dir/Drivers/STM32F4xx_HAL_Driver/Src/stm32f4xx_hal_adc.c.obj
                0x08002678                HAL_ADC_ErrorCallback
 .text.ADC_DMAError
                0x0800267a       0x16 CMakeFiles/HEllOWORLD.elf.dir/Drivers/STM32F4xx_HAL_Driver/Src/stm32f4xx_hal_adc.c.obj
 .text.ADC_DMAConvCplt
                0x08002690       0x72 CMakeFiles/HEllOWORLD.elf.dir/Drivers/STM32F4xx_HAL_Driver/Src/stm32f4xx_hal_adc.c.obj
 *fill*         0x08002702        0x2 
 .text.HAL_ADC_ConfigChannel
                0x08002704      0x198 CMakeFiles/HEllOWORLD.elf.dir/Drivers/STM32F4xx_HAL_Driver/Src/stm32f4xx_hal_adc.c.obj
                0x08002704                HAL_ADC_ConfigChannel
 .text.HAL_NVIC_SetPriorityGrouping
                0x0800289c       0x24 CMakeFiles/HEllOWORLD.elf.dir/Drivers/STM32F4xx_HAL_Driver/Src/stm32f4xx_hal_cortex.c.obj
                0x0800289c                HAL_NVIC_SetPriorityGrouping
 .text.HAL_NVIC_SetPriority
                0x080028c0       0x70 CMakeFiles/HEllOWORLD.elf.dir/Drivers/STM32F4xx_HAL_Driver/Src/stm32f4xx_hal_cortex.c.obj
                0x080028c0                HAL_NVIC_SetPriority
 .text.HAL_NVIC_EnableIRQ
                0x08002930       0x1c CMakeFiles/HEllOWORLD.elf.dir/Drivers/STM32F4xx_HAL_Driver/Src/stm32f4xx_hal_cortex.c.obj
                0x08002930                HAL_NVIC_EnableIRQ
 .text.HAL_SYSTICK_Config
                0x0800294c       0x28 CMakeFiles/HEllOWORLD.elf.dir/Drivers/STM32F4xx_HAL_Driver/Src/stm32f4xx_hal_cortex.c.obj
                0x0800294c                HAL_SYSTICK_Config
 .text.HAL_SYSTICK_CLKSourceConfig
                0x08002974       0x20 CMakeFiles/HEllOWORLD.elf.dir/Drivers/STM32F4xx_HAL_Driver/Src/stm32f4xx_hal_cortex.c.obj
                0x08002974                HAL_SYSTICK_CLKSourceConfig
 .text.HAL_DAC_Init
                0x08002994       0x24 CMakeFiles/HEllOWORLD.elf.dir/Drivers/STM32F4xx_HAL_Driver/Src/stm32f4xx_hal_dac.c.obj
                0x08002994                HAL_DAC_Init
 .text.HAL_DAC_Start_DMA
                0x080029b8       0xfc CMakeFiles/HEllOWORLD.elf.dir/Drivers/STM32F4xx_HAL_Driver/Src/stm32f4xx_hal_dac.c.obj
                0x080029b8                HAL_DAC_Start_DMA
 .text.HAL_DAC_Stop_DMA
                0x08002ab4       0x56 CMakeFiles/HEllOWORLD.elf.dir/Drivers/STM32F4xx_HAL_Driver/Src/stm32f4xx_hal_dac.c.obj
                0x08002ab4                HAL_DAC_Stop_DMA
 .text.HAL_DAC_ConvCpltCallbackCh1
                0x08002b0a        0x2 CMakeFiles/HEllOWORLD.elf.dir/Drivers/STM32F4xx_HAL_Driver/Src/stm32f4xx_hal_dac.c.obj
                0x08002b0a                HAL_DAC_ConvCpltCallbackCh1
 .text.DAC_DMAConvCpltCh1
                0x08002b0c       0x10 CMakeFiles/HEllOWORLD.elf.dir/Drivers/STM32F4xx_HAL_Driver/Src/stm32f4xx_hal_dac.c.obj
                0x08002b0c                DAC_DMAConvCpltCh1
 .text.HAL_DAC_ConvHalfCpltCallbackCh1
                0x08002b1c        0x2 CMakeFiles/HEllOWORLD.elf.dir/Drivers/STM32F4xx_HAL_Driver/Src/stm32f4xx_hal_dac.c.obj
                0x08002b1c                HAL_DAC_ConvHalfCpltCallbackCh1
 .text.DAC_DMAHalfConvCpltCh1
                0x08002b1e        0xa CMakeFiles/HEllOWORLD.elf.dir/Drivers/STM32F4xx_HAL_Driver/Src/stm32f4xx_hal_dac.c.obj
                0x08002b1e                DAC_DMAHalfConvCpltCh1
 .text.HAL_DAC_ErrorCallbackCh1
                0x08002b28        0x2 CMakeFiles/HEllOWORLD.elf.dir/Drivers/STM32F4xx_HAL_Driver/Src/stm32f4xx_hal_dac.c.obj
                0x08002b28                HAL_DAC_ErrorCallbackCh1
 .text.DAC_DMAErrorCh1
                0x08002b2a       0x18 CMakeFiles/HEllOWORLD.elf.dir/Drivers/STM32F4xx_HAL_Driver/Src/stm32f4xx_hal_dac.c.obj
                0x08002b2a                DAC_DMAErrorCh1
 .text.HAL_DAC_DMAUnderrunCallbackCh1
                0x08002b42        0x2 CMakeFiles/HEllOWORLD.elf.dir/Drivers/STM32F4xx_HAL_Driver/Src/stm32f4xx_hal_dac.c.obj
                0x08002b42                HAL_DAC_DMAUnderrunCallbackCh1
 .text.HAL_DAC_IRQHandler
                0x08002b44       0x70 CMakeFiles/HEllOWORLD.elf.dir/Drivers/STM32F4xx_HAL_Driver/Src/stm32f4xx_hal_dac.c.obj
                0x08002b44                HAL_DAC_IRQHandler
 .text.HAL_DAC_ConfigChannel
                0x08002bb4       0x56 CMakeFiles/HEllOWORLD.elf.dir/Drivers/STM32F4xx_HAL_Driver/Src/stm32f4xx_hal_dac.c.obj
                0x08002bb4                HAL_DAC_ConfigChannel
 .text.HAL_DACEx_ConvCpltCallbackCh2
                0x08002c0a        0x2 CMakeFiles/HEllOWORLD.elf.dir/Drivers/STM32F4xx_HAL_Driver/Src/stm32f4xx_hal_dac_ex.c.obj
                0x08002c0a                HAL_DACEx_ConvCpltCallbackCh2
 .text.HAL_DACEx_ConvHalfCpltCallbackCh2
                0x08002c0c        0x2 CMakeFiles/HEllOWORLD.elf.dir/Drivers/STM32F4xx_HAL_Driver/Src/stm32f4xx_hal_dac_ex.c.obj
                0x08002c0c                HAL_DACEx_ConvHalfCpltCallbackCh2
 .text.HAL_DACEx_ErrorCallbackCh2
                0x08002c0e        0x2 CMakeFiles/HEllOWORLD.elf.dir/Drivers/STM32F4xx_HAL_Driver/Src/stm32f4xx_hal_dac_ex.c.obj
                0x08002c0e                HAL_DACEx_ErrorCallbackCh2
 .text.HAL_DACEx_DMAUnderrunCallbackCh2
                0x08002c10        0x2 CMakeFiles/HEllOWORLD.elf.dir/Drivers/STM32F4xx_HAL_Driver/Src/stm32f4xx_hal_dac_ex.c.obj
                0x08002c10                HAL_DACEx_DMAUnderrunCallbackCh2
 .text.DAC_DMAConvCpltCh2
                0x08002c12       0x10 CMakeFiles/HEllOWORLD.elf.dir/Drivers/STM32F4xx_HAL_Driver/Src/stm32f4xx_hal_dac_ex.c.obj
                0x08002c12                DAC_DMAConvCpltCh2
 .text.DAC_DMAHalfConvCpltCh2
                0x08002c22        0xa CMakeFiles/HEllOWORLD.elf.dir/Drivers/STM32F4xx_HAL_Driver/Src/stm32f4xx_hal_dac_ex.c.obj
                0x08002c22                DAC_DMAHalfConvCpltCh2
 .text.DAC_DMAErrorCh2
                0x08002c2c       0x18 CMakeFiles/HEllOWORLD.elf.dir/Drivers/STM32F4xx_HAL_Driver/Src/stm32f4xx_hal_dac_ex.c.obj
                0x08002c2c                DAC_DMAErrorCh2
 .text.DMA_SetConfig
                0x08002c44       0x2c CMakeFiles/HEllOWORLD.elf.dir/Drivers/STM32F4xx_HAL_Driver/Src/stm32f4xx_hal_dma.c.obj
 .text.DMA_CalcBaseAndBitshift
                0x08002c70       0x44 CMakeFiles/HEllOWORLD.elf.dir/Drivers/STM32F4xx_HAL_Driver/Src/stm32f4xx_hal_dma.c.obj
 .text.DMA_CheckFifoParam
                0x08002cb4       0x8e CMakeFiles/HEllOWORLD.elf.dir/Drivers/STM32F4xx_HAL_Driver/Src/stm32f4xx_hal_dma.c.obj
 *fill*         0x08002d42        0x2 
 .text.HAL_DMA_Init
                0x08002d44       0xcc CMakeFiles/HEllOWORLD.elf.dir/Drivers/STM32F4xx_HAL_Driver/Src/stm32f4xx_hal_dma.c.obj
                0x08002d44                HAL_DMA_Init
 .text.HAL_DMA_Start
                0x08002e10       0x48 CMakeFiles/HEllOWORLD.elf.dir/Drivers/STM32F4xx_HAL_Driver/Src/stm32f4xx_hal_dma.c.obj
                0x08002e10                HAL_DMA_Start
 .text.HAL_DMA_Start_IT
                0x08002e58       0x6a CMakeFiles/HEllOWORLD.elf.dir/Drivers/STM32F4xx_HAL_Driver/Src/stm32f4xx_hal_dma.c.obj
                0x08002e58                HAL_DMA_Start_IT
 .text.HAL_DMA_Abort
                0x08002ec2       0x94 CMakeFiles/HEllOWORLD.elf.dir/Drivers/STM32F4xx_HAL_Driver/Src/stm32f4xx_hal_dma.c.obj
                0x08002ec2                HAL_DMA_Abort
 .text.HAL_DMA_Abort_IT
                0x08002f56       0x26 CMakeFiles/HEllOWORLD.elf.dir/Drivers/STM32F4xx_HAL_Driver/Src/stm32f4xx_hal_dma.c.obj
                0x08002f56                HAL_DMA_Abort_IT
 .text.HAL_DMA_IRQHandler
                0x08002f7c      0x1dc CMakeFiles/HEllOWORLD.elf.dir/Drivers/STM32F4xx_HAL_Driver/Src/stm32f4xx_hal_dma.c.obj
                0x08002f7c                HAL_DMA_IRQHandler
 .text.HAL_GPIO_Init
                0x08003158      0x1e4 CMakeFiles/HEllOWORLD.elf.dir/Drivers/STM32F4xx_HAL_Driver/Src/stm32f4xx_hal_gpio.c.obj
                0x08003158                HAL_GPIO_Init
 .text.HAL_GPIO_ReadPin
                0x0800333c        0xe CMakeFiles/HEllOWORLD.elf.dir/Drivers/STM32F4xx_HAL_Driver/Src/stm32f4xx_hal_gpio.c.obj
                0x0800333c                HAL_GPIO_ReadPin
 .text.HAL_GPIO_WritePin
                0x0800334a        0xc CMakeFiles/HEllOWORLD.elf.dir/Drivers/STM32F4xx_HAL_Driver/Src/stm32f4xx_hal_gpio.c.obj
                0x0800334a                HAL_GPIO_WritePin
 *fill*         0x08003356        0x2 
 .text.HAL_RCC_OscConfig
                0x08003358      0x3f8 CMakeFiles/HEllOWORLD.elf.dir/Drivers/STM32F4xx_HAL_Driver/Src/stm32f4xx_hal_rcc.c.obj
                0x08003358                HAL_RCC_OscConfig
 .text.HAL_RCC_GetSysClockFreq
                0x08003750       0xd4 CMakeFiles/HEllOWORLD.elf.dir/Drivers/STM32F4xx_HAL_Driver/Src/stm32f4xx_hal_rcc.c.obj
                0x08003750                HAL_RCC_GetSysClockFreq
 .text.HAL_RCC_ClockConfig
                0x08003824      0x160 CMakeFiles/HEllOWORLD.elf.dir/Drivers/STM32F4xx_HAL_Driver/Src/stm32f4xx_hal_rcc.c.obj
                0x08003824                HAL_RCC_ClockConfig
 .text.HAL_RCC_GetHCLKFreq
                0x08003984        0xc CMakeFiles/HEllOWORLD.elf.dir/Drivers/STM32F4xx_HAL_Driver/Src/stm32f4xx_hal_rcc.c.obj
                0x08003984                HAL_RCC_GetHCLKFreq
 .text.HAL_RCC_GetPCLK1Freq
                0x08003990       0x20 CMakeFiles/HEllOWORLD.elf.dir/Drivers/STM32F4xx_HAL_Driver/Src/stm32f4xx_hal_rcc.c.obj
                0x08003990                HAL_RCC_GetPCLK1Freq
 .text.HAL_RCC_GetPCLK2Freq
                0x080039b0       0x20 CMakeFiles/HEllOWORLD.elf.dir/Drivers/STM32F4xx_HAL_Driver/Src/stm32f4xx_hal_rcc.c.obj
                0x080039b0                HAL_RCC_GetPCLK2Freq
 .text.HAL_SRAM_Init
                0x080039d0       0x58 CMakeFiles/HEllOWORLD.elf.dir/Drivers/STM32F4xx_HAL_Driver/Src/stm32f4xx_hal_sram.c.obj
                0x080039d0                HAL_SRAM_Init
 .text.TIM_OC1_SetConfig
                0x08003a28       0x68 CMakeFiles/HEllOWORLD.elf.dir/Drivers/STM32F4xx_HAL_Driver/Src/stm32f4xx_hal_tim.c.obj
 .text.TIM_OC3_SetConfig
                0x08003a90       0x70 CMakeFiles/HEllOWORLD.elf.dir/Drivers/STM32F4xx_HAL_Driver/Src/stm32f4xx_hal_tim.c.obj
 .text.TIM_OC4_SetConfig
                0x08003b00       0x50 CMakeFiles/HEllOWORLD.elf.dir/Drivers/STM32F4xx_HAL_Driver/Src/stm32f4xx_hal_tim.c.obj
 .text.TIM_TI1_ConfigInputStage
                0x08003b50       0x26 CMakeFiles/HEllOWORLD.elf.dir/Drivers/STM32F4xx_HAL_Driver/Src/stm32f4xx_hal_tim.c.obj
 .text.TIM_TI2_SetConfig
                0x08003b76       0x36 CMakeFiles/HEllOWORLD.elf.dir/Drivers/STM32F4xx_HAL_Driver/Src/stm32f4xx_hal_tim.c.obj
 .text.TIM_TI2_ConfigInputStage
                0x08003bac       0x28 CMakeFiles/HEllOWORLD.elf.dir/Drivers/STM32F4xx_HAL_Driver/Src/stm32f4xx_hal_tim.c.obj
 .text.TIM_TI3_SetConfig
                0x08003bd4       0x36 CMakeFiles/HEllOWORLD.elf.dir/Drivers/STM32F4xx_HAL_Driver/Src/stm32f4xx_hal_tim.c.obj
 .text.TIM_TI4_SetConfig
                0x08003c0a       0x36 CMakeFiles/HEllOWORLD.elf.dir/Drivers/STM32F4xx_HAL_Driver/Src/stm32f4xx_hal_tim.c.obj
 .text.TIM_ITRx_SetConfig
                0x08003c40       0x10 CMakeFiles/HEllOWORLD.elf.dir/Drivers/STM32F4xx_HAL_Driver/Src/stm32f4xx_hal_tim.c.obj
 .text.HAL_TIM_Base_Start
                0x08003c50       0x7c CMakeFiles/HEllOWORLD.elf.dir/Drivers/STM32F4xx_HAL_Driver/Src/stm32f4xx_hal_tim.c.obj
                0x08003c50                HAL_TIM_Base_Start
 .text.HAL_TIM_Base_Stop
                0x08003ccc       0x28 CMakeFiles/HEllOWORLD.elf.dir/Drivers/STM32F4xx_HAL_Driver/Src/stm32f4xx_hal_tim.c.obj
                0x08003ccc                HAL_TIM_Base_Stop
 .text.HAL_TIM_Base_Start_IT
                0x08003cf4       0x88 CMakeFiles/HEllOWORLD.elf.dir/Drivers/STM32F4xx_HAL_Driver/Src/stm32f4xx_hal_tim.c.obj
                0x08003cf4                HAL_TIM_Base_Start_IT
 .text.HAL_TIM_Base_Stop_IT
                0x08003d7c       0x32 CMakeFiles/HEllOWORLD.elf.dir/Drivers/STM32F4xx_HAL_Driver/Src/stm32f4xx_hal_tim.c.obj
                0x08003d7c                HAL_TIM_Base_Stop_IT
 .text.HAL_TIM_IC_MspInit
                0x08003dae        0x2 CMakeFiles/HEllOWORLD.elf.dir/Drivers/STM32F4xx_HAL_Driver/Src/stm32f4xx_hal_tim.c.obj
                0x08003dae                HAL_TIM_IC_MspInit
 .text.HAL_TIM_ReadCapturedValue
                0x08003db0       0x32 CMakeFiles/HEllOWORLD.elf.dir/Drivers/STM32F4xx_HAL_Driver/Src/stm32f4xx_hal_tim.c.obj
                0x08003db0                HAL_TIM_ReadCapturedValue
 .text.HAL_TIM_OC_DelayElapsedCallback
                0x08003de2        0x2 CMakeFiles/HEllOWORLD.elf.dir/Drivers/STM32F4xx_HAL_Driver/Src/stm32f4xx_hal_tim.c.obj
                0x08003de2                HAL_TIM_OC_DelayElapsedCallback
 .text.HAL_TIM_PWM_PulseFinishedCallback
                0x08003de4        0x2 CMakeFiles/HEllOWORLD.elf.dir/Drivers/STM32F4xx_HAL_Driver/Src/stm32f4xx_hal_tim.c.obj
                0x08003de4                HAL_TIM_PWM_PulseFinishedCallback
 .text.HAL_TIM_TriggerCallback
                0x08003de6        0x2 CMakeFiles/HEllOWORLD.elf.dir/Drivers/STM32F4xx_HAL_Driver/Src/stm32f4xx_hal_tim.c.obj
                0x08003de6                HAL_TIM_TriggerCallback
 .text.HAL_TIM_IRQHandler
                0x08003de8      0x17a CMakeFiles/HEllOWORLD.elf.dir/Drivers/STM32F4xx_HAL_Driver/Src/stm32f4xx_hal_tim.c.obj
                0x08003de8                HAL_TIM_IRQHandler
 *fill*         0x08003f62        0x2 
 .text.TIM_Base_SetConfig
                0x08003f64       0xc8 CMakeFiles/HEllOWORLD.elf.dir/Drivers/STM32F4xx_HAL_Driver/Src/stm32f4xx_hal_tim.c.obj
                0x08003f64                TIM_Base_SetConfig
 .text.HAL_TIM_Base_Init
                0x0800402c       0x58 CMakeFiles/HEllOWORLD.elf.dir/Drivers/STM32F4xx_HAL_Driver/Src/stm32f4xx_hal_tim.c.obj
                0x0800402c                HAL_TIM_Base_Init
 .text.HAL_TIM_PWM_Init
                0x08004084       0x58 CMakeFiles/HEllOWORLD.elf.dir/Drivers/STM32F4xx_HAL_Driver/Src/stm32f4xx_hal_tim.c.obj
                0x08004084                HAL_TIM_PWM_Init
 .text.HAL_TIM_IC_Init
                0x080040dc       0x58 CMakeFiles/HEllOWORLD.elf.dir/Drivers/STM32F4xx_HAL_Driver/Src/stm32f4xx_hal_tim.c.obj
                0x080040dc                HAL_TIM_IC_Init
 .text.TIM_OC2_SetConfig
                0x08004134       0x70 CMakeFiles/HEllOWORLD.elf.dir/Drivers/STM32F4xx_HAL_Driver/Src/stm32f4xx_hal_tim.c.obj
                0x08004134                TIM_OC2_SetConfig
 .text.HAL_TIM_PWM_ConfigChannel
                0x080041a4       0xdc CMakeFiles/HEllOWORLD.elf.dir/Drivers/STM32F4xx_HAL_Driver/Src/stm32f4xx_hal_tim.c.obj
                0x080041a4                HAL_TIM_PWM_ConfigChannel
 .text.TIM_TI1_SetConfig
                0x08004280       0x7c CMakeFiles/HEllOWORLD.elf.dir/Drivers/STM32F4xx_HAL_Driver/Src/stm32f4xx_hal_tim.c.obj
                0x08004280                TIM_TI1_SetConfig
 .text.HAL_TIM_IC_ConfigChannel
                0x080042fc       0xc4 CMakeFiles/HEllOWORLD.elf.dir/Drivers/STM32F4xx_HAL_Driver/Src/stm32f4xx_hal_tim.c.obj
                0x080042fc                HAL_TIM_IC_ConfigChannel
 .text.TIM_ETR_SetConfig
                0x080043c0       0x1a CMakeFiles/HEllOWORLD.elf.dir/Drivers/STM32F4xx_HAL_Driver/Src/stm32f4xx_hal_tim.c.obj
                0x080043c0                TIM_ETR_SetConfig
 .text.HAL_TIM_ConfigClockSource
                0x080043da       0xfe CMakeFiles/HEllOWORLD.elf.dir/Drivers/STM32F4xx_HAL_Driver/Src/stm32f4xx_hal_tim.c.obj
                0x080043da                HAL_TIM_ConfigClockSource
 .text.TIM_CCxChannelCmd
                0x080044d8       0x1e CMakeFiles/HEllOWORLD.elf.dir/Drivers/STM32F4xx_HAL_Driver/Src/stm32f4xx_hal_tim.c.obj
                0x080044d8                TIM_CCxChannelCmd
 *fill*         0x080044f6        0x2 
 .text.HAL_TIM_PWM_Start
                0x080044f8      0x104 CMakeFiles/HEllOWORLD.elf.dir/Drivers/STM32F4xx_HAL_Driver/Src/stm32f4xx_hal_tim.c.obj
                0x080044f8                HAL_TIM_PWM_Start
 .text.HAL_TIM_IC_Start_IT
                0x080045fc      0x174 CMakeFiles/HEllOWORLD.elf.dir/Drivers/STM32F4xx_HAL_Driver/Src/stm32f4xx_hal_tim.c.obj
                0x080045fc                HAL_TIM_IC_Start_IT
 .text.HAL_TIM_IC_Stop_IT
                0x08004770       0xd0 CMakeFiles/HEllOWORLD.elf.dir/Drivers/STM32F4xx_HAL_Driver/Src/stm32f4xx_hal_tim.c.obj
                0x08004770                HAL_TIM_IC_Stop_IT
 .text.HAL_TIMEx_MasterConfigSynchronization
                0x08004840       0x8c CMakeFiles/HEllOWORLD.elf.dir/Drivers/STM32F4xx_HAL_Driver/Src/stm32f4xx_hal_tim_ex.c.obj
                0x08004840                HAL_TIMEx_MasterConfigSynchronization
 .text.HAL_TIMEx_CommutCallback
                0x080048cc        0x2 CMakeFiles/HEllOWORLD.elf.dir/Drivers/STM32F4xx_HAL_Driver/Src/stm32f4xx_hal_tim_ex.c.obj
                0x080048cc                HAL_TIMEx_CommutCallback
 .text.HAL_TIMEx_BreakCallback
                0x080048ce        0x2 CMakeFiles/HEllOWORLD.elf.dir/Drivers/STM32F4xx_HAL_Driver/Src/stm32f4xx_hal_tim_ex.c.obj
                0x080048ce                HAL_TIMEx_BreakCallback
 .text.UART_EndRxTransfer
                0x080048d0       0x5c CMakeFiles/HEllOWORLD.elf.dir/Drivers/STM32F4xx_HAL_Driver/Src/stm32f4xx_hal_uart.c.obj
 .text.UART_Transmit_IT
                0x0800492c       0x60 CMakeFiles/HEllOWORLD.elf.dir/Drivers/STM32F4xx_HAL_Driver/Src/stm32f4xx_hal_uart.c.obj
 .text.UART_SetConfig
                0x0800498c      0x110 CMakeFiles/HEllOWORLD.elf.dir/Drivers/STM32F4xx_HAL_Driver/Src/stm32f4xx_hal_uart.c.obj
 .text.UART_WaitOnFlagUntilTimeout
                0x08004a9c       0x88 CMakeFiles/HEllOWORLD.elf.dir/Drivers/STM32F4xx_HAL_Driver/Src/stm32f4xx_hal_uart.c.obj
 .text.HAL_UART_Init
                0x08004b24       0x5e CMakeFiles/HEllOWORLD.elf.dir/Drivers/STM32F4xx_HAL_Driver/Src/stm32f4xx_hal_uart.c.obj
                0x08004b24                HAL_UART_Init
 .text.HAL_UART_Transmit
                0x08004b82       0xd8 CMakeFiles/HEllOWORLD.elf.dir/Drivers/STM32F4xx_HAL_Driver/Src/stm32f4xx_hal_uart.c.obj
                0x08004b82                HAL_UART_Transmit
 .text.HAL_UART_Receive
                0x08004c5a       0xe4 CMakeFiles/HEllOWORLD.elf.dir/Drivers/STM32F4xx_HAL_Driver/Src/stm32f4xx_hal_uart.c.obj
                0x08004c5a                HAL_UART_Receive
 .text.HAL_UART_TxCpltCallback
                0x08004d3e        0x2 CMakeFiles/HEllOWORLD.elf.dir/Drivers/STM32F4xx_HAL_Driver/Src/stm32f4xx_hal_uart.c.obj
                0x08004d3e                HAL_UART_TxCpltCallback
 .text.UART_EndTransmit_IT
                0x08004d40       0x1a CMakeFiles/HEllOWORLD.elf.dir/Drivers/STM32F4xx_HAL_Driver/Src/stm32f4xx_hal_uart.c.obj
 .text.HAL_UART_RxCpltCallback
                0x08004d5a        0x2 CMakeFiles/HEllOWORLD.elf.dir/Drivers/STM32F4xx_HAL_Driver/Src/stm32f4xx_hal_uart.c.obj
                0x08004d5a                HAL_UART_RxCpltCallback
 .text.HAL_UART_ErrorCallback
                0x08004d5c        0x2 CMakeFiles/HEllOWORLD.elf.dir/Drivers/STM32F4xx_HAL_Driver/Src/stm32f4xx_hal_uart.c.obj
                0x08004d5c                HAL_UART_ErrorCallback
 .text.UART_DMAAbortOnError
                0x08004d5e       0x10 CMakeFiles/HEllOWORLD.elf.dir/Drivers/STM32F4xx_HAL_Driver/Src/stm32f4xx_hal_uart.c.obj
 .text.HAL_UARTEx_RxEventCallback
                0x08004d6e        0x2 CMakeFiles/HEllOWORLD.elf.dir/Drivers/STM32F4xx_HAL_Driver/Src/stm32f4xx_hal_uart.c.obj
                0x08004d6e                HAL_UARTEx_RxEventCallback
 .text.UART_Receive_IT
                0x08004d70       0xe2 CMakeFiles/HEllOWORLD.elf.dir/Drivers/STM32F4xx_HAL_Driver/Src/stm32f4xx_hal_uart.c.obj
 *fill*         0x08004e52        0x2 
 .text.HAL_UART_IRQHandler
                0x08004e54      0x280 CMakeFiles/HEllOWORLD.elf.dir/Drivers/STM32F4xx_HAL_Driver/Src/stm32f4xx_hal_uart.c.obj
                0x08004e54                HAL_UART_IRQHandler
 .text.FSMC_NORSRAM_Init
                0x080050d4       0x6c CMakeFiles/HEllOWORLD.elf.dir/Drivers/STM32F4xx_HAL_Driver/Src/stm32f4xx_ll_fsmc.c.obj
                0x080050d4                FSMC_NORSRAM_Init
 .text.FSMC_NORSRAM_Timing_Init
                0x08005140       0x44 CMakeFiles/HEllOWORLD.elf.dir/Drivers/STM32F4xx_HAL_Driver/Src/stm32f4xx_ll_fsmc.c.obj
                0x08005140                FSMC_NORSRAM_Timing_Init
 .text.FSMC_NORSRAM_Extended_Timing_Init
                0x08005184       0x44 CMakeFiles/HEllOWORLD.elf.dir/Drivers/STM32F4xx_HAL_Driver/Src/stm32f4xx_ll_fsmc.c.obj
                0x08005184                FSMC_NORSRAM_Extended_Timing_Init
 .text.gui_frame
                0x080051c8       0x50 CMakeFiles/HEllOWORLD.elf.dir/GUI/gui.c.obj
                0x080051c8                gui_frame
 .text.gui_clear_frame
                0x08005218       0x48 CMakeFiles/HEllOWORLD.elf.dir/GUI/gui.c.obj
                0x08005218                gui_clear_frame
 .text.gui_ref_axis
                0x08005260       0xdc CMakeFiles/HEllOWORLD.elf.dir/GUI/gui.c.obj
                0x08005260                gui_ref_axis
 .text.gui_pwm_show_result
                0x0800533c      0x400 CMakeFiles/HEllOWORLD.elf.dir/GUI/gui.c.obj
                0x0800533c                gui_pwm_show_result
 .text.show_result
                0x0800573c      0x778 CMakeFiles/HEllOWORLD.elf.dir/GUI/gui.c.obj
                0x0800573c                show_result
 .text.graph    0x08005eb4      0x134 CMakeFiles/HEllOWORLD.elf.dir/GUI/gui.c.obj
                0x08005eb4                graph
 .text.key_scan
                0x08005fe8       0xb0 CMakeFiles/HEllOWORLD.elf.dir/HardWare/key/key.c.obj
                0x08005fe8                key_scan
 .text.demo_08  0x08006098       0xde CMakeFiles/HEllOWORLD.elf.dir/HardWare/lcd/demos.c.obj
 .text.half_sec_delay
                0x08006176        0xc CMakeFiles/HEllOWORLD.elf.dir/HardWare/lcd/demos.c.obj
 *fill*         0x08006182        0x2 
 .text.demo_01  0x08006184       0xb0 CMakeFiles/HEllOWORLD.elf.dir/HardWare/lcd/demos.c.obj
 .text.start_demos
                0x08006234       0x2c CMakeFiles/HEllOWORLD.elf.dir/HardWare/lcd/demos.c.obj
                0x08006234                start_demos
 .text._lcd_wr_regno
                0x08006260        0xc CMakeFiles/HEllOWORLD.elf.dir/HardWare/lcd/lcd.c.obj
                0x08006260                _lcd_wr_regno
 .text._lcd_wr_data
                0x0800626c        0xc CMakeFiles/HEllOWORLD.elf.dir/HardWare/lcd/lcd.c.obj
                0x0800626c                _lcd_wr_data
 .text.lcd_write_reg
                0x08006278       0x10 CMakeFiles/HEllOWORLD.elf.dir/HardWare/lcd/lcd.c.obj
                0x08006278                lcd_write_reg
 .text.lcd_rd_data
                0x08006288       0x1c CMakeFiles/HEllOWORLD.elf.dir/HardWare/lcd/lcd.c.obj
                0x08006288                lcd_rd_data
 .text._lcd_r_regno
                0x080062a4       0x12 CMakeFiles/HEllOWORLD.elf.dir/HardWare/lcd/lcd.c.obj
                0x080062a4                _lcd_r_regno
 *fill*         0x080062b6        0x2 
 .text.lcd_write_ram_prepare
                0x080062b8       0x10 CMakeFiles/HEllOWORLD.elf.dir/HardWare/lcd/lcd.c.obj
                0x080062b8                lcd_write_ram_prepare
 .text.lcd_set_cursor
                0x080062c8       0x34 CMakeFiles/HEllOWORLD.elf.dir/HardWare/lcd/lcd.c.obj
                0x080062c8                lcd_set_cursor
 .text.lcd_draw_point
                0x080062fc       0x14 CMakeFiles/HEllOWORLD.elf.dir/HardWare/lcd/lcd.c.obj
                0x080062fc                lcd_draw_point
 .text._lcd_clear
                0x08006310       0x48 CMakeFiles/HEllOWORLD.elf.dir/HardWare/lcd/lcd.c.obj
                0x08006310                _lcd_clear
 .text.lcd_fill
                0x08006358       0x44 CMakeFiles/HEllOWORLD.elf.dir/HardWare/lcd/lcd.c.obj
                0x08006358                lcd_fill
 .text.lcd_scan_dir
                0x0800639c       0xa4 CMakeFiles/HEllOWORLD.elf.dir/HardWare/lcd/lcd.c.obj
                0x0800639c                lcd_scan_dir
 .text.lcd_display_dir
                0x08006440       0xb8 CMakeFiles/HEllOWORLD.elf.dir/HardWare/lcd/lcd.c.obj
                0x08006440                lcd_display_dir
 .text.lcd_init
                0x080064f8       0x9c CMakeFiles/HEllOWORLD.elf.dir/HardWare/lcd/lcd.c.obj
                0x080064f8                lcd_init
 .text._lcd_ex_ili9341_reginit
                0x08006594      0x22c CMakeFiles/HEllOWORLD.elf.dir/HardWare/lcd/lcd_ex.c.obj
                0x08006594                _lcd_ex_ili9341_reginit
 .text._lcd_show_char
                0x080067c0      0x124 CMakeFiles/HEllOWORLD.elf.dir/HardWare/lcd/lcdlib.c.obj
                0x080067c0                _lcd_show_char
 .text._lcd_show_string
                0x080068e4       0xb0 CMakeFiles/HEllOWORLD.elf.dir/HardWare/lcd/lcdlib.c.obj
                0x080068e4                _lcd_show_string
 .text._lcd_pow
                0x08006994       0x16 CMakeFiles/HEllOWORLD.elf.dir/HardWare/lcd/lcdlib.c.obj
                0x08006994                _lcd_pow
 *fill*         0x080069aa        0x2 
 .text._lcd_show_num
                0x080069ac      0x10c CMakeFiles/HEllOWORLD.elf.dir/HardWare/lcd/lcdlib.c.obj
                0x080069ac                _lcd_show_num
 .text._lcd_show_xnum
                0x08006ab8      0x15c CMakeFiles/HEllOWORLD.elf.dir/HardWare/lcd/lcdlib.c.obj
                0x08006ab8                _lcd_show_xnum
 .text.lcd_draw_hline
                0x08006c14       0x38 CMakeFiles/HEllOWORLD.elf.dir/HardWare/lcd/lcdlib.c.obj
                0x08006c14                lcd_draw_hline
 .text.lcd_draw_line
                0x08006c4c       0xa6 CMakeFiles/HEllOWORLD.elf.dir/HardWare/lcd/lcdlib.c.obj
                0x08006c4c                lcd_draw_line
 .text.lcd_draw_rectangle
                0x08006cf2       0x52 CMakeFiles/HEllOWORLD.elf.dir/HardWare/lcd/lcdlib.c.obj
                0x08006cf2                lcd_draw_rectangle
 .text.lcd_show_string_config
                0x08006d44       0x86 CMakeFiles/HEllOWORLD.elf.dir/HardWare/lcd/lcdlib.c.obj
                0x08006d44                lcd_show_string_config
 *fill*         0x08006dca        0x2 
 .text.calc_tim_arr_psc
                0x08006dcc       0x64 CMakeFiles/HEllOWORLD.elf.dir/SignalProcess/SignalProcess.c.obj
                0x08006dcc                calc_tim_arr_psc
 .text.digital_to_analog_mv
                0x08006e30       0x18 CMakeFiles/HEllOWORLD.elf.dir/SignalProcess/SignalProcess.c.obj
                0x08006e30                digital_to_analog_mv
 .text.get_signal_max
                0x08006e48       0x1a CMakeFiles/HEllOWORLD.elf.dir/SignalProcess/SignalProcess.c.obj
                0x08006e48                get_signal_max
 .text.get_signal_min
                0x08006e62       0x1a CMakeFiles/HEllOWORLD.elf.dir/SignalProcess/SignalProcess.c.obj
                0x08006e62                get_signal_min
 .text.get_signal_peak_to_peak
                0x08006e7c       0x32 CMakeFiles/HEllOWORLD.elf.dir/SignalProcess/SignalProcess.c.obj
                0x08006e7c                get_signal_peak_to_peak
 .text.get_signal_rms
                0x08006eae       0x18 CMakeFiles/HEllOWORLD.elf.dir/SignalProcess/SignalProcess.c.obj
                0x08006eae                get_signal_rms
 *fill*         0x08006ec6        0x2 
 .text.adc_process
                0x08006ec8      0x100 CMakeFiles/HEllOWORLD.elf.dir/SignalProcess/SignalProcess.c.obj
                0x08006ec8                adc_process
 .text.dac_init_dma
                0x08006fc8       0x4c CMakeFiles/HEllOWORLD.elf.dir/SignalProcess/SignalProcess_dac.c.obj
                0x08006fc8                dac_init_dma
 .text.dac_creat_sin_buf
                0x08007014       0xac CMakeFiles/HEllOWORLD.elf.dir/SignalProcess/SignalProcess_dac.c.obj
                0x08007014                dac_creat_sin_buf
 .text.dac_creat_tri_buf
                0x080070c0       0x8c CMakeFiles/HEllOWORLD.elf.dir/SignalProcess/SignalProcess_dac.c.obj
                0x080070c0                dac_creat_tri_buf
 .text.dac_dma_enable
                0x0800714c       0xa8 CMakeFiles/HEllOWORLD.elf.dir/SignalProcess/SignalProcess_dac.c.obj
                0x0800714c                dac_dma_enable
 .text.dac_set  0x080071f4      0x18c CMakeFiles/HEllOWORLD.elf.dir/SignalProcess/SignalProcess_dac.c.obj
                0x080071f4                dac_set
 .text.dac_out  0x08007380       0x2c CMakeFiles/HEllOWORLD.elf.dir/SignalProcess/SignalProcess_dac.c.obj
                0x08007380                dac_out
 .text.cfft     0x080073ac      0x108 CMakeFiles/HEllOWORLD.elf.dir/SignalProcess/SignalProcess_fft.c.obj
                0x080073ac                cfft
 .text.fft_get_freq
                0x080074b4       0x80 CMakeFiles/HEllOWORLD.elf.dir/SignalProcess/SignalProcess_fft.c.obj
                0x080074b4                fft_get_freq
 *fill*         0x08007534        0x4 
 .text.fft_get_THD
                0x08007538      0x128 CMakeFiles/HEllOWORLD.elf.dir/SignalProcess/SignalProcess_fft.c.obj
                0x08007538                fft_get_THD
 .text.fft_recognize_wave
                0x08007660       0xd8 CMakeFiles/HEllOWORLD.elf.dir/SignalProcess/SignalProcess_fft.c.obj
                0x08007660                fft_recognize_wave
 .text._pwmFreAdjust
                0x08007738       0x3c CMakeFiles/HEllOWORLD.elf.dir/SignalProcess/SignalProcess_pwm.c.obj
                0x08007738                _pwmFreAdjust
 .text._pwmFreAdjust_psc
                0x08007774       0x50 CMakeFiles/HEllOWORLD.elf.dir/SignalProcess/SignalProcess_pwm.c.obj
                0x08007774                _pwmFreAdjust_psc
 .text._pwm_out
                0x080077c4       0x20 CMakeFiles/HEllOWORLD.elf.dir/SignalProcess/SignalProcess_pwm.c.obj
                0x080077c4                _pwm_out
 .text.HAL_TIM_PeriodElapsedCallback
                0x080077e4       0x20 CMakeFiles/HEllOWORLD.elf.dir/SignalProcess/SignalProcess_pwm.c.obj
                0x080077e4                HAL_TIM_PeriodElapsedCallback
 .text.HAL_TIM_IC_CaptureCallback
                0x08007804      0x184 CMakeFiles/HEllOWORLD.elf.dir/SignalProcess/SignalProcess_pwm.c.obj
                0x08007804                HAL_TIM_IC_CaptureCallback
 .text._pwm_input
                0x08007988      0x108 CMakeFiles/HEllOWORLD.elf.dir/SignalProcess/SignalProcess_pwm.c.obj
                0x08007988                _pwm_input
 .text.adc_check
                0x08007a90       0x60 CMakeFiles/HEllOWORLD.elf.dir/SignalProcess/SingnalProcess_adc.c.obj
                0x08007a90                adc_check
 .text.adc_init_dma
                0x08007af0       0x2c CMakeFiles/HEllOWORLD.elf.dir/SignalProcess/SingnalProcess_adc.c.obj
                0x08007af0                adc_init_dma
 .text.adc_start_auto
                0x08007b1c       0x4c CMakeFiles/HEllOWORLD.elf.dir/SignalProcess/SingnalProcess_adc.c.obj
                0x08007b1c                adc_start_auto
 .text.adc_stop
                0x08007b68       0x24 CMakeFiles/HEllOWORLD.elf.dir/SignalProcess/SingnalProcess_adc.c.obj
                0x08007b68                adc_stop
 .text.HAL_ADC_ConvCpltCallback
                0x08007b8c       0x24 CMakeFiles/HEllOWORLD.elf.dir/SignalProcess/SingnalProcess_adc.c.obj
                0x08007b8c                HAL_ADC_ConvCpltCallback
 .text.delay_init
                0x08007bb0       0x14 CMakeFiles/HEllOWORLD.elf.dir/System/delay/delay.c.obj
                0x08007bb0                delay_init
 .text.delay_us
                0x08007bc4       0x40 CMakeFiles/HEllOWORLD.elf.dir/System/delay/delay.c.obj
                0x08007bc4                delay_us
 .text.delay_ms
                0x08007c04       0x18 CMakeFiles/HEllOWORLD.elf.dir/System/delay/delay.c.obj
                0x08007c04                delay_ms
 .text.RetargetInit
                0x08007c1c       0x20 CMakeFiles/HEllOWORLD.elf.dir/System/usart/retarget.c.obj
                0x08007c1c                RetargetInit
 .text._write   0x08007c3c       0x34 CMakeFiles/HEllOWORLD.elf.dir/System/usart/retarget.c.obj
                0x08007c3c                _write
 .text._read    0x08007c70       0x30 CMakeFiles/HEllOWORLD.elf.dir/System/usart/retarget.c.obj
                0x08007c70                _read
 .text.Reset_Handler
                0x08007ca0       0x50 CMakeFiles/HEllOWORLD.elf.dir/startup/startup_stm32f407xx.s.obj
                0x08007ca0                Reset_Handler
 .text.Default_Handler
                0x08007cf0        0x2 CMakeFiles/HEllOWORLD.elf.dir/startup/startup_stm32f407xx.s.obj
                0x08007cf0                RTC_Alarm_IRQHandler
                0x08007cf0                HASH_RNG_IRQHandler
                0x08007cf0                EXTI2_IRQHandler
                0x08007cf0                TIM8_CC_IRQHandler
                0x08007cf0                TIM1_CC_IRQHandler
                0x08007cf0                DMA2_Stream5_IRQHandler
                0x08007cf0                PVD_IRQHandler
                0x08007cf0                SDIO_IRQHandler
                0x08007cf0                TAMP_STAMP_IRQHandler
                0x08007cf0                CAN2_RX1_IRQHandler
                0x08007cf0                EXTI3_IRQHandler
                0x08007cf0                TIM8_TRG_COM_TIM14_IRQHandler
                0x08007cf0                TIM1_UP_TIM10_IRQHandler
                0x08007cf0                TIM8_UP_TIM13_IRQHandler
                0x08007cf0                I2C3_ER_IRQHandler
                0x08007cf0                EXTI0_IRQHandler
                0x08007cf0                I2C2_EV_IRQHandler
                0x08007cf0                DMA1_Stream2_IRQHandler
                0x08007cf0                CAN1_RX0_IRQHandler
                0x08007cf0                FPU_IRQHandler
                0x08007cf0                OTG_HS_WKUP_IRQHandler
                0x08007cf0                CAN2_SCE_IRQHandler
                0x08007cf0                DMA2_Stream2_IRQHandler
                0x08007cf0                SPI1_IRQHandler
                0x08007cf0                DCMI_IRQHandler
                0x08007cf0                CAN2_RX0_IRQHandler
                0x08007cf0                DMA2_Stream3_IRQHandler
                0x08007cf0                USART6_IRQHandler
                0x08007cf0                CAN1_RX1_IRQHandler
                0x08007cf0                UART5_IRQHandler
                0x08007cf0                TIM4_IRQHandler
                0x08007cf0                I2C1_EV_IRQHandler
                0x08007cf0                UART4_IRQHandler
                0x08007cf0                TIM3_IRQHandler
                0x08007cf0                RCC_IRQHandler
                0x08007cf0                TIM8_BRK_TIM12_IRQHandler
                0x08007cf0                Default_Handler
                0x08007cf0                EXTI15_10_IRQHandler
                0x08007cf0                ADC_IRQHandler
                0x08007cf0                DMA1_Stream7_IRQHandler
                0x08007cf0                TIM7_IRQHandler
                0x08007cf0                CAN2_TX_IRQHandler
                0x08007cf0                TIM5_IRQHandler
                0x08007cf0                DMA2_Stream7_IRQHandler
                0x08007cf0                I2C3_EV_IRQHandler
                0x08007cf0                EXTI9_5_IRQHandler
                0x08007cf0                RTC_WKUP_IRQHandler
                0x08007cf0                ETH_WKUP_IRQHandler
                0x08007cf0                SPI2_IRQHandler
                0x08007cf0                OTG_HS_EP1_IN_IRQHandler
                0x08007cf0                DMA1_Stream0_IRQHandler
                0x08007cf0                CAN1_TX_IRQHandler
                0x08007cf0                EXTI4_IRQHandler
                0x08007cf0                FSMC_IRQHandler
                0x08007cf0                ETH_IRQHandler
                0x08007cf0                OTG_HS_EP1_OUT_IRQHandler
                0x08007cf0                WWDG_IRQHandler
                0x08007cf0                TIM2_IRQHandler
                0x08007cf0                OTG_FS_WKUP_IRQHandler
                0x08007cf0                TIM1_TRG_COM_TIM11_IRQHandler
                0x08007cf0                OTG_HS_IRQHandler
                0x08007cf0                EXTI1_IRQHandler
                0x08007cf0                USART2_IRQHandler
                0x08007cf0                I2C2_ER_IRQHandler
                0x08007cf0                DMA2_Stream1_IRQHandler
                0x08007cf0                CAN1_SCE_IRQHandler
                0x08007cf0                FLASH_IRQHandler
                0x08007cf0                DMA2_Stream4_IRQHandler
                0x08007cf0                USART1_IRQHandler
                0x08007cf0                OTG_FS_IRQHandler
                0x08007cf0                SPI3_IRQHandler
                0x08007cf0                DMA1_Stream4_IRQHandler
                0x08007cf0                I2C1_ER_IRQHandler
                0x08007cf0                DMA2_Stream6_IRQHandler
                0x08007cf0                DMA1_Stream3_IRQHandler
 *fill*         0x08007cf2        0x2 
 .text.arm_rms_f32
                0x08007cf4       0xc8 ..\Middlewares\ST\ARM\DSP\Lib\libarm_cortexM4lf_math.a(arm_rms_f32.o)
                0x08007cf4                arm_rms_f32
 .text.arm_min_f32
                0x08007dbc       0xd8 ..\Middlewares\ST\ARM\DSP\Lib\libarm_cortexM4lf_math.a(arm_min_f32.o)
                0x08007dbc                arm_min_f32
 .text.arm_max_f32
                0x08007e94       0xd8 ..\Middlewares\ST\ARM\DSP\Lib\libarm_cortexM4lf_math.a(arm_max_f32.o)
                0x08007e94                arm_max_f32
 .text.arm_cfft_radix8by2_f32
                0x08007f6c      0x1a0 ..\Middlewares\ST\ARM\DSP\Lib\libarm_cortexM4lf_math.a(arm_cfft_f32.o)
                0x08007f6c                arm_cfft_radix8by2_f32
 .text.arm_cfft_radix8by4_f32
                0x0800810c      0x4ac ..\Middlewares\ST\ARM\DSP\Lib\libarm_cortexM4lf_math.a(arm_cfft_f32.o)
                0x0800810c                arm_cfft_radix8by4_f32
 .text.arm_cfft_f32
                0x080085b8       0xf0 ..\Middlewares\ST\ARM\DSP\Lib\libarm_cortexM4lf_math.a(arm_cfft_f32.o)
                0x080085b8                arm_cfft_f32
 .text.arm_bitreversal_32
                0x080086a8       0x40 ..\Middlewares\ST\ARM\DSP\Lib\libarm_cortexM4lf_math.a(arm_bitreversal2.o)
                0x080086a8                arm_bitreversal_32
 .text.arm_cmplx_mag_f32
                0x080086e8      0x248 ..\Middlewares\ST\ARM\DSP\Lib\libarm_cortexM4lf_math.a(arm_cmplx_mag_f32.o)
                0x080086e8                arm_cmplx_mag_f32
 .text.arm_sin_f32
                0x08008930       0x8c ..\Middlewares\ST\ARM\DSP\Lib\libarm_cortexM4lf_math.a(arm_sin_f32.o)
                0x08008930                arm_sin_f32
 .text.arm_radix8_butterfly_f32
                0x080089bc      0x580 ..\Middlewares\ST\ARM\DSP\Lib\libarm_cortexM4lf_math.a(arm_cfft_radix8_f32.o)
                0x080089bc                arm_radix8_butterfly_f32
 .text.__errno  0x08008f3c        0xc c:/mingw/gcc-arm-none-eabi-10.3-2021.10/bin/../lib/gcc/arm-none-eabi/10.3.1/../../../../arm-none-eabi/lib/thumb/v7e-m+fp/hard\libc.a(lib_a-errno.o)
                0x08008f3c                __errno
 .text.__libc_init_array
                0x08008f48       0x48 c:/mingw/gcc-arm-none-eabi-10.3-2021.10/bin/../lib/gcc/arm-none-eabi/10.3.1/../../../../arm-none-eabi/lib/thumb/v7e-m+fp/hard\libc.a(lib_a-init.o)
                0x08008f48                __libc_init_array
 .text.memset   0x08008f90       0xa4 c:/mingw/gcc-arm-none-eabi-10.3-2021.10/bin/../lib/gcc/arm-none-eabi/10.3.1/../../../../arm-none-eabi/lib/thumb/v7e-m+fp/hard\libc.a(lib_a-memset.o)
                0x08008f90                memset
 .text.printf   0x08009034       0x28 c:/mingw/gcc-arm-none-eabi-10.3-2021.10/bin/../lib/gcc/arm-none-eabi/10.3.1/../../../../arm-none-eabi/lib/thumb/v7e-m+fp/hard\libc.a(lib_a-printf.o)
                0x08009034                printf
 .text._puts_r  0x0800905c       0x9c c:/mingw/gcc-arm-none-eabi-10.3-2021.10/bin/../lib/gcc/arm-none-eabi/10.3.1/../../../../arm-none-eabi/lib/thumb/v7e-m+fp/hard\libc.a(lib_a-puts.o)
                0x0800905c                _puts_r
 .text.puts     0x080090f8       0x10 c:/mingw/gcc-arm-none-eabi-10.3-2021.10/bin/../lib/gcc/arm-none-eabi/10.3.1/../../../../arm-none-eabi/lib/thumb/v7e-m+fp/hard\libc.a(lib_a-puts.o)
                0x080090f8                puts
 .text.setvbuf  0x08009108      0x1b0 c:/mingw/gcc-arm-none-eabi-10.3-2021.10/bin/../lib/gcc/arm-none-eabi/10.3.1/../../../../arm-none-eabi/lib/thumb/v7e-m+fp/hard\libc.a(lib_a-setvbuf.o)
                0x08009108                setvbuf
 .text._vfprintf_r
                0x080092b8     0x1b90 c:/mingw/gcc-arm-none-eabi-10.3-2021.10/bin/../lib/gcc/arm-none-eabi/10.3.1/../../../../arm-none-eabi/lib/thumb/v7e-m+fp/hard\libc.a(lib_a-vfprintf.o)
                0x080092b8                _vfprintf_r
 .text.__sbprintf
                0x0800ae48       0x80 c:/mingw/gcc-arm-none-eabi-10.3-2021.10/bin/../lib/gcc/arm-none-eabi/10.3.1/../../../../arm-none-eabi/lib/thumb/v7e-m+fp/hard\libc.a(lib_a-vfprintf.o)
 .text.__swsetup_r
                0x0800aec8       0xd4 c:/mingw/gcc-arm-none-eabi-10.3-2021.10/bin/../lib/gcc/arm-none-eabi/10.3.1/../../../../arm-none-eabi/lib/thumb/v7e-m+fp/hard\libc.a(lib_a-wsetup.o)
                0x0800aec8                __swsetup_r
 .text.startup.register_fini
                0x0800af9c       0x14 c:/mingw/gcc-arm-none-eabi-10.3-2021.10/bin/../lib/gcc/arm-none-eabi/10.3.1/../../../../arm-none-eabi/lib/thumb/v7e-m+fp/hard\libc.a(lib_a-__call_atexit.o)
 .text.atexit   0x0800afb0        0xc c:/mingw/gcc-arm-none-eabi-10.3-2021.10/bin/../lib/gcc/arm-none-eabi/10.3.1/../../../../arm-none-eabi/lib/thumb/v7e-m+fp/hard\libc.a(lib_a-atexit.o)
                0x0800afb0                atexit
 .text.quorem   0x0800afbc      0x128 c:/mingw/gcc-arm-none-eabi-10.3-2021.10/bin/../lib/gcc/arm-none-eabi/10.3.1/../../../../arm-none-eabi/lib/thumb/v7e-m+fp/hard\libc.a(lib_a-dtoa.o)
 *fill*         0x0800b0e4        0x4 
 .text._dtoa_r  0x0800b0e8      0xf3c c:/mingw/gcc-arm-none-eabi-10.3-2021.10/bin/../lib/gcc/arm-none-eabi/10.3.1/../../../../arm-none-eabi/lib/thumb/v7e-m+fp/hard\libc.a(lib_a-dtoa.o)
                0x0800b0e8                _dtoa_r
 .text.__sflush_r
                0x0800c024      0x130 c:/mingw/gcc-arm-none-eabi-10.3-2021.10/bin/../lib/gcc/arm-none-eabi/10.3.1/../../../../arm-none-eabi/lib/thumb/v7e-m+fp/hard\libc.a(lib_a-fflush.o)
                0x0800c024                __sflush_r
 .text._fflush_r
                0x0800c154       0x5c c:/mingw/gcc-arm-none-eabi-10.3-2021.10/bin/../lib/gcc/arm-none-eabi/10.3.1/../../../../arm-none-eabi/lib/thumb/v7e-m+fp/hard\libc.a(lib_a-fflush.o)
                0x0800c154                _fflush_r
 .text._cleanup_r
                0x0800c1b0        0xc c:/mingw/gcc-arm-none-eabi-10.3-2021.10/bin/../lib/gcc/arm-none-eabi/10.3.1/../../../../arm-none-eabi/lib/thumb/v7e-m+fp/hard\libc.a(lib_a-findfp.o)
                0x0800c1b0                _cleanup_r
 .text.__sinit  0x0800c1bc      0x10c c:/mingw/gcc-arm-none-eabi-10.3-2021.10/bin/../lib/gcc/arm-none-eabi/10.3.1/../../../../arm-none-eabi/lib/thumb/v7e-m+fp/hard\libc.a(lib_a-findfp.o)
                0x0800c1bc                __sinit
 .text.__sfp_lock_acquire
                0x0800c2c8        0xc c:/mingw/gcc-arm-none-eabi-10.3-2021.10/bin/../lib/gcc/arm-none-eabi/10.3.1/../../../../arm-none-eabi/lib/thumb/v7e-m+fp/hard\libc.a(lib_a-findfp.o)
                0x0800c2c8                __sfp_lock_acquire
 .text.__sfp_lock_release
                0x0800c2d4        0xc c:/mingw/gcc-arm-none-eabi-10.3-2021.10/bin/../lib/gcc/arm-none-eabi/10.3.1/../../../../arm-none-eabi/lib/thumb/v7e-m+fp/hard\libc.a(lib_a-findfp.o)
                0x0800c2d4                __sfp_lock_release
 .text.__libc_fini_array
                0x0800c2e0       0x2c c:/mingw/gcc-arm-none-eabi-10.3-2021.10/bin/../lib/gcc/arm-none-eabi/10.3.1/../../../../arm-none-eabi/lib/thumb/v7e-m+fp/hard\libc.a(lib_a-fini.o)
                0x0800c2e0                __libc_fini_array
 .text._malloc_trim_r
                0x0800c30c       0xa0 c:/mingw/gcc-arm-none-eabi-10.3-2021.10/bin/../lib/gcc/arm-none-eabi/10.3.1/../../../../arm-none-eabi/lib/thumb/v7e-m+fp/hard\libc.a(lib_a-freer.o)
                0x0800c30c                _malloc_trim_r
 .text._free_r  0x0800c3ac      0x20c c:/mingw/gcc-arm-none-eabi-10.3-2021.10/bin/../lib/gcc/arm-none-eabi/10.3.1/../../../../arm-none-eabi/lib/thumb/v7e-m+fp/hard\libc.a(lib_a-freer.o)
                0x0800c3ac                _free_r
 .text.__sfvwrite_r
                0x0800c5b8      0x2f0 c:/mingw/gcc-arm-none-eabi-10.3-2021.10/bin/../lib/gcc/arm-none-eabi/10.3.1/../../../../arm-none-eabi/lib/thumb/v7e-m+fp/hard\libc.a(lib_a-fvwrite.o)
                0x0800c5b8                __sfvwrite_r
 .text._fwalk_reent
                0x0800c8a8       0x48 c:/mingw/gcc-arm-none-eabi-10.3-2021.10/bin/../lib/gcc/arm-none-eabi/10.3.1/../../../../arm-none-eabi/lib/thumb/v7e-m+fp/hard\libc.a(lib_a-fwalk.o)
                0x0800c8a8                _fwalk_reent
 .text._localeconv_r
                0x0800c8f0        0x8 c:/mingw/gcc-arm-none-eabi-10.3-2021.10/bin/../lib/gcc/arm-none-eabi/10.3.1/../../../../arm-none-eabi/lib/thumb/v7e-m+fp/hard\libc.a(lib_a-localeconv.o)
                0x0800c8f0                _localeconv_r
 .text.__retarget_lock_init_recursive
                0x0800c8f8        0x4 c:/mingw/gcc-arm-none-eabi-10.3-2021.10/bin/../lib/gcc/arm-none-eabi/10.3.1/../../../../arm-none-eabi/lib/thumb/v7e-m+fp/hard\libc.a(lib_a-lock.o)
                0x0800c8f8                __retarget_lock_init_recursive
 .text.__retarget_lock_close_recursive
                0x0800c8fc        0x4 c:/mingw/gcc-arm-none-eabi-10.3-2021.10/bin/../lib/gcc/arm-none-eabi/10.3.1/../../../../arm-none-eabi/lib/thumb/v7e-m+fp/hard\libc.a(lib_a-lock.o)
                0x0800c8fc                __retarget_lock_close_recursive
 .text.__retarget_lock_acquire_recursive
                0x0800c900        0x4 c:/mingw/gcc-arm-none-eabi-10.3-2021.10/bin/../lib/gcc/arm-none-eabi/10.3.1/../../../../arm-none-eabi/lib/thumb/v7e-m+fp/hard\libc.a(lib_a-lock.o)
                0x0800c900                __retarget_lock_acquire_recursive
 .text.__retarget_lock_release_recursive
                0x0800c904        0x4 c:/mingw/gcc-arm-none-eabi-10.3-2021.10/bin/../lib/gcc/arm-none-eabi/10.3.1/../../../../arm-none-eabi/lib/thumb/v7e-m+fp/hard\libc.a(lib_a-lock.o)
                0x0800c904                __retarget_lock_release_recursive
 .text.__smakebuf_r
                0x0800c908       0xe0 c:/mingw/gcc-arm-none-eabi-10.3-2021.10/bin/../lib/gcc/arm-none-eabi/10.3.1/../../../../arm-none-eabi/lib/thumb/v7e-m+fp/hard\libc.a(lib_a-makebuf.o)
                0x0800c908                __smakebuf_r
 .text.__swhatbuf_r
                0x0800c9e8       0x60 c:/mingw/gcc-arm-none-eabi-10.3-2021.10/bin/../lib/gcc/arm-none-eabi/10.3.1/../../../../arm-none-eabi/lib/thumb/v7e-m+fp/hard\libc.a(lib_a-makebuf.o)
                0x0800c9e8                __swhatbuf_r
 .text.malloc   0x0800ca48       0x10 c:/mingw/gcc-arm-none-eabi-10.3-2021.10/bin/../lib/gcc/arm-none-eabi/10.3.1/../../../../arm-none-eabi/lib/thumb/v7e-m+fp/hard\libc.a(lib_a-malloc.o)
                0x0800ca48                malloc
 .text._malloc_r
                0x0800ca58      0x560 c:/mingw/gcc-arm-none-eabi-10.3-2021.10/bin/../lib/gcc/arm-none-eabi/10.3.1/../../../../arm-none-eabi/lib/thumb/v7e-m+fp/hard\libc.a(lib_a-mallocr.o)
                0x0800ca58                _malloc_r
 .text.memmove  0x0800cfb8       0xf8 c:/mingw/gcc-arm-none-eabi-10.3-2021.10/bin/../lib/gcc/arm-none-eabi/10.3.1/../../../../arm-none-eabi/lib/thumb/v7e-m+fp/hard\libc.a(lib_a-memmove.o)
                0x0800cfb8                memmove
 .text.__malloc_lock
                0x0800d0b0        0xc c:/mingw/gcc-arm-none-eabi-10.3-2021.10/bin/../lib/gcc/arm-none-eabi/10.3.1/../../../../arm-none-eabi/lib/thumb/v7e-m+fp/hard\libc.a(lib_a-mlock.o)
                0x0800d0b0                __malloc_lock
 .text.__malloc_unlock
                0x0800d0bc        0xc c:/mingw/gcc-arm-none-eabi-10.3-2021.10/bin/../lib/gcc/arm-none-eabi/10.3.1/../../../../arm-none-eabi/lib/thumb/v7e-m+fp/hard\libc.a(lib_a-mlock.o)
                0x0800d0bc                __malloc_unlock
 .text._Balloc  0x0800d0c8       0x4c c:/mingw/gcc-arm-none-eabi-10.3-2021.10/bin/../lib/gcc/arm-none-eabi/10.3.1/../../../../arm-none-eabi/lib/thumb/v7e-m+fp/hard\libc.a(lib_a-mprec.o)
                0x0800d0c8                _Balloc
 .text._Bfree   0x0800d114       0x14 c:/mingw/gcc-arm-none-eabi-10.3-2021.10/bin/../lib/gcc/arm-none-eabi/10.3.1/../../../../arm-none-eabi/lib/thumb/v7e-m+fp/hard\libc.a(lib_a-mprec.o)
                0x0800d114                _Bfree
 .text.__multadd
                0x0800d128       0xa8 c:/mingw/gcc-arm-none-eabi-10.3-2021.10/bin/../lib/gcc/arm-none-eabi/10.3.1/../../../../arm-none-eabi/lib/thumb/v7e-m+fp/hard\libc.a(lib_a-mprec.o)
                0x0800d128                __multadd
 .text.__hi0bits
                0x0800d1d0       0x40 c:/mingw/gcc-arm-none-eabi-10.3-2021.10/bin/../lib/gcc/arm-none-eabi/10.3.1/../../../../arm-none-eabi/lib/thumb/v7e-m+fp/hard\libc.a(lib_a-mprec.o)
                0x0800d1d0                __hi0bits
 .text.__lo0bits
                0x0800d210       0x60 c:/mingw/gcc-arm-none-eabi-10.3-2021.10/bin/../lib/gcc/arm-none-eabi/10.3.1/../../../../arm-none-eabi/lib/thumb/v7e-m+fp/hard\libc.a(lib_a-mprec.o)
                0x0800d210                __lo0bits
 .text.__i2b    0x0800d270       0x5c c:/mingw/gcc-arm-none-eabi-10.3-2021.10/bin/../lib/gcc/arm-none-eabi/10.3.1/../../../../arm-none-eabi/lib/thumb/v7e-m+fp/hard\libc.a(lib_a-mprec.o)
                0x0800d270                __i2b
 .text.__multiply
                0x0800d2cc      0x15c c:/mingw/gcc-arm-none-eabi-10.3-2021.10/bin/../lib/gcc/arm-none-eabi/10.3.1/../../../../arm-none-eabi/lib/thumb/v7e-m+fp/hard\libc.a(lib_a-mprec.o)
                0x0800d2cc                __multiply
 .text.__pow5mult
                0x0800d428       0xc0 c:/mingw/gcc-arm-none-eabi-10.3-2021.10/bin/../lib/gcc/arm-none-eabi/10.3.1/../../../../arm-none-eabi/lib/thumb/v7e-m+fp/hard\libc.a(lib_a-mprec.o)
                0x0800d428                __pow5mult
 .text.__lshift
                0x0800d4e8       0xf0 c:/mingw/gcc-arm-none-eabi-10.3-2021.10/bin/../lib/gcc/arm-none-eabi/10.3.1/../../../../arm-none-eabi/lib/thumb/v7e-m+fp/hard\libc.a(lib_a-mprec.o)
                0x0800d4e8                __lshift
 .text.__mcmp   0x0800d5d8       0x44 c:/mingw/gcc-arm-none-eabi-10.3-2021.10/bin/../lib/gcc/arm-none-eabi/10.3.1/../../../../arm-none-eabi/lib/thumb/v7e-m+fp/hard\libc.a(lib_a-mprec.o)
                0x0800d5d8                __mcmp
 .text.__mdiff  0x0800d61c      0x14c c:/mingw/gcc-arm-none-eabi-10.3-2021.10/bin/../lib/gcc/arm-none-eabi/10.3.1/../../../../arm-none-eabi/lib/thumb/v7e-m+fp/hard\libc.a(lib_a-mprec.o)
                0x0800d61c                __mdiff
 .text.__d2b    0x0800d768       0xd0 c:/mingw/gcc-arm-none-eabi-10.3-2021.10/bin/../lib/gcc/arm-none-eabi/10.3.1/../../../../arm-none-eabi/lib/thumb/v7e-m+fp/hard\libc.a(lib_a-mprec.o)
                0x0800d768                __d2b
 .text._realloc_r
                0x0800d838      0x3d8 c:/mingw/gcc-arm-none-eabi-10.3-2021.10/bin/../lib/gcc/arm-none-eabi/10.3.1/../../../../arm-none-eabi/lib/thumb/v7e-m+fp/hard\libc.a(lib_a-reallocr.o)
                0x0800d838                _realloc_r
 .text.frexp    0x0800dc10       0x6c c:/mingw/gcc-arm-none-eabi-10.3-2021.10/bin/../lib/gcc/arm-none-eabi/10.3.1/../../../../arm-none-eabi/lib/thumb/v7e-m+fp/hard\libc.a(lib_a-s_frexp.o)
                0x0800dc10                frexp
 .text._sbrk_r  0x0800dc7c       0x24 c:/mingw/gcc-arm-none-eabi-10.3-2021.10/bin/../lib/gcc/arm-none-eabi/10.3.1/../../../../arm-none-eabi/lib/thumb/v7e-m+fp/hard\libc.a(lib_a-sbrkr.o)
                0x0800dc7c                _sbrk_r
 .text.__sread  0x0800dca0       0x24 c:/mingw/gcc-arm-none-eabi-10.3-2021.10/bin/../lib/gcc/arm-none-eabi/10.3.1/../../../../arm-none-eabi/lib/thumb/v7e-m+fp/hard\libc.a(lib_a-stdio.o)
                0x0800dca0                __sread
 .text.__swrite
                0x0800dcc4       0x40 c:/mingw/gcc-arm-none-eabi-10.3-2021.10/bin/../lib/gcc/arm-none-eabi/10.3.1/../../../../arm-none-eabi/lib/thumb/v7e-m+fp/hard\libc.a(lib_a-stdio.o)
                0x0800dcc4                __swrite
 .text.__sseek  0x0800dd04       0x20 c:/mingw/gcc-arm-none-eabi-10.3-2021.10/bin/../lib/gcc/arm-none-eabi/10.3.1/../../../../arm-none-eabi/lib/thumb/v7e-m+fp/hard\libc.a(lib_a-stdio.o)
                0x0800dd04                __sseek
 .text.__sclose
                0x0800dd24        0x8 c:/mingw/gcc-arm-none-eabi-10.3-2021.10/bin/../lib/gcc/arm-none-eabi/10.3.1/../../../../arm-none-eabi/lib/thumb/v7e-m+fp/hard\libc.a(lib_a-stdio.o)
                0x0800dd24                __sclose
 .text.strncpy  0x0800dd2c       0x64 c:/mingw/gcc-arm-none-eabi-10.3-2021.10/bin/../lib/gcc/arm-none-eabi/10.3.1/../../../../arm-none-eabi/lib/thumb/v7e-m+fp/hard\libc.a(lib_a-strncpy.o)
                0x0800dd2c                strncpy
 .text.__sprint_r.part.0
                0x0800dd90       0x78 c:/mingw/gcc-arm-none-eabi-10.3-2021.10/bin/../lib/gcc/arm-none-eabi/10.3.1/../../../../arm-none-eabi/lib/thumb/v7e-m+fp/hard\libc.a(lib_a-vfiprintf.o)
 .text.__sprint_r
                0x0800de08       0x18 c:/mingw/gcc-arm-none-eabi-10.3-2021.10/bin/../lib/gcc/arm-none-eabi/10.3.1/../../../../arm-none-eabi/lib/thumb/v7e-m+fp/hard\libc.a(lib_a-vfiprintf.o)
                0x0800de08                __sprint_r
 .text._vfiprintf_r
                0x0800de20      0xdfc c:/mingw/gcc-arm-none-eabi-10.3-2021.10/bin/../lib/gcc/arm-none-eabi/10.3.1/../../../../arm-none-eabi/lib/thumb/v7e-m+fp/hard\libc.a(lib_a-vfiprintf.o)
                0x0800de20                _vfiprintf_r
 .text.__sbprintf
                0x0800ec1c       0x80 c:/mingw/gcc-arm-none-eabi-10.3-2021.10/bin/../lib/gcc/arm-none-eabi/10.3.1/../../../../arm-none-eabi/lib/thumb/v7e-m+fp/hard\libc.a(lib_a-vfiprintf.o)
 .text._write_r
                0x0800ec9c       0x2c c:/mingw/gcc-arm-none-eabi-10.3-2021.10/bin/../lib/gcc/arm-none-eabi/10.3.1/../../../../arm-none-eabi/lib/thumb/v7e-m+fp/hard\libc.a(lib_a-writer.o)
                0x0800ec9c                _write_r
 .text.__register_exitproc
                0x0800ecc8       0x8c c:/mingw/gcc-arm-none-eabi-10.3-2021.10/bin/../lib/gcc/arm-none-eabi/10.3.1/../../../../arm-none-eabi/lib/thumb/v7e-m+fp/hard\libc.a(lib_a-__atexit.o)
                0x0800ecc8                __register_exitproc
 .text.__assert_func
                0x0800ed54       0x40 c:/mingw/gcc-arm-none-eabi-10.3-2021.10/bin/../lib/gcc/arm-none-eabi/10.3.1/../../../../arm-none-eabi/lib/thumb/v7e-m+fp/hard\libc.a(lib_a-assert.o)
                0x0800ed54                __assert_func
 .text._calloc_r
                0x0800ed94       0x78 c:/mingw/gcc-arm-none-eabi-10.3-2021.10/bin/../lib/gcc/arm-none-eabi/10.3.1/../../../../arm-none-eabi/lib/thumb/v7e-m+fp/hard\libc.a(lib_a-callocr.o)
                0x0800ed94                _calloc_r
 .text._close_r
                0x0800ee0c       0x24 c:/mingw/gcc-arm-none-eabi-10.3-2021.10/bin/../lib/gcc/arm-none-eabi/10.3.1/../../../../arm-none-eabi/lib/thumb/v7e-m+fp/hard\libc.a(lib_a-closer.o)
                0x0800ee0c                _close_r
 .text._fclose_r
                0x0800ee30       0xcc c:/mingw/gcc-arm-none-eabi-10.3-2021.10/bin/../lib/gcc/arm-none-eabi/10.3.1/../../../../arm-none-eabi/lib/thumb/v7e-m+fp/hard\libc.a(lib_a-fclose.o)
                0x0800ee30                _fclose_r
 .text.fiprintf
                0x0800eefc       0x28 c:/mingw/gcc-arm-none-eabi-10.3-2021.10/bin/../lib/gcc/arm-none-eabi/10.3.1/../../../../arm-none-eabi/lib/thumb/v7e-m+fp/hard\libc.a(lib_a-fiprintf.o)
                0x0800eefc                fiprintf
 .text.__fputwc
                0x0800ef24       0xa8 c:/mingw/gcc-arm-none-eabi-10.3-2021.10/bin/../lib/gcc/arm-none-eabi/10.3.1/../../../../arm-none-eabi/lib/thumb/v7e-m+fp/hard\libc.a(lib_a-fputwc.o)
                0x0800ef24                __fputwc
 .text._fputwc_r
                0x0800efcc       0x68 c:/mingw/gcc-arm-none-eabi-10.3-2021.10/bin/../lib/gcc/arm-none-eabi/10.3.1/../../../../arm-none-eabi/lib/thumb/v7e-m+fp/hard\libc.a(lib_a-fputwc.o)
                0x0800efcc                _fputwc_r
 .text._fstat_r
                0x0800f034       0x2c c:/mingw/gcc-arm-none-eabi-10.3-2021.10/bin/../lib/gcc/arm-none-eabi/10.3.1/../../../../arm-none-eabi/lib/thumb/v7e-m+fp/hard\libc.a(lib_a-fstatr.o)
                0x0800f034                _fstat_r
 .text._isatty_r
                0x0800f060       0x24 c:/mingw/gcc-arm-none-eabi-10.3-2021.10/bin/../lib/gcc/arm-none-eabi/10.3.1/../../../../arm-none-eabi/lib/thumb/v7e-m+fp/hard\libc.a(lib_a-isattyr.o)
                0x0800f060                _isatty_r
 .text.__locale_mb_cur_max
                0x0800f084        0xc c:/mingw/gcc-arm-none-eabi-10.3-2021.10/bin/../lib/gcc/arm-none-eabi/10.3.1/../../../../arm-none-eabi/lib/thumb/v7e-m+fp/hard\libc.a(lib_a-locale.o)
                0x0800f084                __locale_mb_cur_max
 .text._lseek_r
                0x0800f090       0x2c c:/mingw/gcc-arm-none-eabi-10.3-2021.10/bin/../lib/gcc/arm-none-eabi/10.3.1/../../../../arm-none-eabi/lib/thumb/v7e-m+fp/hard\libc.a(lib_a-lseekr.o)
                0x0800f090                _lseek_r
 .text.__ascii_mbtowc
                0x0800f0bc       0x2c c:/mingw/gcc-arm-none-eabi-10.3-2021.10/bin/../lib/gcc/arm-none-eabi/10.3.1/../../../../arm-none-eabi/lib/thumb/v7e-m+fp/hard\libc.a(lib_a-mbtowc_r.o)
                0x0800f0bc                __ascii_mbtowc
 .text._read_r  0x0800f0e8       0x2c c:/mingw/gcc-arm-none-eabi-10.3-2021.10/bin/../lib/gcc/arm-none-eabi/10.3.1/../../../../arm-none-eabi/lib/thumb/v7e-m+fp/hard\libc.a(lib_a-readr.o)
                0x0800f0e8                _read_r
 .text.__swbuf_r
                0x0800f114       0xb0 c:/mingw/gcc-arm-none-eabi-10.3-2021.10/bin/../lib/gcc/arm-none-eabi/10.3.1/../../../../arm-none-eabi/lib/thumb/v7e-m+fp/hard\libc.a(lib_a-wbuf.o)
                0x0800f114                __swbuf_r
 .text._wcrtomb_r
                0x0800f1c4       0x3c c:/mingw/gcc-arm-none-eabi-10.3-2021.10/bin/../lib/gcc/arm-none-eabi/10.3.1/../../../../arm-none-eabi/lib/thumb/v7e-m+fp/hard\libc.a(lib_a-wcrtomb.o)
                0x0800f1c4                _wcrtomb_r
 .text.__ascii_wctomb
                0x0800f200       0x1c c:/mingw/gcc-arm-none-eabi-10.3-2021.10/bin/../lib/gcc/arm-none-eabi/10.3.1/../../../../arm-none-eabi/lib/thumb/v7e-m+fp/hard\libc.a(lib_a-wctomb_r.o)
                0x0800f200                __ascii_wctomb
 .text.abort    0x0800f21c       0x10 c:/mingw/gcc-arm-none-eabi-10.3-2021.10/bin/../lib/gcc/arm-none-eabi/10.3.1/../../../../arm-none-eabi/lib/thumb/v7e-m+fp/hard\libc.a(lib_a-abort.o)
                0x0800f21c                abort
 .text.raise    0x0800f22c       0x5c c:/mingw/gcc-arm-none-eabi-10.3-2021.10/bin/../lib/gcc/arm-none-eabi/10.3.1/../../../../arm-none-eabi/lib/thumb/v7e-m+fp/hard\libc.a(lib_a-signal.o)
                0x0800f22c                raise
 .text._kill_r  0x0800f288       0x2c c:/mingw/gcc-arm-none-eabi-10.3-2021.10/bin/../lib/gcc/arm-none-eabi/10.3.1/../../../../arm-none-eabi/lib/thumb/v7e-m+fp/hard\libc.a(lib_a-signalr.o)
                0x0800f288                _kill_r
 .text._getpid_r
                0x0800f2b4        0x4 c:/mingw/gcc-arm-none-eabi-10.3-2021.10/bin/../lib/gcc/arm-none-eabi/10.3.1/../../../../arm-none-eabi/lib/thumb/v7e-m+fp/hard\libc.a(lib_a-signalr.o)
                0x0800f2b4                _getpid_r
 .text.round    0x0800f2b8       0xa0 c:/mingw/gcc-arm-none-eabi-10.3-2021.10/bin/../lib/gcc/arm-none-eabi/10.3.1/../../../../arm-none-eabi/lib/thumb/v7e-m+fp/hard\libm.a(lib_a-s_round.o)
                0x0800f2b8                round
 .text.pow      0x0800f358       0xf0 c:/mingw/gcc-arm-none-eabi-10.3-2021.10/bin/../lib/gcc/arm-none-eabi/10.3.1/../../../../arm-none-eabi/lib/thumb/v7e-m+fp/hard\libm.a(lib_a-w_pow.o)
                0x0800f358                pow
 .text.sqrt     0x0800f448       0x68 c:/mingw/gcc-arm-none-eabi-10.3-2021.10/bin/../lib/gcc/arm-none-eabi/10.3.1/../../../../arm-none-eabi/lib/thumb/v7e-m+fp/hard\libm.a(lib_a-w_sqrt.o)
                0x0800f448                sqrt
 .text.sqrtf    0x0800f4b0       0x44 c:/mingw/gcc-arm-none-eabi-10.3-2021.10/bin/../lib/gcc/arm-none-eabi/10.3.1/../../../../arm-none-eabi/lib/thumb/v7e-m+fp/hard\libm.a(lib_a-wf_sqrt.o)
                0x0800f4b0                sqrtf
 *fill*         0x0800f4f4        0x4 
 .text.__ieee754_pow
                0x0800f4f8      0xb74 c:/mingw/gcc-arm-none-eabi-10.3-2021.10/bin/../lib/gcc/arm-none-eabi/10.3.1/../../../../arm-none-eabi/lib/thumb/v7e-m+fp/hard\libm.a(lib_a-e_pow.o)
                0x0800f4f8                __ieee754_pow
 .text.__ieee754_sqrt
                0x0801006c      0x198 c:/mingw/gcc-arm-none-eabi-10.3-2021.10/bin/../lib/gcc/arm-none-eabi/10.3.1/../../../../arm-none-eabi/lib/thumb/v7e-m+fp/hard\libm.a(lib_a-e_sqrt.o)
                0x0801006c                __ieee754_sqrt
 .text.__ieee754_sqrtf
                0x08010204        0x8 c:/mingw/gcc-arm-none-eabi-10.3-2021.10/bin/../lib/gcc/arm-none-eabi/10.3.1/../../../../arm-none-eabi/lib/thumb/v7e-m+fp/hard\libm.a(lib_a-ef_sqrt.o)
                0x08010204                __ieee754_sqrtf
 .text.with_errno
                0x0801020c       0x18 c:/mingw/gcc-arm-none-eabi-10.3-2021.10/bin/../lib/gcc/arm-none-eabi/10.3.1/../../../../arm-none-eabi/lib/thumb/v7e-m+fp/hard\libm.a(lib_a-math_err.o)
 .text.xflow    0x08010224       0x2c c:/mingw/gcc-arm-none-eabi-10.3-2021.10/bin/../lib/gcc/arm-none-eabi/10.3.1/../../../../arm-none-eabi/lib/thumb/v7e-m+fp/hard\libm.a(lib_a-math_err.o)
 .text.__math_uflow
                0x08010250       0x14 c:/mingw/gcc-arm-none-eabi-10.3-2021.10/bin/../lib/gcc/arm-none-eabi/10.3.1/../../../../arm-none-eabi/lib/thumb/v7e-m+fp/hard\libm.a(lib_a-math_err.o)
                0x08010250                __math_uflow
 .text.__math_oflow
                0x08010264       0x14 c:/mingw/gcc-arm-none-eabi-10.3-2021.10/bin/../lib/gcc/arm-none-eabi/10.3.1/../../../../arm-none-eabi/lib/thumb/v7e-m+fp/hard\libm.a(lib_a-math_err.o)
                0x08010264                __math_oflow
 .text.fabs     0x08010278       0x14 c:/mingw/gcc-arm-none-eabi-10.3-2021.10/bin/../lib/gcc/arm-none-eabi/10.3.1/../../../../arm-none-eabi/lib/thumb/v7e-m+fp/hard\libm.a(lib_a-s_fabs.o)
                0x08010278                fabs
 .text.finite   0x0801028c       0x18 c:/mingw/gcc-arm-none-eabi-10.3-2021.10/bin/../lib/gcc/arm-none-eabi/10.3.1/../../../../arm-none-eabi/lib/thumb/v7e-m+fp/hard\libm.a(lib_a-s_finite.o)
                0x0801028c                finite
 *fill*         0x080102a4        0x4 
 .text.scalbn   0x080102a8      0x124 c:/mingw/gcc-arm-none-eabi-10.3-2021.10/bin/../lib/gcc/arm-none-eabi/10.3.1/../../../../arm-none-eabi/lib/thumb/v7e-m+fp/hard\libm.a(lib_a-s_scalbn.o)
                0x080102a8                scalbn
 *(.glue_7)
 .glue_7        0x080103cc        0x0 linker stubs
 *(.glue_7t)
 .glue_7t       0x080103cc        0x0 linker stubs
 *(.eh_frame)
 .eh_frame      0x080103cc        0x0 c:/mingw/gcc-arm-none-eabi-10.3-2021.10/bin/../lib/gcc/arm-none-eabi/10.3.1/thumb/v7e-m+fp/hard/crtbegin.o
 *(.init)
 .init          0x080103cc        0x4 c:/mingw/gcc-arm-none-eabi-10.3-2021.10/bin/../lib/gcc/arm-none-eabi/10.3.1/thumb/v7e-m+fp/hard/crti.o
                0x080103cc                _init
 .init          0x080103d0        0x8 c:/mingw/gcc-arm-none-eabi-10.3-2021.10/bin/../lib/gcc/arm-none-eabi/10.3.1/thumb/v7e-m+fp/hard/crtn.o
 *(.fini)
 .fini          0x080103d8        0x4 c:/mingw/gcc-arm-none-eabi-10.3-2021.10/bin/../lib/gcc/arm-none-eabi/10.3.1/thumb/v7e-m+fp/hard/crti.o
                0x080103d8                _fini
 .fini          0x080103dc        0x8 c:/mingw/gcc-arm-none-eabi-10.3-2021.10/bin/../lib/gcc/arm-none-eabi/10.3.1/thumb/v7e-m+fp/hard/crtn.o
                0x080103e4                . = ALIGN (0x4)
                0x080103e4                _etext = .

.vfp11_veneer   0x080103e4        0x0
 .vfp11_veneer  0x080103e4        0x0 linker stubs

.v4_bx          0x080103e4        0x0
 .v4_bx         0x080103e4        0x0 linker stubs

.iplt           0x080103e4        0x0
 .iplt          0x080103e4        0x0 c:/mingw/gcc-arm-none-eabi-10.3-2021.10/bin/../lib/gcc/arm-none-eabi/10.3.1/thumb/v7e-m+fp/hard/crtbegin.o

.rodata         0x080103e8    0x191c8
                0x080103e8                . = ALIGN (0x4)
 *(.rodata)
 .rodata        0x080103e8        0xc CMakeFiles/HEllOWORLD.elf.dir/HardWare/lcd/demos.c.obj
 *(.rodata*)
 .rodata.main.str1.4
                0x080103f4       0x18 CMakeFiles/HEllOWORLD.elf.dir/Core/Src/main.c.obj
 .rodata.AHBPrescTable
                0x0801040c       0x10 CMakeFiles/HEllOWORLD.elf.dir/Core/Src/system_stm32f4xx.c.obj
                0x0801040c                AHBPrescTable
 .rodata.APBPrescTable
                0x0801041c        0x8 CMakeFiles/HEllOWORLD.elf.dir/Core/Src/system_stm32f4xx.c.obj
                0x0801041c                APBPrescTable
 .rodata.flagBitshiftOffset.0
                0x08010424        0x8 CMakeFiles/HEllOWORLD.elf.dir/Drivers/STM32F4xx_HAL_Driver/Src/stm32f4xx_hal_dma.c.obj
 .rodata.gui_pwm_show_result.str1.4
                0x0801042c       0x24 CMakeFiles/HEllOWORLD.elf.dir/GUI/gui.c.obj
 .rodata.show_result.str1.4
                0x08010450       0x70 CMakeFiles/HEllOWORLD.elf.dir/GUI/gui.c.obj
 .rodata.demo_01.str1.4
                0x080104c0       0x11 CMakeFiles/HEllOWORLD.elf.dir/HardWare/lcd/demos.c.obj
 *fill*         0x080104d1        0x3 
 .rodata.asc2_1206
                0x080104d4      0x474 CMakeFiles/HEllOWORLD.elf.dir/HardWare/lcd/lcdlib.c.obj
                0x080104d4                asc2_1206
 .rodata.asc2_1608
                0x08010948      0x5f0 CMakeFiles/HEllOWORLD.elf.dir/HardWare/lcd/lcdlib.c.obj
                0x08010948                asc2_1608
 .rodata.asc2_2412
                0x08010f38      0xd5c CMakeFiles/HEllOWORLD.elf.dir/HardWare/lcd/lcdlib.c.obj
                0x08010f38                asc2_2412
 .rodata.asc2_3216
                0x08011c94     0x17c0 CMakeFiles/HEllOWORLD.elf.dir/HardWare/lcd/lcdlib.c.obj
                0x08011c94                asc2_3216
 .rodata.cfft.str1.4
                0x08013454       0x1c CMakeFiles/HEllOWORLD.elf.dir/SignalProcess/SignalProcess_fft.c.obj
 .rodata.adc_check.str1.4
                0x08013470       0x52 CMakeFiles/HEllOWORLD.elf.dir/SignalProcess/SingnalProcess_adc.c.obj
 *fill*         0x080134c2        0x2 
 .rodata.arm_cfft_sR_f32_len1024
                0x080134c4       0x10 ..\Middlewares\ST\ARM\DSP\Lib\libarm_cortexM4lf_math.a(arm_const_structs.o)
                0x080134c4                arm_cfft_sR_f32_len1024
 .rodata.arm_cfft_sR_f32_len128
                0x080134d4       0x10 ..\Middlewares\ST\ARM\DSP\Lib\libarm_cortexM4lf_math.a(arm_const_structs.o)
                0x080134d4                arm_cfft_sR_f32_len128
 .rodata.arm_cfft_sR_f32_len16
                0x080134e4       0x10 ..\Middlewares\ST\ARM\DSP\Lib\libarm_cortexM4lf_math.a(arm_const_structs.o)
                0x080134e4                arm_cfft_sR_f32_len16
 .rodata.arm_cfft_sR_f32_len2048
                0x080134f4       0x10 ..\Middlewares\ST\ARM\DSP\Lib\libarm_cortexM4lf_math.a(arm_const_structs.o)
                0x080134f4                arm_cfft_sR_f32_len2048
 .rodata.arm_cfft_sR_f32_len256
                0x08013504       0x10 ..\Middlewares\ST\ARM\DSP\Lib\libarm_cortexM4lf_math.a(arm_const_structs.o)
                0x08013504                arm_cfft_sR_f32_len256
 .rodata.arm_cfft_sR_f32_len32
                0x08013514       0x10 ..\Middlewares\ST\ARM\DSP\Lib\libarm_cortexM4lf_math.a(arm_const_structs.o)
                0x08013514                arm_cfft_sR_f32_len32
 .rodata.arm_cfft_sR_f32_len4096
                0x08013524       0x10 ..\Middlewares\ST\ARM\DSP\Lib\libarm_cortexM4lf_math.a(arm_const_structs.o)
                0x08013524                arm_cfft_sR_f32_len4096
 .rodata.arm_cfft_sR_f32_len512
                0x08013534       0x10 ..\Middlewares\ST\ARM\DSP\Lib\libarm_cortexM4lf_math.a(arm_const_structs.o)
                0x08013534                arm_cfft_sR_f32_len512
 .rodata.arm_cfft_sR_f32_len64
                0x08013544       0x10 ..\Middlewares\ST\ARM\DSP\Lib\libarm_cortexM4lf_math.a(arm_const_structs.o)
                0x08013544                arm_cfft_sR_f32_len64
 .rodata.armBitRevIndexTable1024
                0x08013554      0xe10 ..\Middlewares\ST\ARM\DSP\Lib\libarm_cortexM4lf_math.a(arm_common_tables.o)
                0x08013554                armBitRevIndexTable1024
 .rodata.armBitRevIndexTable128
                0x08014364      0x1a0 ..\Middlewares\ST\ARM\DSP\Lib\libarm_cortexM4lf_math.a(arm_common_tables.o)
                0x08014364                armBitRevIndexTable128
 .rodata.armBitRevIndexTable16
                0x08014504       0x28 ..\Middlewares\ST\ARM\DSP\Lib\libarm_cortexM4lf_math.a(arm_common_tables.o)
                0x08014504                armBitRevIndexTable16
 .rodata.armBitRevIndexTable2048
                0x0801452c     0x1dc0 ..\Middlewares\ST\ARM\DSP\Lib\libarm_cortexM4lf_math.a(arm_common_tables.o)
                0x0801452c                armBitRevIndexTable2048
 .rodata.armBitRevIndexTable256
                0x080162ec      0x370 ..\Middlewares\ST\ARM\DSP\Lib\libarm_cortexM4lf_math.a(arm_common_tables.o)
                0x080162ec                armBitRevIndexTable256
 .rodata.armBitRevIndexTable32
                0x0801665c       0x60 ..\Middlewares\ST\ARM\DSP\Lib\libarm_cortexM4lf_math.a(arm_common_tables.o)
                0x0801665c                armBitRevIndexTable32
 .rodata.armBitRevIndexTable4096
                0x080166bc     0x1f80 ..\Middlewares\ST\ARM\DSP\Lib\libarm_cortexM4lf_math.a(arm_common_tables.o)
                0x080166bc                armBitRevIndexTable4096
 .rodata.armBitRevIndexTable512
                0x0801863c      0x380 ..\Middlewares\ST\ARM\DSP\Lib\libarm_cortexM4lf_math.a(arm_common_tables.o)
                0x0801863c                armBitRevIndexTable512
 .rodata.armBitRevIndexTable64
                0x080189bc       0x70 ..\Middlewares\ST\ARM\DSP\Lib\libarm_cortexM4lf_math.a(arm_common_tables.o)
                0x080189bc                armBitRevIndexTable64
 .rodata.sinTable_f32
                0x08018a2c      0x804 ..\Middlewares\ST\ARM\DSP\Lib\libarm_cortexM4lf_math.a(arm_common_tables.o)
                0x08018a2c                sinTable_f32
 .rodata.twiddleCoef_1024
                0x08019230     0x2000 ..\Middlewares\ST\ARM\DSP\Lib\libarm_cortexM4lf_math.a(arm_common_tables.o)
                0x08019230                twiddleCoef_1024
 .rodata.twiddleCoef_128
                0x0801b230      0x400 ..\Middlewares\ST\ARM\DSP\Lib\libarm_cortexM4lf_math.a(arm_common_tables.o)
                0x0801b230                twiddleCoef_128
 .rodata.twiddleCoef_16
                0x0801b630       0x80 ..\Middlewares\ST\ARM\DSP\Lib\libarm_cortexM4lf_math.a(arm_common_tables.o)
                0x0801b630                twiddleCoef_16
 .rodata.twiddleCoef_2048
                0x0801b6b0     0x4000 ..\Middlewares\ST\ARM\DSP\Lib\libarm_cortexM4lf_math.a(arm_common_tables.o)
                0x0801b6b0                twiddleCoef_2048
 .rodata.twiddleCoef_256
                0x0801f6b0      0x800 ..\Middlewares\ST\ARM\DSP\Lib\libarm_cortexM4lf_math.a(arm_common_tables.o)
                0x0801f6b0                twiddleCoef_256
 .rodata.twiddleCoef_32
                0x0801feb0      0x100 ..\Middlewares\ST\ARM\DSP\Lib\libarm_cortexM4lf_math.a(arm_common_tables.o)
                0x0801feb0                twiddleCoef_32
 .rodata.twiddleCoef_4096
                0x0801ffb0     0x8000 ..\Middlewares\ST\ARM\DSP\Lib\libarm_cortexM4lf_math.a(arm_common_tables.o)
                0x0801ffb0                twiddleCoef_4096
 .rodata.twiddleCoef_512
                0x08027fb0     0x1000 ..\Middlewares\ST\ARM\DSP\Lib\libarm_cortexM4lf_math.a(arm_common_tables.o)
                0x08027fb0                twiddleCoef_512
 .rodata.twiddleCoef_64
                0x08028fb0      0x200 ..\Middlewares\ST\ARM\DSP\Lib\libarm_cortexM4lf_math.a(arm_common_tables.o)