Archive member included to satisfy reference by file (symbol)

c:/mingw/gcc-arm-none-eabi-10.3-2021.10/bin/../lib/gcc/arm-none-eabi/10.3.1/thumb/v7e-m/nofp\libgcc.a(_aeabi_uldivmod.o)
                              CMakeFiles/HELLOWORLD.elf.dir/Drivers/STM32F4xx_HAL_Driver/Src/stm32f4xx_hal_rcc.c.obj (__aeabi_uldivmod)
c:/mingw/gcc-arm-none-eabi-10.3-2021.10/bin/../lib/gcc/arm-none-eabi/10.3.1/thumb/v7e-m/nofp\libgcc.a(_udivmoddi4.o)
                              c:/mingw/gcc-arm-none-eabi-10.3-2021.10/bin/../lib/gcc/arm-none-eabi/10.3.1/thumb/v7e-m/nofp\libgcc.a(_aeabi_uldivmod.o) (__udivmoddi4)
c:/mingw/gcc-arm-none-eabi-10.3-2021.10/bin/../lib/gcc/arm-none-eabi/10.3.1/thumb/v7e-m/nofp\libgcc.a(_dvmd_tls.o)
                              c:/mingw/gcc-arm-none-eabi-10.3-2021.10/bin/../lib/gcc/arm-none-eabi/10.3.1/thumb/v7e-m/nofp\libgcc.a(_aeabi_uldivmod.o) (__aeabi_ldiv0)
c:/mingw/gcc-arm-none-eabi-10.3-2021.10/bin/../lib/gcc/arm-none-eabi/10.3.1/../../../../arm-none-eabi/lib/thumb/v7e-m/nofp\libg.a(lib_a-errno.o)
                              CMakeFiles/HELLOWORLD.elf.dir/Core/Src/syscalls.c.obj (__errno)
c:/mingw/gcc-arm-none-eabi-10.3-2021.10/bin/../lib/gcc/arm-none-eabi/10.3.1/../../../../arm-none-eabi/lib/thumb/v7e-m/nofp\libg.a(lib_a-exit.o)
                              c:/mingw/gcc-arm-none-eabi-10.3-2021.10/bin/../lib/gcc/arm-none-eabi/10.3.1/../../../../arm-none-eabi/lib/thumb/v7e-m/nofp/crt0.o (exit)
c:/mingw/gcc-arm-none-eabi-10.3-2021.10/bin/../lib/gcc/arm-none-eabi/10.3.1/../../../../arm-none-eabi/lib/thumb/v7e-m/nofp\libg.a(lib_a-impure.o)
                              c:/mingw/gcc-arm-none-eabi-10.3-2021.10/bin/../lib/gcc/arm-none-eabi/10.3.1/../../../../arm-none-eabi/lib/thumb/v7e-m/nofp\libg.a(lib_a-exit.o) (_global_impure_ptr)
c:/mingw/gcc-arm-none-eabi-10.3-2021.10/bin/../lib/gcc/arm-none-eabi/10.3.1/../../../../arm-none-eabi/lib/thumb/v7e-m/nofp\libg.a(lib_a-init.o)
                              c:/mingw/gcc-arm-none-eabi-10.3-2021.10/bin/../lib/gcc/arm-none-eabi/10.3.1/../../../../arm-none-eabi/lib/thumb/v7e-m/nofp/crt0.o (__libc_init_array)
c:/mingw/gcc-arm-none-eabi-10.3-2021.10/bin/../lib/gcc/arm-none-eabi/10.3.1/../../../../arm-none-eabi/lib/thumb/v7e-m/nofp\libg.a(lib_a-memset.o)
                              c:/mingw/gcc-arm-none-eabi-10.3-2021.10/bin/../lib/gcc/arm-none-eabi/10.3.1/../../../../arm-none-eabi/lib/thumb/v7e-m/nofp/crt0.o (memset)
c:/mingw/gcc-arm-none-eabi-10.3-2021.10/bin/../lib/gcc/arm-none-eabi/10.3.1/../../../../arm-none-eabi/lib/thumb/v7e-m/nofp\libg.a(lib_a-puts.o)
                              CMakeFiles/HELLOWORLD.elf.dir/Core/Src/main.c.obj (puts)
c:/mingw/gcc-arm-none-eabi-10.3-2021.10/bin/../lib/gcc/arm-none-eabi/10.3.1/../../../../arm-none-eabi/lib/thumb/v7e-m/nofp\libg.a(lib_a-setvbuf.o)
                              CMakeFiles/HELLOWORLD.elf.dir/System/usart/retarget.c.obj (setvbuf)
c:/mingw/gcc-arm-none-eabi-10.3-2021.10/bin/../lib/gcc/arm-none-eabi/10.3.1/../../../../arm-none-eabi/lib/thumb/v7e-m/nofp\libg.a(lib_a-strlen.o)
                              c:/mingw/gcc-arm-none-eabi-10.3-2021.10/bin/../lib/gcc/arm-none-eabi/10.3.1/../../../../arm-none-eabi/lib/thumb/v7e-m/nofp\libg.a(lib_a-puts.o) (strlen)
c:/mingw/gcc-arm-none-eabi-10.3-2021.10/bin/../lib/gcc/arm-none-eabi/10.3.1/../../../../arm-none-eabi/lib/thumb/v7e-m/nofp\libg.a(lib_a-__call_atexit.o)
                              c:/mingw/gcc-arm-none-eabi-10.3-2021.10/bin/../lib/gcc/arm-none-eabi/10.3.1/../../../../arm-none-eabi/lib/thumb/v7e-m/nofp\libg.a(lib_a-exit.o) (__call_exitprocs)
c:/mingw/gcc-arm-none-eabi-10.3-2021.10/bin/../lib/gcc/arm-none-eabi/10.3.1/../../../../arm-none-eabi/lib/thumb/v7e-m/nofp\libg.a(lib_a-atexit.o)
                              c:/mingw/gcc-arm-none-eabi-10.3-2021.10/bin/../lib/gcc/arm-none-eabi/10.3.1/../../../../arm-none-eabi/lib/thumb/v7e-m/nofp\libg.a(lib_a-__call_atexit.o) (atexit)
c:/mingw/gcc-arm-none-eabi-10.3-2021.10/bin/../lib/gcc/arm-none-eabi/10.3.1/../../../../arm-none-eabi/lib/thumb/v7e-m/nofp\libg.a(lib_a-fflush.o)
                              c:/mingw/gcc-arm-none-eabi-10.3-2021.10/bin/../lib/gcc/arm-none-eabi/10.3.1/../../../../arm-none-eabi/lib/thumb/v7e-m/nofp\libg.a(lib_a-setvbuf.o) (_fflush_r)
c:/mingw/gcc-arm-none-eabi-10.3-2021.10/bin/../lib/gcc/arm-none-eabi/10.3.1/../../../../arm-none-eabi/lib/thumb/v7e-m/nofp\libg.a(lib_a-findfp.o)
                              c:/mingw/gcc-arm-none-eabi-10.3-2021.10/bin/../lib/gcc/arm-none-eabi/10.3.1/../../../../arm-none-eabi/lib/thumb/v7e-m/nofp\libg.a(lib_a-puts.o) (__sinit)
c:/mingw/gcc-arm-none-eabi-10.3-2021.10/bin/../lib/gcc/arm-none-eabi/10.3.1/../../../../arm-none-eabi/lib/thumb/v7e-m/nofp\libg.a(lib_a-fini.o)
                              c:/mingw/gcc-arm-none-eabi-10.3-2021.10/bin/../lib/gcc/arm-none-eabi/10.3.1/../../../../arm-none-eabi/lib/thumb/v7e-m/nofp\libg.a(lib_a-__call_atexit.o) (__libc_fini_array)
[...]
Memory Configuration

Name             Origin             Length             Attributes
RAM              0x20000000         0x00020000         xrw
CCMRAM           0x10000000         0x00010000         xrw
FLASH            0x08000000         0x00080000         xr
*default*        0x00000000         0xffffffff

Linker script and memory map

LOAD c:/mingw/gcc-arm-none-eabi-10.3-2021.10/bin/../lib/gcc/arm-none-eabi/10.3.1/thumb/v7e-m/nofp/crti.o
LOAD c:/mingw/gcc-arm-none-eabi-10.3-2021.10/bin/../lib/gcc/arm-none-eabi/10.3.1/thumb/v7e-m/nofp/crtbegin.o
LOAD c:/mingw/gcc-arm-none-eabi-10.3-2021.10/bin/../lib/gcc/arm-none-eabi/10.3.1/../../../../arm-none-eabi/lib/thumb/v7e-m/nofp/crt0.o
LOAD CMakeFiles/HELLOWORLD.elf.dir/Core/Src/gpio.c.obj
LOAD CMakeFiles/HELLOWORLD.elf.dir/Core/Src/main.c.obj
LOAD CMakeFiles/HELLOWORLD.elf.dir/Core/Src/stm32f4xx_hal_msp.c.obj
LOAD CMakeFiles/HELLOWORLD.elf.dir/Core/Src/stm32f4xx_it.c.obj
LOAD CMakeFiles/HELLOWORLD.elf.dir/Core/Src/syscalls.c.obj
LOAD CMakeFiles/HELLOWORLD.elf.dir/Core/Src/system_stm32f4xx.c.obj
LOAD CMakeFiles/HELLOWORLD.elf.dir/Core/Src/tim.c.obj
LOAD CMakeFiles/HELLOWORLD.elf.dir/Core/Src/usart.c.obj
LOAD CMakeFiles/HELLOWORLD.elf.dir/Drivers/STM32F4xx_HAL_Driver/Src/stm32f4xx_hal.c.obj
LOAD CMakeFiles/HELLOWORLD.elf.dir/Drivers/STM32F4xx_HAL_Driver/Src/stm32f4xx_hal_cortex.c.obj
LOAD CMakeFiles/HELLOWORLD.elf.dir/Drivers/STM32F4xx_HAL_Driver/Src/stm32f4xx_hal_dma.c.obj
LOAD CMakeFiles/HELLOWORLD.elf.dir/Drivers/STM32F4xx_HAL_Driver/Src/stm32f4xx_hal_dma_ex.c.obj
LOAD CMakeFiles/HELLOWORLD.elf.dir/Drivers/STM32F4xx_HAL_Driver/Src/stm32f4xx_hal_exti.c.obj
LOAD CMakeFiles/HELLOWORLD.elf.dir/Drivers/STM32F4xx_HAL_Driver/Src/stm32f4xx_hal_flash.c.obj
LOAD CMakeFiles/HELLOWORLD.elf.dir/Drivers/STM32F4xx_HAL_Driver/Src/stm32f4xx_hal_flash_ex.c.obj
LOAD CMakeFiles/HELLOWORLD.elf.dir/Drivers/STM32F4xx_HAL_Driver/Src/stm32f4xx_hal_flash_ramfunc.c.obj
LOAD CMakeFiles/HELLOWORLD.elf.dir/Drivers/STM32F4xx_HAL_Driver/Src/stm32f4xx_hal_gpio.c.obj
LOAD CMakeFiles/HELLOWORLD.elf.dir/Drivers/STM32F4xx_HAL_Driver/Src/stm32f4xx_hal_pwr.c.obj
LOAD CMakeFiles/HELLOWORLD.elf.dir/Drivers/STM32F4xx_HAL_Driver/Src/stm32f4xx_hal_pwr_ex.c.obj
LOAD CMakeFiles/HELLOWORLD.elf.dir/Drivers/STM32F4xx_HAL_Driver/Src/stm32f4xx_hal_rcc.c.obj
LOAD CMakeFiles/HELLOWORLD.elf.dir/Drivers/STM32F4xx_HAL_Driver/Src/stm32f4xx_hal_rcc_ex.c.obj
LOAD CMakeFiles/HELLOWORLD.elf.dir/Drivers/STM32F4xx_HAL_Driver/Src/stm32f4xx_hal_tim.c.obj
LOAD CMakeFiles/HELLOWORLD.elf.dir/Drivers/STM32F4xx_HAL_Driver/Src/stm32f4xx_hal_tim_ex.c.obj
LOAD CMakeFiles/HELLOWORLD.elf.dir/Drivers/STM32F4xx_HAL_Driver/Src/stm32f4xx_hal_uart.c.obj
LOAD CMakeFiles/HELLOWORLD.elf.dir/System/delay/delay.c.obj
LOAD CMakeFiles/HELLOWORLD.elf.dir/System/usart/retarget.c.obj
LOAD CMakeFiles/HELLOWORLD.elf.dir/startup/startup_stm32f407xx.s.obj
START GROUP
LOAD c:/mingw/gcc-arm-none-eabi-10.3-2021.10/bin/../lib/gcc/arm-none-eabi/10.3.1/thumb/v7e-m/nofp\libgcc.a
LOAD c:/mingw/gcc-arm-none-eabi-10.3-2021.10/bin/../lib/gcc/arm-none-eabi/10.3.1/../../../../arm-none-eabi/lib/thumb/v7e-m/nofp\libg.a
LOAD c:/mingw/gcc-arm-none-eabi-10.3-2021.10/bin/../lib/gcc/arm-none-eabi/10.3.1/../../../../arm-none-eabi/lib/thumb/v7e-m/nofp\libc.a
END GROUP
LOAD c:/mingw/gcc-arm-none-eabi-10.3-2021.10/bin/../lib/gcc/arm-none-eabi/10.3.1/thumb/v7e-m/nofp/crtend.o
LOAD c:/mingw/gcc-arm-none-eabi-10.3-2021.10/bin/../lib/gcc/arm-none-eabi/10.3.1/thumb/v7e-m/nofp/crtn.o
                0x20020000                _estack = (ORIGIN (RAM) + LENGTH (RAM))
                0x00000200                _Min_Heap_Size = 0x200
                0x00000400                _Min_Stack_Size = 0x400

.isr_vector     0x08000000      0x188
                0x08000000                . = ALIGN (0x4)
 *(.isr_vector)
 .isr_vector    0x08000000      0x188 CMakeFiles/HELLOWORLD.elf.dir/startup/startup_stm32f407xx.s.obj
                0x08000000                g_pfnVectors
                0x08000188                . = ALIGN (0x4)

.text           0x080001c0     0x39e8
                0x080001c0                . = ALIGN (0x4)
 *(.text)
 .text          0x080001c0       0x40 c:/mingw/gcc-arm-none-eabi-10.3-2021.10/bin/../lib/gcc/arm-none-eabi/10.3.1/thumb/v7e-m/nofp/crtbegin.o
 .text          0x08000200       0x30 c:/mingw/gcc-arm-none-eabi-10.3-2021.10/bin/../lib/gcc/arm-none-eabi/10.3.1/thumb/v7e-m/nofp\libgcc.a(_aeabi_uldivmod.o)
                0x08000200                __aeabi_uldivmod
 .text          0x08000230      0x2d0 c:/mingw/gcc-arm-none-eabi-10.3-2021.10/bin/../lib/gcc/arm-none-eabi/10.3.1/thumb/v7e-m/nofp\libgcc.a(_udivmoddi4.o)
                0x08000230                __udivmoddi4
 .text          0x08000500        0x4 c:/mingw/gcc-arm-none-eabi-10.3-2021.10/bin/../lib/gcc/arm-none-eabi/10.3.1/thumb/v7e-m/nofp\libgcc.a(_dvmd_tls.o)
                0x08000500                __aeabi_idiv0
                0x08000500                __aeabi_ldiv0
 *fill*         0x08000504       0x3c 
 .text          0x08000540       0xdc c:/mingw/gcc-arm-none-eabi-10.3-2021.10/bin/../lib/gcc/arm-none-eabi/10.3.1/../../../../arm-none-eabi/lib/thumb/v7e-m/nofp\libg.a(lib_a-strlen.o)
                0x08000540                strlen
 *fill*         0x0800061c        0x4 
 .text          0x08000620       0xa0 c:/mingw/gcc-arm-none-eabi-10.3-2021.10/bin/../lib/gcc/arm-none-eabi/10.3.1/../../../../arm-none-eabi/lib/thumb/v7e-m/nofp\libg.a(lib_a-memchr.o)
                0x08000620                memchr
 .text          0x080006c0      0x134 c:/mingw/gcc-arm-none-eabi-10.3-2021.10/bin/../lib/gcc/arm-none-eabi/10.3.1/../../../../arm-none-eabi/lib/thumb/v7e-m/nofp\libg.a(lib_a-memcpy.o)
                0x080006c0                memcpy
 *(.text*)
 .text.MX_GPIO_Init
                0x080007f4       0x38 CMakeFiles/HELLOWORLD.elf.dir/Core/Src/gpio.c.obj
                0x080007f4                MX_GPIO_Init
 .text.Error_Handler
                0x0800082c        0x4 CMakeFiles/HELLOWORLD.elf.dir/Core/Src/main.c.obj
                0x0800082c                Error_Handler
 .text.SystemClock_Config
                0x08000830       0xac CMakeFiles/HELLOWORLD.elf.dir/Core/Src/main.c.obj
                0x08000830                SystemClock_Config
 .text.main     0x080008dc       0x34 CMakeFiles/HELLOWORLD.elf.dir/Core/Src/main.c.obj
                0x080008dc                main
 .text.HAL_MspInit
                0x08000910       0x38 CMakeFiles/HELLOWORLD.elf.dir/Core/Src/stm32f4xx_hal_msp.c.obj
                0x08000910                HAL_MspInit
 .text.NMI_Handler
                0x08000948        0x2 CMakeFiles/HELLOWORLD.elf.dir/Core/Src/stm32f4xx_it.c.obj
                0x08000948                NMI_Handler
 .text.HardFault_Handler
                0x0800094a        0x2 CMakeFiles/HELLOWORLD.elf.dir/Core/Src/stm32f4xx_it.c.obj
                0x0800094a                HardFault_Handler
 .text.MemManage_Handler
                0x0800094c        0x2 CMakeFiles/HELLOWORLD.elf.dir/Core/Src/stm32f4xx_it.c.obj
                0x0800094c                MemManage_Handler
 .text.BusFault_Handler
                0x0800094e        0x2 CMakeFiles/HELLOWORLD.elf.dir/Core/Src/stm32f4xx_it.c.obj
                0x0800094e                BusFault_Handler
 .text.UsageFault_Handler
                0x08000950        0x2 CMakeFiles/HELLOWORLD.elf.dir/Core/Src/stm32f4xx_it.c.obj
                0x08000950                UsageFault_Handler
 .text.SVC_Handler
                0x08000952        0x2 CMakeFiles/HELLOWORLD.elf.dir/Core/Src/stm32f4xx_it.c.obj
                0x08000952                SVC_Handler
 .text.DebugMon_Handler
                0x08000954        0x2 CMakeFiles/HELLOWORLD.elf.dir/Core/Src/stm32f4xx_it.c.obj
                0x08000954                DebugMon_Handler
 .text.PendSV_Handler
                0x08000956        0x2 CMakeFiles/HELLOWORLD.elf.dir/Core/Src/stm32f4xx_it.c.obj
                0x08000956                PendSV_Handler
 .text.SysTick_Handler
                0x08000958        0x8 CMakeFiles/HELLOWORLD.elf.dir/Core/Src/stm32f4xx_it.c.obj
                0x08000958                SysTick_Handler
 .text._sbrk    0x08000960       0x3c CMakeFiles/HELLOWORLD.elf.dir/Core/Src/syscalls.c.obj
                0x08000960                _sbrk
 .text._close   0x0800099c        0x6 CMakeFiles/HELLOWORLD.elf.dir/Core/Src/syscalls.c.obj
                0x0800099c                _close
 .text._fstat   0x080009a2        0xa CMakeFiles/HELLOWORLD.elf.dir/Core/Src/syscalls.c.obj
                0x080009a2                _fstat
 .text._isatty  0x080009ac        0x4 CMakeFiles/HELLOWORLD.elf.dir/Core/Src/syscalls.c.obj
                0x080009ac                _isatty
 .text._lseek   0x080009b0        0x4 CMakeFiles/HELLOWORLD.elf.dir/Core/Src/syscalls.c.obj
                0x080009b0                _lseek
 .text.SystemInit
                0x080009b4        0x2 CMakeFiles/HELLOWORLD.elf.dir/Core/Src/system_stm32f4xx.c.obj
                0x080009b4                SystemInit
 *fill*         0x080009b6        0x2 
 .text.HAL_TIM_Base_MspInit
                0x080009b8       0x30 CMakeFiles/HELLOWORLD.elf.dir/Core/Src/tim.c.obj
                0x080009b8                HAL_TIM_Base_MspInit
 .text.HAL_TIM_MspPostInit
                0x080009e8       0x58 CMakeFiles/HELLOWORLD.elf.dir/Core/Src/tim.c.obj
                0x080009e8                HAL_TIM_MspPostInit
 .text.MX_TIM3_Init
                0x08000a40       0xac CMakeFiles/HELLOWORLD.elf.dir/Core/Src/tim.c.obj
                0x08000a40                MX_TIM3_Init
 .text.MX_USART1_UART_Init
                0x08000aec       0x34 CMakeFiles/HELLOWORLD.elf.dir/Core/Src/usart.c.obj
                0x08000aec                MX_USART1_UART_Init
 .text.HAL_UART_MspInit
                0x08000b20       0x74 CMakeFiles/HELLOWORLD.elf.dir/Core/Src/usart.c.obj
                0x08000b20                HAL_UART_MspInit
 .text.HAL_InitTick
                0x08000b94       0x4c CMakeFiles/HELLOWORLD.elf.dir/Drivers/STM32F4xx_HAL_Driver/Src/stm32f4xx_hal.c.obj
                0x08000b94                HAL_InitTick
 .text.HAL_Init
                0x08000be0       0x34 CMakeFiles/HELLOWORLD.elf.dir/Drivers/STM32F4xx_HAL_Driver/Src/stm32f4xx_hal.c.obj
                0x08000be0                HAL_Init
 .text.HAL_IncTick
                0x08000c14       0x18 CMakeFiles/HELLOWORLD.elf.dir/Drivers/STM32F4xx_HAL_Driver/Src/stm32f4xx_hal.c.obj
                0x08000c14                HAL_IncTick
 .text.HAL_GetTick
                0x08000c2c        0xc CMakeFiles/HELLOWORLD.elf.dir/Drivers/STM32F4xx_HAL_Driver/Src/stm32f4xx_hal.c.obj
                0x08000c2c                HAL_GetTick
 .text.HAL_NVIC_SetPriorityGrouping
                0x08000c38       0x24 CMakeFiles/HELLOWORLD.elf.dir/Drivers/STM32F4xx_HAL_Driver/Src/stm32f4xx_hal_cortex.c.obj
                0x08000c38                HAL_NVIC_SetPriorityGrouping
 .text.HAL_NVIC_SetPriority
                0x08000c5c       0x70 CMakeFiles/HELLOWORLD.elf.dir/Drivers/STM32F4xx_HAL_Driver/Src/stm32f4xx_hal_cortex.c.obj
                0x08000c5c                HAL_NVIC_SetPriority
 .text.HAL_SYSTICK_Config
                0x08000ccc       0x28 CMakeFiles/HELLOWORLD.elf.dir/Drivers/STM32F4xx_HAL_Driver/Src/stm32f4xx_hal_cortex.c.obj
                0x08000ccc                HAL_SYSTICK_Config
 .text.HAL_GPIO_Init
                0x08000cf4      0x1e4 CMakeFiles/HELLOWORLD.elf.dir/Drivers/STM32F4xx_HAL_Driver/Src/stm32f4xx_hal_gpio.c.obj
                0x08000cf4                HAL_GPIO_Init
 .text.HAL_RCC_OscConfig
                0x08000ed8      0x3f8 CMakeFiles/HELLOWORLD.elf.dir/Drivers/STM32F4xx_HAL_Driver/Src/stm32f4xx_hal_rcc.c.obj
                0x08000ed8                HAL_RCC_OscConfig
 .text.HAL_RCC_GetSysClockFreq
                0x080012d0       0xa4 CMakeFiles/HELLOWORLD.elf.dir/Drivers/STM32F4xx_HAL_Driver/Src/stm32f4xx_hal_rcc.c.obj
                0x080012d0                HAL_RCC_GetSysClockFreq
 .text.HAL_RCC_ClockConfig
                0x08001374      0x160 CMakeFiles/HELLOWORLD.elf.dir/Drivers/STM32F4xx_HAL_Driver/Src/stm32f4xx_hal_rcc.c.obj
                0x08001374                HAL_RCC_ClockConfig
 .text.HAL_RCC_GetHCLKFreq
                0x080014d4        0xc CMakeFiles/HELLOWORLD.elf.dir/Drivers/STM32F4xx_HAL_Driver/Src/stm32f4xx_hal_rcc.c.obj
                0x080014d4                HAL_RCC_GetHCLKFreq
 .text.HAL_RCC_GetPCLK1Freq
                0x080014e0       0x20 CMakeFiles/HELLOWORLD.elf.dir/Drivers/STM32F4xx_HAL_Driver/Src/stm32f4xx_hal_rcc.c.obj
                0x080014e0                HAL_RCC_GetPCLK1Freq
 .text.HAL_RCC_GetPCLK2Freq
                0x08001500       0x20 CMakeFiles/HELLOWORLD.elf.dir/Drivers/STM32F4xx_HAL_Driver/Src/stm32f4xx_hal_rcc.c.obj
                0x08001500                HAL_RCC_GetPCLK2Freq
 .text.TIM_OC1_SetConfig
                0x08001520       0x68 CMakeFiles/HELLOWORLD.elf.dir/Drivers/STM32F4xx_HAL_Driver/Src/stm32f4xx_hal_tim.c.obj
 .text.TIM_OC3_SetConfig
                0x08001588       0x70 CMakeFiles/HELLOWORLD.elf.dir/Drivers/STM32F4xx_HAL_Driver/Src/stm32f4xx_hal_tim.c.obj
 .text.TIM_OC4_SetConfig
                0x080015f8       0x50 CMakeFiles/HELLOWORLD.elf.dir/Drivers/STM32F4xx_HAL_Driver/Src/stm32f4xx_hal_tim.c.obj
 .text.TIM_TI1_ConfigInputStage
                0x08001648       0x24 CMakeFiles/HELLOWORLD.elf.dir/Drivers/STM32F4xx_HAL_Driver/Src/stm32f4xx_hal_tim.c.obj
 .text.TIM_TI2_ConfigInputStage
                0x0800166c       0x26 CMakeFiles/HELLOWORLD.elf.dir/Drivers/STM32F4xx_HAL_Driver/Src/stm32f4xx_hal_tim.c.obj
 .text.TIM_ITRx_SetConfig
                0x08001692       0x10 CMakeFiles/HELLOWORLD.elf.dir/Drivers/STM32F4xx_HAL_Driver/Src/stm32f4xx_hal_tim.c.obj
 .text.HAL_TIM_PWM_MspInit
                0x080016a2        0x2 CMakeFiles/HELLOWORLD.elf.dir/Drivers/STM32F4xx_HAL_Driver/Src/stm32f4xx_hal_tim.c.obj
                0x080016a2                HAL_TIM_PWM_MspInit
 .text.TIM_Base_SetConfig
                0x080016a4       0xc8 CMakeFiles/HELLOWORLD.elf.dir/Drivers/STM32F4xx_HAL_Driver/Src/stm32f4xx_hal_tim.c.obj
                0x080016a4                TIM_Base_SetConfig
 .text.HAL_TIM_Base_Init
                0x0800176c       0x58 CMakeFiles/HELLOWORLD.elf.dir/Drivers/STM32F4xx_HAL_Driver/Src/stm32f4xx_hal_tim.c.obj
                0x0800176c                HAL_TIM_Base_Init
 .text.HAL_TIM_PWM_Init
                0x080017c4       0x58 CMakeFiles/HELLOWORLD.elf.dir/Drivers/STM32F4xx_HAL_Driver/Src/stm32f4xx_hal_tim.c.obj
                0x080017c4                HAL_TIM_PWM_Init
 .text.TIM_OC2_SetConfig
                0x0800181c       0x70 CMakeFiles/HELLOWORLD.elf.dir/Drivers/STM32F4xx_HAL_Driver/Src/stm32f4xx_hal_tim.c.obj
                0x0800181c                TIM_OC2_SetConfig
 .text.HAL_TIM_PWM_ConfigChannel
                0x0800188c       0xdc CMakeFiles/HELLOWORLD.elf.dir/Drivers/STM32F4xx_HAL_Driver/Src/stm32f4xx_hal_tim.c.obj
                0x0800188c                HAL_TIM_PWM_ConfigChannel
 .text.TIM_ETR_SetConfig
                0x08001968       0x18 CMakeFiles/HELLOWORLD.elf.dir/Drivers/STM32F4xx_HAL_Driver/Src/stm32f4xx_hal_tim.c.obj
                0x08001968                TIM_ETR_SetConfig
 .text.HAL_TIM_ConfigClockSource
                0x08001980       0xfe CMakeFiles/HELLOWORLD.elf.dir/Drivers/STM32F4xx_HAL_Driver/Src/stm32f4xx_hal_tim.c.obj
                0x08001980                HAL_TIM_ConfigClockSource
 *fill*         0x08001a7e        0x2 
 .text.HAL_TIMEx_MasterConfigSynchronization
                0x08001a80       0x8c CMakeFiles/HELLOWORLD.elf.dir/Drivers/STM32F4xx_HAL_Driver/Src/stm32f4xx_hal_tim_ex.c.obj
                0x08001a80                HAL_TIMEx_MasterConfigSynchronization
 .text.UART_SetConfig
                0x08001b0c      0x110 CMakeFiles/HELLOWORLD.elf.dir/Drivers/STM32F4xx_HAL_Driver/Src/stm32f4xx_hal_uart.c.obj
 .text.UART_WaitOnFlagUntilTimeout
                0x08001c1c       0x88 CMakeFiles/HELLOWORLD.elf.dir/Drivers/STM32F4xx_HAL_Driver/Src/stm32f4xx_hal_uart.c.obj
 .text.HAL_UART_Init
                0x08001ca4       0x5e CMakeFiles/HELLOWORLD.elf.dir/Drivers/STM32F4xx_HAL_Driver/Src/stm32f4xx_hal_uart.c.obj
                0x08001ca4                HAL_UART_Init
 .text.HAL_UART_Transmit
                0x08001d02       0xd8 CMakeFiles/HELLOWORLD.elf.dir/Drivers/STM32F4xx_HAL_Driver/Src/stm32f4xx_hal_uart.c.obj
                0x08001d02                HAL_UART_Transmit
 .text.HAL_UART_Receive
                0x08001dda       0xe4 CMakeFiles/HELLOWORLD.elf.dir/Drivers/STM32F4xx_HAL_Driver/Src/stm32f4xx_hal_uart.c.obj
                0x08001dda                HAL_UART_Receive
 *fill*         0x08001ebe        0x2 
 .text.delay_us
                0x08001ec0       0x3c CMakeFiles/HELLOWORLD.elf.dir/System/delay/delay.c.obj
                0x08001ec0                delay_us
 .text.delay_ms
                0x08001efc       0x18 CMakeFiles/HELLOWORLD.elf.dir/System/delay/delay.c.obj
                0x08001efc                delay_ms
 .text.RetargetInit
                0x08001f14       0x20 CMakeFiles/HELLOWORLD.elf.dir/System/usart/retarget.c.obj
                0x08001f14                RetargetInit
 .text._write   0x08001f34       0x34 CMakeFiles/HELLOWORLD.elf.dir/System/usart/retarget.c.obj
                0x08001f34                _write
 .text._read    0x08001f68       0x30 CMakeFiles/HELLOWORLD.elf.dir/System/usart/retarget.c.obj
                0x08001f68                _read
 .text.Reset_Handler
                0x08001f98       0x50 CMakeFiles/HELLOWORLD.elf.dir/startup/startup_stm32f407xx.s.obj
                0x08001f98                Reset_Handler
 .text.Default_Handler
                0x08001fe8        0x2 CMakeFiles/HELLOWORLD.elf.dir/startup/startup_stm32f407xx.s.obj
                0x08001fe8                RTC_Alarm_IRQHandler
                0x08001fe8                HASH_RNG_IRQHandler
                0x08001fe8                EXTI2_IRQHandler
                0x08001fe8                TIM8_CC_IRQHandler
                0x08001fe8                TIM1_CC_IRQHandler
                0x08001fe8                DMA2_Stream5_IRQHandler
                0x08001fe8                DMA1_Stream5_IRQHandler
                0x08001fe8                PVD_IRQHandler
                0x08001fe8                SDIO_IRQHandler
                0x08001fe8                TAMP_STAMP_IRQHandler
                0x08001fe8                CAN2_RX1_IRQHandler
                0x08001fe8                EXTI3_IRQHandler
                0x08001fe8                TIM8_TRG_COM_TIM14_IRQHandler
                0x08001fe8                TIM1_UP_TIM10_IRQHandler
                0x08001fe8                TIM8_UP_TIM13_IRQHandler
                0x08001fe8                I2C3_ER_IRQHandler
                0x08001fe8                EXTI0_IRQHandler
                0x08001fe8                I2C2_EV_IRQHandler
                0x08001fe8                DMA1_Stream2_IRQHandler
                0x08001fe8                CAN1_RX0_IRQHandler
                0x08001fe8                FPU_IRQHandler
                0x08001fe8                OTG_HS_WKUP_IRQHandler
                0x08001fe8                CAN2_SCE_IRQHandler
                0x08001fe8                DMA2_Stream2_IRQHandler
                0x08001fe8                SPI1_IRQHandler
                0x08001fe8                TIM6_DAC_IRQHandler
                0x08001fe8                TIM1_BRK_TIM9_IRQHandler
                0x08001fe8                DCMI_IRQHandler
                0x08001fe8                CAN2_RX0_IRQHandler
                0x08001fe8                DMA2_Stream3_IRQHandler
                0x08001fe8                USART6_IRQHandler
                0x08001fe8                USART3_IRQHandler
                0x08001fe8                CAN1_RX1_IRQHandler
                0x08001fe8                UART5_IRQHandler
                0x08001fe8                DMA2_Stream0_IRQHandler
                0x08001fe8                TIM4_IRQHandler
                0x08001fe8                I2C1_EV_IRQHandler
                0x08001fe8                DMA1_Stream6_IRQHandler
                0x08001fe8                DMA1_Stream1_IRQHandler
                0x08001fe8                UART4_IRQHandler
                0x08001fe8                TIM3_IRQHandler
                0x08001fe8                RCC_IRQHandler
                0x08001fe8                TIM8_BRK_TIM12_IRQHandler
                0x08001fe8                Default_Handler
                0x08001fe8                EXTI15_10_IRQHandler
                0x08001fe8                ADC_IRQHandler
                0x08001fe8                DMA1_Stream7_IRQHandler
                0x08001fe8                TIM7_IRQHandler
                0x08001fe8                CAN2_TX_IRQHandler
                0x08001fe8                TIM5_IRQHandler
                0x08001fe8                DMA2_Stream7_IRQHandler
                0x08001fe8                I2C3_EV_IRQHandler
                0x08001fe8                EXTI9_5_IRQHandler
                0x08001fe8                RTC_WKUP_IRQHandler
                0x08001fe8                ETH_WKUP_IRQHandler
                0x08001fe8                SPI2_IRQHandler
                0x08001fe8                OTG_HS_EP1_IN_IRQHandler
                0x08001fe8                DMA1_Stream0_IRQHandler
                0x08001fe8                CAN1_TX_IRQHandler
                0x08001fe8                EXTI4_IRQHandler
                0x08001fe8                FSMC_IRQHandler
                0x08001fe8                ETH_IRQHandler
                0x08001fe8                OTG_HS_EP1_OUT_IRQHandler
                0x08001fe8                WWDG_IRQHandler
                0x08001fe8                TIM2_IRQHandler
                0x08001fe8                OTG_FS_WKUP_IRQHandler
                0x08001fe8                TIM1_TRG_COM_TIM11_IRQHandler
                0x08001fe8                OTG_HS_IRQHandler
                0x08001fe8                EXTI1_IRQHandler
                0x08001fe8                USART2_IRQHandler
                0x08001fe8                I2C2_ER_IRQHandler
                0x08001fe8                DMA2_Stream1_IRQHandler
                0x08001fe8                CAN1_SCE_IRQHandler
                0x08001fe8                FLASH_IRQHandler
                0x08001fe8                DMA2_Stream4_IRQHandler
                0x08001fe8                USART1_IRQHandler
                0x08001fe8                OTG_FS_IRQHandler
                0x08001fe8                SPI3_IRQHandler
                0x08001fe8                DMA1_Stream4_IRQHandler
                0x08001fe8                I2C1_ER_IRQHandler
                0x08001fe8                DMA2_Stream6_IRQHandler
                0x08001fe8                DMA1_Stream3_IRQHandler
 *fill*         0x08001fea        0x2 
 .text.__errno  0x08001fec        0xc c:/mingw/gcc-arm-none-eabi-10.3-2021.10/bin/../lib/gcc/arm-none-eabi/10.3.1/../../../../arm-none-eabi/lib/thumb/v7e-m/nofp\libg.a(lib_a-errno.o)
                0x08001fec                __errno
 .text.__libc_init_array
                0x08001ff8       0x48 c:/mingw/gcc-arm-none-eabi-10.3-2021.10/bin/../lib/gcc/arm-none-eabi/10.3.1/../../../../arm-none-eabi/lib/thumb/v7e-m/nofp\libg.a(lib_a-init.o)
                0x08001ff8                __libc_init_array
 .text.memset   0x08002040       0xa4 c:/mingw/gcc-arm-none-eabi-10.3-2021.10/bin/../lib/gcc/arm-none-eabi/10.3.1/../../../../arm-none-eabi/lib/thumb/v7e-m/nofp\libg.a(lib_a-memset.o)
                0x08002040                memset
 .text._puts_r  0x080020e4       0x9c c:/mingw/gcc-arm-none-eabi-10.3-2021.10/bin/../lib/gcc/arm-none-eabi/10.3.1/../../../../arm-none-eabi/lib/thumb/v7e-m/nofp\libg.a(lib_a-puts.o)
                0x080020e4                _puts_r
 .text.puts     0x08002180       0x10 c:/mingw/gcc-arm-none-eabi-10.3-2021.10/bin/../lib/gcc/arm-none-eabi/10.3.1/../../../../arm-none-eabi/lib/thumb/v7e-m/nofp\libg.a(lib_a-puts.o)
                0x08002180                puts
 .text.setvbuf  0x08002190      0x1b0 c:/mingw/gcc-arm-none-eabi-10.3-2021.10/bin/../lib/gcc/arm-none-eabi/10.3.1/../../../../arm-none-eabi/lib/thumb/v7e-m/nofp\libg.a(lib_a-setvbuf.o)
                0x08002190                setvbuf
 .text.startup.register_fini
                0x08002340       0x14 c:/mingw/gcc-arm-none-eabi-10.3-2021.10/bin/../lib/gcc/arm-none-eabi/10.3.1/../../../../arm-none-eabi/lib/thumb/v7e-m/nofp\libg.a(lib_a-__call_atexit.o)
 .text.atexit   0x08002354        0xc c:/mingw/gcc-arm-none-eabi-10.3-2021.10/bin/../lib/gcc/arm-none-eabi/10.3.1/../../../../arm-none-eabi/lib/thumb/v7e-m/nofp\libg.a(lib_a-atexit.o)
                0x08002354                atexit
 .text.__sflush_r
                0x08002360      0x120 c:/mingw/gcc-arm-none-eabi-10.3-2021.10/bin/../lib/gcc/arm-none-eabi/10.3.1/../../../../arm-none-eabi/lib/thumb/v7e-m/nofp\libg.a(lib_a-fflush.o)
                0x08002360                __sflush_r
 .text._fflush_r
                0x08002480       0x5c c:/mingw/gcc-arm-none-eabi-10.3-2021.10/bin/../lib/gcc/arm-none-eabi/10.3.1/../../../../arm-none-eabi/lib/thumb/v7e-m/nofp\libg.a(lib_a-fflush.o)
                0x08002480                _fflush_r
 .text._cleanup_r
                0x080024dc        0xc c:/mingw/gcc-arm-none-eabi-10.3-2021.10/bin/../lib/gcc/arm-none-eabi/10.3.1/../../../../arm-none-eabi/lib/thumb/v7e-m/nofp\libg.a(lib_a-findfp.o)
                0x080024dc                _cleanup_r
 .text.__sinit  0x080024e8      0x10c c:/mingw/gcc-arm-none-eabi-10.3-2021.10/bin/../lib/gcc/arm-none-eabi/10.3.1/../../../../arm-none-eabi/lib/thumb/v7e-m/nofp\libg.a(lib_a-findfp.o)
                0x080024e8                __sinit
 .text.__sfp_lock_acquire
                0x080025f4        0xc c:/mingw/gcc-arm-none-eabi-10.3-2021.10/bin/../lib/gcc/arm-none-eabi/10.3.1/../../../../arm-none-eabi/lib/thumb/v7e-m/nofp\libg.a(lib_a-findfp.o)
                0x080025f4                __sfp_lock_acquire
 .text.__sfp_lock_release
                0x08002600        0xc c:/mingw/gcc-arm-none-eabi-10.3-2021.10/bin/../lib/gcc/arm-none-eabi/10.3.1/../../../../arm-none-eabi/lib/thumb/v7e-m/nofp\libg.a(lib_a-findfp.o)
                0x08002600                __sfp_lock_release
 .text.__libc_fini_array
                0x0800260c       0x2c c:/mingw/gcc-arm-none-eabi-10.3-2021.10/bin/../lib/gcc/arm-none-eabi/10.3.1/../../../../arm-none-eabi/lib/thumb/v7e-m/nofp\libg.a(lib_a-fini.o)
                0x0800260c                __libc_fini_array
 .text._malloc_trim_r
                0x08002638       0xa0 c:/mingw/gcc-arm-none-eabi-10.3-2021.10/bin/../lib/gcc/arm-none-eabi/10.3.1/../../../../arm-none-eabi/lib/thumb/v7e-m/nofp\libg.a(lib_a-freer.o)
                0x08002638                _malloc_trim_r
 .text._free_r  0x080026d8      0x20c c:/mingw/gcc-arm-none-eabi-10.3-2021.10/bin/../lib/gcc/arm-none-eabi/10.3.1/../../../../arm-none-eabi/lib/thumb/v7e-m/nofp\libg.a(lib_a-freer.o)
                0x080026d8                _free_r
 .text.__sfvwrite_r
                0x080028e4      0x2e8 c:/mingw/gcc-arm-none-eabi-10.3-2021.10/bin/../lib/gcc/arm-none-eabi/10.3.1/../../../../arm-none-eabi/lib/thumb/v7e-m/nofp\libg.a(lib_a-fvwrite.o)
                0x080028e4                __sfvwrite_r
 .text._fwalk_reent
                0x08002bcc       0x48 c:/mingw/gcc-arm-none-eabi-10.3-2021.10/bin/../lib/gcc/arm-none-eabi/10.3.1/../../../../arm-none-eabi/lib/thumb/v7e-m/nofp\libg.a(lib_a-fwalk.o)
                0x08002bcc                _fwalk_reent
 .text.__retarget_lock_init_recursive
                0x08002c14        0x4 c:/mingw/gcc-arm-none-eabi-10.3-2021.10/bin/../lib/gcc/arm-none-eabi/10.3.1/../../../../arm-none-eabi/lib/thumb/v7e-m/nofp\libg.a(lib_a-lock.o)
                0x08002c14                __retarget_lock_init_recursive
 .text.__retarget_lock_close_recursive
                0x08002c18        0x4 c:/mingw/gcc-arm-none-eabi-10.3-2021.10/bin/../lib/gcc/arm-none-eabi/10.3.1/../../../../arm-none-eabi/lib/thumb/v7e-m/nofp\libg.a(lib_a-lock.o)
                0x08002c18                __retarget_lock_close_recursive
 .text.__retarget_lock_acquire_recursive
                0x08002c1c        0x4 c:/mingw/gcc-arm-none-eabi-10.3-2021.10/bin/../lib/gcc/arm-none-eabi/10.3.1/../../../../arm-none-eabi/lib/thumb/v7e-m/nofp\libg.a(lib_a-lock.o)
                0x08002c1c                __retarget_lock_acquire_recursive
 .text.__retarget_lock_release_recursive
                0x08002c20        0x4 c:/mingw/gcc-arm-none-eabi-10.3-2021.10/bin/../lib/gcc/arm-none-eabi/10.3.1/../../../../arm-none-eabi/lib/thumb/v7e-m/nofp\libg.a(lib_a-lock.o)
                0x08002c20                __retarget_lock_release_recursive
 .text.__smakebuf_r
                0x08002c24       0xe0 c:/mingw/gcc-arm-none-eabi-10.3-2021.10/bin/../lib/gcc/arm-none-eabi/10.3.1/../../../../arm-none-eabi/lib/thumb/v7e-m/nofp\libg.a(lib_a-makebuf.o)
                0x08002c24                __smakebuf_r
 .text.__swhatbuf_r
                0x08002d04       0x60 c:/mingw/gcc-arm-none-eabi-10.3-2021.10/bin/../lib/gcc/arm-none-eabi/10.3.1/../../../../arm-none-eabi/lib/thumb/v7e-m/nofp\libg.a(lib_a-makebuf.o)
                0x08002d04                __swhatbuf_r
 .text.malloc   0x08002d64       0x10 c:/mingw/gcc-arm-none-eabi-10.3-2021.10/bin/../lib/gcc/arm-none-eabi/10.3.1/../../../../arm-none-eabi/lib/thumb/v7e-m/nofp\libg.a(lib_a-malloc.o)
                0x08002d64                malloc
 .text._malloc_r
                0x08002d74      0x560 c:/mingw/gcc-arm-none-eabi-10.3-2021.10/bin/../lib/gcc/arm-none-eabi/10.3.1/../../../../arm-none-eabi/lib/thumb/v7e-m/nofp\libg.a(lib_a-mallocr.o)
                0x08002d74                _malloc_r
 .text.memmove  0x080032d4       0xf8 c:/mingw/gcc-arm-none-eabi-10.3-2021.10/bin/../lib/gcc/arm-none-eabi/10.3.1/../../../../arm-none-eabi/lib/thumb/v7e-m/nofp\libg.a(lib_a-memmove.o)
                0x080032d4                memmove
 .text.__malloc_lock
                0x080033cc        0xc c:/mingw/gcc-arm-none-eabi-10.3-2021.10/bin/../lib/gcc/arm-none-eabi/10.3.1/../../../../arm-none-eabi/lib/thumb/v7e-m/nofp\libg.a(lib_a-mlock.o)
                0x080033cc                __malloc_lock
 .text.__malloc_unlock
                0x080033d8        0xc c:/mingw/gcc-arm-none-eabi-10.3-2021.10/bin/../lib/gcc/arm-none-eabi/10.3.1/../../../../arm-none-eabi/lib/thumb/v7e-m/nofp\libg.a(lib_a-mlock.o)
                0x080033d8                __malloc_unlock
 .text._realloc_r
                0x080033e4      0x3d8 c:/mingw/gcc-arm-none-eabi-10.3-2021.10/bin/../lib/gcc/arm-none-eabi/10.3.1/../../../../arm-none-eabi/lib/thumb/v7e-m/nofp\libg.a(lib_a-reallocr.o)
                0x080033e4                _realloc_r
 .text._sbrk_r  0x080037bc       0x24 c:/mingw/gcc-arm-none-eabi-10.3-2021.10/bin/../lib/gcc/arm-none-eabi/10.3.1/../../../../arm-none-eabi/lib/thumb/v7e-m/nofp\libg.a(lib_a-sbrkr.o)
                0x080037bc                _sbrk_r
 .text.__sread  0x080037e0       0x24 c:/mingw/gcc-arm-none-eabi-10.3-2021.10/bin/../lib/gcc/arm-none-eabi/10.3.1/../../../../arm-none-eabi/lib/thumb/v7e-m/nofp\libg.a(lib_a-stdio.o)
                0x080037e0                __sread
 .text.__swrite
                0x08003804       0x40 c:/mingw/gcc-arm-none-eabi-10.3-2021.10/bin/../lib/gcc/arm-none-eabi/10.3.1/../../../../arm-none-eabi/lib/thumb/v7e-m/nofp\libg.a(lib_a-stdio.o)
                0x08003804                __swrite
 .text.__sseek  0x08003844       0x20 c:/mingw/gcc-arm-none-eabi-10.3-2021.10/bin/../lib/gcc/arm-none-eabi/10.3.1/../../../../arm-none-eabi/lib/thumb/v7e-m/nofp\libg.a(lib_a-stdio.o)
                0x08003844                __sseek
 .text.__sclose
                0x08003864        0x8 c:/mingw/gcc-arm-none-eabi-10.3-2021.10/bin/../lib/gcc/arm-none-eabi/10.3.1/../../../../arm-none-eabi/lib/thumb/v7e-m/nofp\libg.a(lib_a-stdio.o)
                0x08003864                __sclose
 .text._write_r
                0x0800386c       0x2c c:/mingw/gcc-arm-none-eabi-10.3-2021.10/bin/../lib/gcc/arm-none-eabi/10.3.1/../../../../arm-none-eabi/lib/thumb/v7e-m/nofp\libg.a(lib_a-writer.o)
                0x0800386c                _write_r
 .text.__swsetup_r
                0x08003898       0xd4 c:/mingw/gcc-arm-none-eabi-10.3-2021.10/bin/../lib/gcc/arm-none-eabi/10.3.1/../../../../arm-none-eabi/lib/thumb/v7e-m/nofp\libg.a(lib_a-wsetup.o)
                0x08003898                __swsetup_r
 .text.__register_exitproc
                0x0800396c       0x8c c:/mingw/gcc-arm-none-eabi-10.3-2021.10/bin/../lib/gcc/arm-none-eabi/10.3.1/../../../../arm-none-eabi/lib/thumb/v7e-m/nofp\libg.a(lib_a-__atexit.o)
                0x0800396c                __register_exitproc
 .text._close_r
                0x080039f8       0x24 c:/mingw/gcc-arm-none-eabi-10.3-2021.10/bin/../lib/gcc/arm-none-eabi/10.3.1/../../../../arm-none-eabi/lib/thumb/v7e-m/nofp\libg.a(lib_a-closer.o)
                0x080039f8                _close_r
 .text._fclose_r
                0x08003a1c       0xcc c:/mingw/gcc-arm-none-eabi-10.3-2021.10/bin/../lib/gcc/arm-none-eabi/10.3.1/../../../../arm-none-eabi/lib/thumb/v7e-m/nofp\libg.a(lib_a-fclose.o)
                0x08003a1c                _fclose_r
 .text._fstat_r
                0x08003ae8       0x2c c:/mingw/gcc-arm-none-eabi-10.3-2021.10/bin/../lib/gcc/arm-none-eabi/10.3.1/../../../../arm-none-eabi/lib/thumb/v7e-m/nofp\libg.a(lib_a-fstatr.o)
                0x08003ae8                _fstat_r
 .text._isatty_r
                0x08003b14       0x24 c:/mingw/gcc-arm-none-eabi-10.3-2021.10/bin/../lib/gcc/arm-none-eabi/10.3.1/../../../../arm-none-eabi/lib/thumb/v7e-m/nofp\libg.a(lib_a-isattyr.o)
                0x08003b14                _isatty_r
 .text._lseek_r
                0x08003b38       0x2c c:/mingw/gcc-arm-none-eabi-10.3-2021.10/bin/../lib/gcc/arm-none-eabi/10.3.1/../../../../arm-none-eabi/lib/thumb/v7e-m/nofp\libg.a(lib_a-lseekr.o)
                0x08003b38                _lseek_r
 .text._read_r  0x08003b64       0x2c c:/mingw/gcc-arm-none-eabi-10.3-2021.10/bin/../lib/gcc/arm-none-eabi/10.3.1/../../../../arm-none-eabi/lib/thumb/v7e-m/nofp\libg.a(lib_a-readr.o)
                0x08003b64                _read_r
 *(.glue_7)
 .glue_7        0x08003b90        0x0 linker stubs
 *(.glue_7t)
 .glue_7t       0x08003b90        0x0 linker stubs
 *(.eh_frame)
 .eh_frame      0x08003b90        0x0 c:/mingw/gcc-arm-none-eabi-10.3-2021.10/bin/../lib/gcc/arm-none-eabi/10.3.1/thumb/v7e-m/nofp/crtbegin.o
 *(.init)
 .init          0x08003b90        0x4 c:/mingw/gcc-arm-none-eabi-10.3-2021.10/bin/../lib/gcc/arm-none-eabi/10.3.1/thumb/v7e-m/nofp/crti.o
                0x08003b90                _init
 .init          0x08003b94        0x8 c:/mingw/gcc-arm-none-eabi-10.3-2021.10/bin/../lib/gcc/arm-none-eabi/10.3.1/thumb/v7e-m/nofp/crtn.o
 *(.fini)
 .fini          0x08003b9c        0x4 c:/mingw/gcc-arm-none-eabi-10.3-2021.10/bin/../lib/gcc/arm-none-eabi/10.3.1/thumb/v7e-m/nofp/crti.o
                0x08003b9c                _fini
 .fini          0x08003ba0        0x8 c:/mingw/gcc-arm-none-eabi-10.3-2021.10/bin/../lib/gcc/arm-none-eabi/10.3.1/thumb/v7e-m/nofp/crtn.o
                0x08003ba8                . = ALIGN (0x4)
                0x08003ba8                _etext = .

.vfp11_veneer   0x08003ba8        0x0
 .vfp11_veneer  0x08003ba8        0x0 linker stubs

.v4_bx          0x08003ba8        0x0
 .v4_bx         0x08003ba8        0x0 linker stubs

.iplt           0x08003ba8        0x0
 .iplt          0x08003ba8        0x0 c:/mingw/gcc-arm-none-eabi-10.3-2021.10/bin/../lib/gcc/arm-none-eabi/10.3.1/thumb/v7e-m/nofp/crtbegin.o

.rodata         0x08003ba8       0x28
                0x08003ba8                . = ALIGN (0x4)
 *(.rodata)
 *(.rodata*)
 .rodata.main.str1.4
                0x08003ba8        0x6 CMakeFiles/HELLOWORLD.elf.dir/Core/Src/main.c.obj
 *fill*         0x08003bae        0x2 
 .rodata.AHBPrescTable
                0x08003bb0       0x10 CMakeFiles/HELLOWORLD.elf.dir/Core/Src/system_stm32f4xx.c.obj
                0x08003bb0                AHBPrescTable
 .rodata.APBPrescTable
                0x08003bc0        0x8 CMakeFiles/HELLOWORLD.elf.dir/Core/Src/system_stm32f4xx.c.obj
                0x08003bc0                APBPrescTable
 .rodata._global_impure_ptr
                0x08003bc8        0x4 c:/mingw/gcc-arm-none-eabi-10.3-2021.10/bin/../lib/gcc/arm-none-eabi/10.3.1/../../../../arm-none-eabi/lib/thumb/v7e-m/nofp\libg.a(lib_a-impure.o)
                0x08003bc8                _global_impure_ptr
 .rodata._puts_r.str1.4
                0x08003bcc        0x2 c:/mingw/gcc-arm-none-eabi-10.3-2021.10/bin/../lib/gcc/arm-none-eabi/10.3.1/../../../../arm-none-eabi/lib/thumb/v7e-m/nofp\libg.a(lib_a-puts.o)
                0x08003bd0                . = ALIGN (0x4)
 *fill*         0x08003bce        0x2 

.ARM.extab
 *(.ARM.extab* .gnu.linkonce.armextab.*)

.ARM            0x08003bd0        0x8
                0x08003bd0                __exidx_start = .
 *(.ARM.exidx*)
 .ARM.exidx     0x08003bd0        0x8 c:/mingw/gcc-arm-none-eabi-10.3-2021.10/bin/../lib/gcc/arm-none-eabi/10.3.1/thumb/v7e-m/nofp\libgcc.a(_udivmoddi4.o)
                0x08003bd8                __exidx_end = .

.rel.dyn        0x08003bd8        0x0
 .rel.iplt      0x08003bd8        0x0 c:/mingw/gcc-arm-none-eabi-10.3-2021.10/bin/../lib/gcc/arm-none-eabi/10.3.1/thumb/v7e-m/nofp/crtbegin.o

.preinit_array  0x08003bd8        0x0
                0x08003bd8                PROVIDE (__preinit_array_start = .)
 *(.preinit_array*)
                0x08003bd8                PROVIDE (__preinit_array_end = .)

.init_array     0x08003bd8        0x8
                0x08003bd8                PROVIDE (__init_array_start = .)
 *(SORT_BY_NAME(.init_array.*))
 .init_array.00000
                0x08003bd8        0x4 c:/mingw/gcc-arm-none-eabi-10.3-2021.10/bin/../lib/gcc/arm-none-eabi/10.3.1/../../../../arm-none-eabi/lib/thumb/v7e-m/nofp\libg.a(lib_a-__call_atexit.o)
 *(.init_array*)
 .init_array    0x08003bdc        0x4 c:/mingw/gcc-arm-none-eabi-10.3-2021.10/bin/../lib/gcc/arm-none-eabi/10.3.1/thumb/v7e-m/nofp/crtbegin.o
                0x08003be0                PROVIDE (__init_array_end = .)

.fini_array     0x08003be0        0x4
                0x08003be0                PROVIDE (__fini_array_start = .)
 *(SORT_BY_NAME(.fini_array.*))
 *(.fini_array*)
 .fini_array    0x08003be0        0x4 c:/mingw/gcc-arm-none-eabi-10.3-2021.10/bin/../lib/gcc/arm-none-eabi/10.3.1/thumb/v7e-m/nofp/crtbegin.o
                0x08003be4                PROVIDE (__fini_array_end = .)
                0x08003be4                _sidata = LOADADDR (.data)

.data           0x20000000      0x84c load address 0x08003be4
                0x20000000                . = ALIGN (0x4)
                0x20000000                _sdata = .
 *(.data)
 *(.data*)
 .data.SystemCoreClock
                0x20000000        0x4 CMakeFiles/HELLOWORLD.elf.dir/Core/Src/system_stm32f4xx.c.obj
                0x20000000                SystemCoreClock
 .data.uwTickFreq
                0x20000004        0x1 CMakeFiles/HELLOWORLD.elf.dir/Drivers/STM32F4xx_HAL_Driver/Src/stm32f4xx_hal.c.obj
                0x20000004                uwTickFreq
 *fill*         0x20000005        0x3 
 .data.uwTickPrio
                0x20000008        0x4 CMakeFiles/HELLOWORLD.elf.dir/Drivers/STM32F4xx_HAL_Driver/Src/stm32f4xx_hal.c.obj
                0x20000008                uwTickPrio
 .data._impure_ptr
                0x2000000c        0x4 c:/mingw/gcc-arm-none-eabi-10.3-2021.10/bin/../lib/gcc/arm-none-eabi/10.3.1/../../../../arm-none-eabi/lib/thumb/v7e-m/nofp\libg.a(lib_a-impure.o)
                0x2000000c                _impure_ptr
 .data.impure_data
                0x20000010      0x428 c:/mingw/gcc-arm-none-eabi-10.3-2021.10/bin/../lib/gcc/arm-none-eabi/10.3.1/../../../../arm-none-eabi/lib/thumb/v7e-m/nofp\libg.a(lib_a-impure.o)
 .data.__atexit_recursive_mutex
                0x20000438        0x4 c:/mingw/gcc-arm-none-eabi-10.3-2021.10/bin/../lib/gcc/arm-none-eabi/10.3.1/../../../../arm-none-eabi/lib/thumb/v7e-m/nofp\libg.a(lib_a-__call_atexit.o)
                0x20000438                __atexit_recursive_mutex
 .data.__malloc_av_
                0x2000043c      0x408 c:/mingw/gcc-arm-none-eabi-10.3-2021.10/bin/../lib/gcc/arm-none-eabi/10.3.1/../../../../arm-none-eabi/lib/thumb/v7e-m/nofp\libg.a(lib_a-mallocr.o)
                0x2000043c                __malloc_av_
 .data.__malloc_sbrk_base
                0x20000844        0x4 c:/mingw/gcc-arm-none-eabi-10.3-2021.10/bin/../lib/gcc/arm-none-eabi/10.3.1/../../../../arm-none-eabi/lib/thumb/v7e-m/nofp\libg.a(lib_a-mallocr.o)
                0x20000844                __malloc_sbrk_base
 .data.__malloc_trim_threshold
                0x20000848        0x4 c:/mingw/gcc-arm-none-eabi-10.3-2021.10/bin/../lib/gcc/arm-none-eabi/10.3.1/../../../../arm-none-eabi/lib/thumb/v7e-m/nofp\libg.a(lib_a-mallocr.o)
                0x20000848                __malloc_trim_threshold
                0x2000084c                . = ALIGN (0x4)
                0x2000084c                _edata = .
                0x08004430                _siccmram = LOADADDR (.ccmram)

.igot.plt       0x2000084c        0x0 load address 0x08004430
 .igot.plt      0x2000084c        0x0 c:/mingw/gcc-arm-none-eabi-10.3-2021.10/bin/../lib/gcc/arm-none-eabi/10.3.1/thumb/v7e-m/nofp/crtbegin.o

.ccmram         0x10000000        0x0 load address 0x08004430
                0x10000000                . = ALIGN (0x4)
                0x10000000                _sccmram = .
 *(.ccmram)
 *(.ccmram*)
                0x10000000                . = ALIGN (0x4)
                0x10000000                _eccmram = .
                0x10000000                . = ALIGN (0x4)

.bss            0x2000084c      0x100
                0x2000084c                _sbss = .
                0x2000084c                __bss_start__ = _sbss
 *(.bss)
 .bss           0x2000084c       0x1c c:/mingw/gcc-arm-none-eabi-10.3-2021.10/bin/../lib/gcc/arm-none-eabi/10.3.1/thumb/v7e-m/nofp/crtbegin.o
 *(.bss*)
 .bss.heap_end.0
                0x20000868        0x4 CMakeFiles/HELLOWORLD.elf.dir/Core/Src/syscalls.c.obj
 .bss.htim3     0x2000086c       0x48 CMakeFiles/HELLOWORLD.elf.dir/Core/Src/tim.c.obj
                0x2000086c                htim3
 .bss.huart1    0x200008b4       0x44 CMakeFiles/HELLOWORLD.elf.dir/Core/Src/usart.c.obj
                0x200008b4                huart1
 .bss.uwTick    0x200008f8        0x4 CMakeFiles/HELLOWORLD.elf.dir/Drivers/STM32F4xx_HAL_Driver/Src/stm32f4xx_hal.c.obj
                0x200008f8                uwTick
 .bss.fac_us    0x200008fc        0x4 CMakeFiles/HELLOWORLD.elf.dir/System/delay/delay.c.obj
 .bss.gHuart    0x20000900        0x4 CMakeFiles/HELLOWORLD.elf.dir/System/usart/retarget.c.obj
                0x20000900                gHuart
 .bss.__lock___atexit_recursive_mutex
                0x20000904        0x1 c:/mingw/gcc-arm-none-eabi-10.3-2021.10/bin/../lib/gcc/arm-none-eabi/10.3.1/../../../../arm-none-eabi/lib/thumb/v7e-m/nofp\libg.a(lib_a-lock.o)
                0x20000904                __lock___atexit_recursive_mutex
 *fill*         0x20000905        0x3 
 .bss.__lock___malloc_recursive_mutex
                0x20000908        0x1 c:/mingw/gcc-arm-none-eabi-10.3-2021.10/bin/../lib/gcc/arm-none-eabi/10.3.1/../../../../arm-none-eabi/lib/thumb/v7e-m/nofp\libg.a(lib_a-lock.o)
                0x20000908                __lock___malloc_recursive_mutex
 *fill*         0x20000909        0x3 
 .bss.__lock___sfp_recursive_mutex
                0x2000090c        0x1 c:/mingw/gcc-arm-none-eabi-10.3-2021.10/bin/../lib/gcc/arm-none-eabi/10.3.1/../../../../arm-none-eabi/lib/thumb/v7e-m/nofp\libg.a(lib_a-lock.o)
                0x2000090c                __lock___sfp_recursive_mutex
 *fill*         0x2000090d        0x3 
 .bss.__lock___sinit_recursive_mutex
                0x20000910        0x1 c:/mingw/gcc-arm-none-eabi-10.3-2021.10/bin/../lib/gcc/arm-none-eabi/10.3.1/../../../../arm-none-eabi/lib/thumb/v7e-m/nofp\libg.a(lib_a-lock.o)
                0x20000910                __lock___sinit_recursive_mutex
 *fill*         0x20000911        0x3 
 .bss.__malloc_current_mallinfo
                0x20000914       0x28 c:/mingw/gcc-arm-none-eabi-10.3-2021.10/bin/../lib/gcc/arm-none-eabi/10.3.1/../../../../arm-none-eabi/lib/thumb/v7e-m/nofp\libg.a(lib_a-mallocr.o)
                0x20000914                __malloc_current_mallinfo
 .bss.__malloc_max_sbrked_mem
                0x2000093c        0x4 c:/mingw/gcc-arm-none-eabi-10.3-2021.10/bin/../lib/gcc/arm-none-eabi/10.3.1/../../../../arm-none-eabi/lib/thumb/v7e-m/nofp\libg.a(lib_a-mallocr.o)
                0x2000093c                __malloc_max_sbrked_mem
 .bss.__malloc_max_total_mem
                0x20000940        0x4 c:/mingw/gcc-arm-none-eabi-10.3-2021.10/bin/../lib/gcc/arm-none-eabi/10.3.1/../../../../arm-none-eabi/lib/thumb/v7e-m/nofp\libg.a(lib_a-mallocr.o)
                0x20000940                __malloc_max_total_mem
 .bss.__malloc_top_pad
                0x20000944        0x4 c:/mingw/gcc-arm-none-eabi-10.3-2021.10/bin/../lib/gcc/arm-none-eabi/10.3.1/../../../../arm-none-eabi/lib/thumb/v7e-m/nofp\libg.a(lib_a-mallocr.o)
                0x20000944                __malloc_top_pad
 .bss.errno     0x20000948        0x4 c:/mingw/gcc-arm-none-eabi-10.3-2021.10/bin/../lib/gcc/arm-none-eabi/10.3.1/../../../../arm-none-eabi/lib/thumb/v7e-m/nofp\libg.a(lib_a-reent.o)
                0x20000948                errno
 *(COMMON)
                0x2000094c                . = ALIGN (0x4)
                0x2000094c                _ebss = .
                0x2000094c                __bss_end__ = _ebss

._user_heap_stack
                0x2000094c      0x604
                0x20000950                . = ALIGN (0x8)
 *fill*         0x2000094c        0x4 
                0x20000950                PROVIDE (end = .)
                [!provide]                PROVIDE (_end = .)
                0x20000b50                . = (. + _Min_Heap_Size)
 *fill*         0x20000950      0x200 
                0x20000f50                . = (. + _Min_Stack_Size)
 *fill*         0x20000b50      0x400 
                0x20000f50                . = ALIGN (0x8)

/DISCARD/
 libc.a(*)
 libm.a(*)
 libgcc.a(*)

.ARM.attributes
                0x00000000       0x2a
 *(.ARM.attributes)
 .ARM.attributes
                0x00000000       0x1e c:/mingw/gcc-arm-none-eabi-10.3-2021.10/bin/../lib/gcc/arm-none-eabi/10.3.1/thumb/v7e-m/nofp/crti.o
 .ARM.attributes
                0x0000001e       0x2e c:/mingw/gcc-arm-none-eabi-10.3-2021.10/bin/../lib/gcc/arm-none-eabi/10.3.1/thumb/v7e-m/nofp/crtbegin.o
 .ARM.attributes
                0x0000004c       0x2e CMakeFiles/HELLOWORLD.elf.dir/Core/Src/gpio.c.obj
 .ARM.attributes
                0x0000007a       0x2e CMakeFiles/HELLOWORLD.elf.dir/Core/Src/main.c.obj
 .ARM.attributes
                0x000000a8       0x2e CMakeFiles/HELLOWORLD.elf.dir/Core/Src/stm32f4xx_hal_msp.c.obj
 .ARM.attributes
                0x000000d6       0x2e CMakeFiles/HELLOWORLD.elf.dir/Core/Src/stm32f4xx_it.c.obj
 .ARM.attributes
                0x00000104       0x2e CMakeFiles/HELLOWORLD.elf.dir/Core/Src/syscalls.c.obj
 .ARM.attributes
                0x00000132       0x2e CMakeFiles/HELLOWORLD.elf.dir/Core/Src/system_stm32f4xx.c.obj
 .ARM.attributes
                0x00000160       0x2e CMakeFiles/HELLOWORLD.elf.dir/Core/Src/tim.c.obj
 .ARM.attributes
                0x0000018e       0x2e CMakeFiles/HELLOWORLD.elf.dir/Core/Src/usart.c.obj
 .ARM.attributes
                0x000001bc       0x2e CMakeFiles/HELLOWORLD.elf.dir/Drivers/STM32F4xx_HAL_Driver/Src/stm32f4xx_hal.c.obj
 .ARM.attributes
                0x000001ea       0x2e CMakeFiles/HELLOWORLD.elf.dir/Drivers/STM32F4xx_HAL_Driver/Src/stm32f4xx_hal_cortex.c.obj
 .ARM.attributes
                0x00000218       0x2e CMakeFiles/HELLOWORLD.elf.dir/Drivers/STM32F4xx_HAL_Driver/Src/stm32f4xx_hal_gpio.c.obj
 .ARM.attributes
                0x00000246       0x2e CMakeFiles/HELLOWORLD.elf.dir/Drivers/STM32F4xx_HAL_Driver/Src/stm32f4xx_hal_rcc.c.obj
 .ARM.attributes
                0x00000274       0x2e CMakeFiles/HELLOWORLD.elf.dir/Drivers/STM32F4xx_HAL_Driver/Src/stm32f4xx_hal_tim.c.obj
 .ARM.attributes
                0x000002a2       0x2e CMakeFiles/HELLOWORLD.elf.dir/Drivers/STM32F4xx_HAL_Driver/Src/stm32f4xx_hal_tim_ex.c.obj
 .ARM.attributes
                0x000002d0       0x2e CMakeFiles/HELLOWORLD.elf.dir/Drivers/STM32F4xx_HAL_Driver/Src/stm32f4xx_hal_uart.c.obj
 .ARM.attributes
                0x000002fe       0x2e CMakeFiles/HELLOWORLD.elf.dir/System/delay/delay.c.obj
 .ARM.attributes
                0x0000032c       0x2e CMakeFiles/HELLOWORLD.elf.dir/System/usart/retarget.c.obj
 .ARM.attributes
                0x0000035a       0x21 CMakeFiles/HELLOWORLD.elf.dir/startup/startup_stm32f407xx.s.obj
 .ARM.attributes
                0x0000037b       0x1e c:/mingw/gcc-arm-none-eabi-10.3-2021.10/bin/../lib/gcc/arm-none-eabi/10.3.1/thumb/v7e-m/nofp\libgcc.a(_aeabi_uldivmod.o)
 .ARM.attributes
                0x00000399       0x2e c:/mingw/gcc-arm-none-eabi-10.3-2021.10/bin/../lib/gcc/arm-none-eabi/10.3.1/thumb/v7e-m/nofp\libgcc.a(_udivmoddi4.o)
 .ARM.attributes
                0x000003c7       0x1e c:/mingw/gcc-arm-none-eabi-10.3-2021.10/bin/../lib/gcc/arm-none-eabi/10.3.1/thumb/v7e-m/nofp\libgcc.a(_dvmd_tls.o)
 .ARM.attributes
                0x000003e5       0x2e c:/mingw/gcc-arm-none-eabi-10.3-2021.10/bin/../lib/gcc/arm-none-eabi/10.3.1/../../../../arm-none-eabi/lib/thumb/v7e-m/nofp\libg.a(lib_a-errno.o)
 .ARM.attributes
                0x00000413       0x2e c:/mingw/gcc-arm-none-eabi-10.3-2021.10/bin/../lib/gcc/arm-none-eabi/10.3.1/../../../../arm-none-eabi/lib/thumb/v7e-m/nofp\libg.a(lib_a-impure.o)
 .ARM.attributes
                0x00000441       0x2e c:/mingw/gcc-arm-none-eabi-10.3-2021.10/bin/../lib/gcc/arm-none-eabi/10.3.1/../../../../arm-none-eabi/lib/thumb/v7e-m/nofp\libg.a(lib_a-init.o)
 .ARM.attributes
                0x0000046f       0x2e c:/mingw/gcc-arm-none-eabi-10.3-2021.10/bin/../lib/gcc/arm-none-eabi/10.3.1/../../../../arm-none-eabi/lib/thumb/v7e-m/nofp\libg.a(lib_a-memset.o)
 .ARM.attributes
                0x0000049d       0x2e c:/mingw/gcc-arm-none-eabi-10.3-2021.10/bin/../lib/gcc/arm-none-eabi/10.3.1/../../../../arm-none-eabi/lib/thumb/v7e-m/nofp\libg.a(lib_a-puts.o)
 .ARM.attributes
                0x000004cb       0x2e c:/mingw/gcc-arm-none-eabi-10.3-2021.10/bin/../lib/gcc/arm-none-eabi/10.3.1/../../../../arm-none-eabi/lib/thumb/v7e-m/nofp\libg.a(lib_a-setvbuf.o)
 .ARM.attributes
                0x000004f9       0x1c c:/mingw/gcc-arm-none-eabi-10.3-2021.10/bin/../lib/gcc/arm-none-eabi/10.3.1/../../../../arm-none-eabi/lib/thumb/v7e-m/nofp\libg.a(lib_a-strlen.o)
 .ARM.attributes
                0x00000515       0x2e c:/mingw/gcc-arm-none-eabi-10.3-2021.10/bin/../lib/gcc/arm-none-eabi/10.3.1/../../../../arm-none-eabi/lib/thumb/v7e-m/nofp\libg.a(lib_a-__call_atexit.o)
 .ARM.attributes
                0x00000543       0x2e c:/mingw/gcc-arm-none-eabi-10.3-2021.10/bin/../lib/gcc/arm-none-eabi/10.3.1/../../../../arm-none-eabi/lib/thumb/v7e-m/nofp\libg.a(lib_a-atexit.o)
 .ARM.attributes
                0x00000571       0x2e c:/mingw/gcc-arm-none-eabi-10.3-2021.10/bin/../lib/gcc/arm-none-eabi/10.3.1/../../../../arm-none-eabi/lib/thumb/v7e-m/nofp\libg.a(lib_a-fflush.o)
 .ARM.attributes
                0x0000059f       0x2e c:/mingw/gcc-arm-none-eabi-10.3-2021.10/bin/../lib/gcc/arm-none-eabi/10.3.1/../../../../arm-none-eabi/lib/thumb/v7e-m/nofp\libg.a(lib_a-findfp.o)
 .ARM.attributes
                0x000005cd       0x2e c:/mingw/gcc-arm-none-eabi-10.3-2021.10/bin/../lib/gcc/arm-none-eabi/10.3.1/../../../../arm-none-eabi/lib/thumb/v7e-m/nofp\libg.a(lib_a-fini.o)
 .ARM.attributes
                0x000005fb       0x2e c:/mingw/gcc-arm-none-eabi-10.3-2021.10/bin/../lib/gcc/arm-none-eabi/10.3.1/../../../../arm-none-eabi/lib/thumb/v7e-m/nofp\libg.a(lib_a-freer.o)
 .ARM.attributes
                0x00000629       0x2e c:/mingw/gcc-arm-none-eabi-10.3-2021.10/bin/../lib/gcc/arm-none-eabi/10.3.1/../../../../arm-none-eabi/lib/thumb/v7e-m/nofp\libg.a(lib_a-fvwrite.o)
 .ARM.attributes
                0x00000657       0x2e c:/mingw/gcc-arm-none-eabi-10.3-2021.10/bin/../lib/gcc/arm-none-eabi/10.3.1/../../../../arm-none-eabi/lib/thumb/v7e-m/nofp\libg.a(lib_a-fwalk.o)
 .ARM.attributes
                0x00000685       0x2e c:/mingw/gcc-arm-none-eabi-10.3-2021.10/bin/../lib/gcc/arm-none-eabi/10.3.1/../../../../arm-none-eabi/lib/thumb/v7e-m/nofp\libg.a(lib_a-lock.o)
 .ARM.attributes
                0x000006b3       0x2e c:/mingw/gcc-arm-none-eabi-10.3-2021.10/bin/../lib/gcc/arm-none-eabi/10.3.1/../../../../arm-none-eabi/lib/thumb/v7e-m/nofp\libg.a(lib_a-makebuf.o)
 .ARM.attributes
                0x000006e1       0x2e c:/mingw/gcc-arm-none-eabi-10.3-2021.10/bin/../lib/gcc/arm-none-eabi/10.3.1/../../../../arm-none-eabi/lib/thumb/v7e-m/nofp\libg.a(lib_a-malloc.o)
 .ARM.attributes
                0x0000070f       0x2e c:/mingw/gcc-arm-none-eabi-10.3-2021.10/bin/../lib/gcc/arm-none-eabi/10.3.1/../../../../arm-none-eabi/lib/thumb/v7e-m/nofp\libg.a(lib_a-mallocr.o)
 .ARM.attributes
                0x0000073d       0x1c c:/mingw/gcc-arm-none-eabi-10.3-2021.10/bin/../lib/gcc/arm-none-eabi/10.3.1/../../../../arm-none-eabi/lib/thumb/v7e-m/nofp\libg.a(lib_a-memchr.o)
 .ARM.attributes
                0x00000759       0x1c c:/mingw/gcc-arm-none-eabi-10.3-2021.10/bin/../lib/gcc/arm-none-eabi/10.3.1/../../../../arm-none-eabi/lib/thumb/v7e-m/nofp\libg.a(lib_a-memcpy.o)
 .ARM.attributes
                0x00000775       0x2e c:/mingw/gcc-arm-none-eabi-10.3-2021.10/bin/../lib/gcc/arm-none-eabi/10.3.1/../../../../arm-none-eabi/lib/thumb/v7e-m/nofp\libg.a(lib_a-memmove.o)
 .ARM.attributes
                0x000007a3       0x2e c:/mingw/gcc-arm-none-eabi-10.3-2021.10/bin/../lib/gcc/arm-none-eabi/10.3.1/../../../../arm-none-eabi/lib/thumb/v7e-m/nofp\libg.a(lib_a-mlock.o)
 .ARM.attributes
                0x000007d1       0x2e c:/mingw/gcc-arm-none-eabi-10.3-2021.10/bin/../lib/gcc/arm-none-eabi/10.3.1/../../../../arm-none-eabi/lib/thumb/v7e-m/nofp\libg.a(lib_a-reallocr.o)
 .ARM.attributes
                0x000007ff       0x2e c:/mingw/gcc-arm-none-eabi-10.3-2021.10/bin/../lib/gcc/arm-none-eabi/10.3.1/../../../../arm-none-eabi/lib/thumb/v7e-m/nofp\libg.a(lib_a-sbrkr.o)
 .ARM.attributes
                0x0000082d       0x2e c:/mingw/gcc-arm-none-eabi-10.3-2021.10/bin/../lib/gcc/arm-none-eabi/10.3.1/../../../../arm-none-eabi/lib/thumb/v7e-m/nofp\libg.a(lib_a-stdio.o)
 .ARM.attributes
                0x0000085b       0x2e c:/mingw/gcc-arm-none-eabi-10.3-2021.10/bin/../lib/gcc/arm-none-eabi/10.3.1/../../../../arm-none-eabi/lib/thumb/v7e-m/nofp\libg.a(lib_a-writer.o)
 .ARM.attributes
                0x00000889       0x2e c:/mingw/gcc-arm-none-eabi-10.3-2021.10/bin/../lib/gcc/arm-none-eabi/10.3.1/../../../../arm-none-eabi/lib/thumb/v7e-m/nofp\libg.a(lib_a-wsetup.o)
 .ARM.attributes
                0x000008b7       0x2e c:/mingw/gcc-arm-none-eabi-10.3-2021.10/bin/../lib/gcc/arm-none-eabi/10.3.1/../../../../arm-none-eabi/lib/thumb/v7e-m/nofp\libg.a(lib_a-__atexit.o)
 .ARM.attributes
                0x000008e5       0x2e c:/mingw/gcc-arm-none-eabi-10.3-2021.10/bin/../lib/gcc/arm-none-eabi/10.3.1/../../../../arm-none-eabi/lib/thumb/v7e-m/nofp\libg.a(lib_a-closer.o)
 .ARM.attributes
                0x00000913       0x2e c:/mingw/gcc-arm-none-eabi-10.3-2021.10/bin/../lib/gcc/arm-none-eabi/10.3.1/../../../../arm-none-eabi/lib/thumb/v7e-m/nofp\libg.a(lib_a-fclose.o)
 .ARM.attributes
                0x00000941       0x2e c:/mingw/gcc-arm-none-eabi-10.3-2021.10/bin/../lib/gcc/arm-none-eabi/10.3.1/../../../../arm-none-eabi/lib/thumb/v7e-m/nofp\libg.a(lib_a-fstatr.o)
 .ARM.attributes
                0x0000096f       0x2e c:/mingw/gcc-arm-none-eabi-10.3-2021.10/bin/../lib/gcc/arm-none-eabi/10.3.1/../../../../arm-none-eabi/lib/thumb/v7e-m/nofp\libg.a(lib_a-isattyr.o)
 .ARM.attributes
                0x0000099d       0x2e c:/mingw/gcc-arm-none-eabi-10.3-2021.10/bin/../lib/gcc/arm-none-eabi/10.3.1/../../../../arm-none-eabi/lib/thumb/v7e-m/nofp\libg.a(lib_a-lseekr.o)
 .ARM.attributes
                0x000009cb       0x2e c:/mingw/gcc-arm-none-eabi-10.3-2021.10/bin/../lib/gcc/arm-none-eabi/10.3.1/../../../../arm-none-eabi/lib/thumb/v7e-m/nofp\libg.a(lib_a-readr.o)
 .ARM.attributes
                0x000009f9       0x2e c:/mingw/gcc-arm-none-eabi-10.3-2021.10/bin/../lib/gcc/arm-none-eabi/10.3.1/../../../../arm-none-eabi/lib/thumb/v7e-m/nofp\libg.a(lib_a-reent.o)
 .ARM.attributes
                0x00000a27       0x1e c:/mingw/gcc-arm-none-eabi-10.3-2021.10/bin/../lib/gcc/arm-none-eabi/10.3.1/thumb/v7e-m/nofp/crtn.o
OUTPUT(HELLOWORLD.elf elf32-littlearm)
LOAD linker stubs
LOAD c:/mingw/gcc-arm-none-eabi-10.3-2021.10/bin/../lib/gcc/arm-none-eabi/10.3.1/../../../../arm-none-eabi/lib/thumb/v7e-m/nofp\libc.a
LOAD c:/mingw/gcc-arm-none-eabi-10.3-2021.10/bin/../lib/gcc/arm-none-eabi/10.3.1/../../../../arm-none-eabi/lib/thumb/v7e-m/nofp\libm.a
LOAD c:/mingw/gcc-arm-none-eabi-10.3-2021.10/bin/../lib/gcc/arm-none-eabi/10.3.1/thumb/v7e-m/nofp\libgcc.a

.debug_info     0x00000000    0x10d9d
 .debug_info    0x00000000      0x2a4 CMakeFiles/HELLOWORLD.elf.dir/Core/Src/gpio.c.obj
 .debug_info    0x000002a4      0xadb CMakeFiles/HELLOWORLD.elf.dir/Core/Src/main.c.obj
 .debug_info    0x00000d7f      0x2a4 CMakeFiles/HELLOWORLD.elf.dir/Core/Src/stm32f4xx_hal_msp.c.obj
 .debug_info    0x00001023      0x12f CMakeFiles/HELLOWORLD.elf.dir/Core/Src/stm32f4xx_it.c.obj
 .debug_info    0x00001152      0x835 CMakeFiles/HELLOWORLD.elf.dir/Core/Src/syscalls.c.obj
 .debug_info    0x00001987      0x37d CMakeFiles/HELLOWORLD.elf.dir/Core/Src/system_stm32f4xx.c.obj
 .debug_info    0x00001d04      0xcbe CMakeFiles/HELLOWORLD.elf.dir/Core/Src/tim.c.obj
 .debug_info    0x000029c2      0x9ce CMakeFiles/HELLOWORLD.elf.dir/Core/Src/usart.c.obj
 .debug_info    0x00003390      0x9f0 CMakeFiles/HELLOWORLD.elf.dir/Drivers/STM32F4xx_HAL_Driver/Src/stm32f4xx_hal.c.obj
 .debug_info    0x00003d80     0x1098 CMakeFiles/HELLOWORLD.elf.dir/Drivers/STM32F4xx_HAL_Driver/Src/stm32f4xx_hal_cortex.c.obj
 .debug_info    0x00004e18      0x7b0 CMakeFiles/HELLOWORLD.elf.dir/Drivers/STM32F4xx_HAL_Driver/Src/stm32f4xx_hal_gpio.c.obj
 .debug_info    0x000055c8      0xb03 CMakeFiles/HELLOWORLD.elf.dir/Drivers/STM32F4xx_HAL_Driver/Src/stm32f4xx_hal_rcc.c.obj
 .debug_info    0x000060cb     0x3d5b CMakeFiles/HELLOWORLD.elf.dir/Drivers/STM32F4xx_HAL_Driver/Src/stm32f4xx_hal_tim.c.obj
 .debug_info    0x00009e26     0x1ade CMakeFiles/HELLOWORLD.elf.dir/Drivers/STM32F4xx_HAL_Driver/Src/stm32f4xx_hal_tim_ex.c.obj
 .debug_info    0x0000b904     0x424e CMakeFiles/HELLOWORLD.elf.dir/Drivers/STM32F4xx_HAL_Driver/Src/stm32f4xx_hal_uart.c.obj
 .debug_info    0x0000fb52      0x233 CMakeFiles/HELLOWORLD.elf.dir/System/delay/delay.c.obj
 .debug_info    0x0000fd85      0xff6 CMakeFiles/HELLOWORLD.elf.dir/System/usart/retarget.c.obj
 .debug_info    0x00010d7b       0x22 CMakeFiles/HELLOWORLD.elf.dir/startup/startup_stm32f407xx.s.obj

.debug_abbrev   0x00000000     0x2040
 .debug_abbrev  0x00000000       0xd1 CMakeFiles/HELLOWORLD.elf.dir/Core/Src/gpio.c.obj
 .debug_abbrev  0x000000d1      0x20d CMakeFiles/HELLOWORLD.elf.dir/Core/Src/main.c.obj
 .debug_abbrev  0x000002de       0xd1 CMakeFiles/HELLOWORLD.elf.dir/Core/Src/stm32f4xx_hal_msp.c.obj
 .debug_abbrev  0x000003af       0x7e CMakeFiles/HELLOWORLD.elf.dir/Core/Src/stm32f4xx_it.c.obj
 .debug_abbrev  0x0000042d      0x1da CMakeFiles/HELLOWORLD.elf.dir/Core/Src/syscalls.c.obj
 .debug_abbrev  0x00000607      0x119 CMakeFiles/HELLOWORLD.elf.dir/Core/Src/system_stm32f4xx.c.obj
 .debug_abbrev  0x00000720      0x200 CMakeFiles/HELLOWORLD.elf.dir/Core/Src/tim.c.obj
 .debug_abbrev  0x00000920      0x1da CMakeFiles/HELLOWORLD.elf.dir/Core/Src/usart.c.obj
 .debug_abbrev  0x00000afa      0x206 CMakeFiles/HELLOWORLD.elf.dir/Drivers/STM32F4xx_HAL_Driver/Src/stm32f4xx_hal.c.obj
 .debug_abbrev  0x00000d00      0x36a CMakeFiles/HELLOWORLD.elf.dir/Drivers/STM32F4xx_HAL_Driver/Src/stm32f4xx_hal_cortex.c.obj
 .debug_abbrev  0x0000106a      0x1ef CMakeFiles/HELLOWORLD.elf.dir/Drivers/STM32F4xx_HAL_Driver/Src/stm32f4xx_hal_gpio.c.obj
 .debug_abbrev  0x00001259      0x28a CMakeFiles/HELLOWORLD.elf.dir/Drivers/STM32F4xx_HAL_Driver/Src/stm32f4xx_hal_rcc.c.obj
 .debug_abbrev  0x000014e3      0x22b CMakeFiles/HELLOWORLD.elf.dir/Drivers/STM32F4xx_HAL_Driver/Src/stm32f4xx_hal_tim.c.obj
 .debug_abbrev  0x0000170e      0x241 CMakeFiles/HELLOWORLD.elf.dir/Drivers/STM32F4xx_HAL_Driver/Src/stm32f4xx_hal_tim_ex.c.obj
 .debug_abbrev  0x0000194f      0x2fd CMakeFiles/HELLOWORLD.elf.dir/Drivers/STM32F4xx_HAL_Driver/Src/stm32f4xx_hal_uart.c.obj
 .debug_abbrev  0x00001c4c      0x12e CMakeFiles/HELLOWORLD.elf.dir/System/delay/delay.c.obj
 .debug_abbrev  0x00001d7a      0x2b4 CMakeFiles/HELLOWORLD.elf.dir/System/usart/retarget.c.obj
 .debug_abbrev  0x0000202e       0x12 CMakeFiles/HELLOWORLD.elf.dir/startup/startup_stm32f407xx.s.obj

.debug_aranges  0x00000000      0xc48
 .debug_aranges
                0x00000000       0x20 CMakeFiles/HELLOWORLD.elf.dir/Core/Src/gpio.c.obj
 .debug_aranges
                0x00000020       0x30 CMakeFiles/HELLOWORLD.elf.dir/Core/Src/main.c.obj
 .debug_aranges
                0x00000050       0x20 CMakeFiles/HELLOWORLD.elf.dir/Core/Src/stm32f4xx_hal_msp.c.obj
 .debug_aranges
                0x00000070       0x60 CMakeFiles/HELLOWORLD.elf.dir/Core/Src/stm32f4xx_it.c.obj
 .debug_aranges
                0x000000d0       0xb0 CMakeFiles/HELLOWORLD.elf.dir/Core/Src/syscalls.c.obj
 .debug_aranges
                0x00000180       0x28 CMakeFiles/HELLOWORLD.elf.dir/Core/Src/system_stm32f4xx.c.obj
 .debug_aranges
                0x000001a8       0x38 CMakeFiles/HELLOWORLD.elf.dir/Core/Src/tim.c.obj
 .debug_aranges
                0x000001e0       0x30 CMakeFiles/HELLOWORLD.elf.dir/Core/Src/usart.c.obj
 .debug_aranges
                0x00000210       0xf0 CMakeFiles/HELLOWORLD.elf.dir/Drivers/STM32F4xx_HAL_Driver/Src/stm32f4xx_hal.c.obj
 .debug_aranges
                0x00000300       0xa8 CMakeFiles/HELLOWORLD.elf.dir/Drivers/STM32F4xx_HAL_Driver/Src/stm32f4xx_hal_cortex.c.obj
 .debug_aranges
                0x000003a8       0x58 CMakeFiles/HELLOWORLD.elf.dir/Drivers/STM32F4xx_HAL_Driver/Src/stm32f4xx_hal_gpio.c.obj
 .debug_aranges
                0x00000400       0x88 CMakeFiles/HELLOWORLD.elf.dir/Drivers/STM32F4xx_HAL_Driver/Src/stm32f4xx_hal_rcc.c.obj
 .debug_aranges
                0x00000488      0x3d0 CMakeFiles/HELLOWORLD.elf.dir/Drivers/STM32F4xx_HAL_Driver/Src/stm32f4xx_hal_tim.c.obj
 .debug_aranges
                0x00000858      0x168 CMakeFiles/HELLOWORLD.elf.dir/Drivers/STM32F4xx_HAL_Driver/Src/stm32f4xx_hal_tim_ex.c.obj
 .debug_aranges
                0x000009c0      0x200 CMakeFiles/HELLOWORLD.elf.dir/Drivers/STM32F4xx_HAL_Driver/Src/stm32f4xx_hal_uart.c.obj
 .debug_aranges
                0x00000bc0       0x30 CMakeFiles/HELLOWORLD.elf.dir/System/delay/delay.c.obj
 .debug_aranges
                0x00000bf0       0x30 CMakeFiles/HELLOWORLD.elf.dir/System/usart/retarget.c.obj
 .debug_aranges
                0x00000c20       0x28 CMakeFiles/HELLOWORLD.elf.dir/startup/startup_stm32f407xx.s.obj

.debug_ranges   0x00000000      0xbc0
 .debug_ranges  0x00000000       0x10 CMakeFiles/HELLOWORLD.elf.dir/Core/Src/gpio.c.obj
 .debug_ranges  0x00000010       0x20 CMakeFiles/HELLOWORLD.elf.dir/Core/Src/main.c.obj
 .debug_ranges  0x00000030       0x10 CMakeFiles/HELLOWORLD.elf.dir/Core/Src/stm32f4xx_hal_msp.c.obj
 .debug_ranges  0x00000040       0x50 CMakeFiles/HELLOWORLD.elf.dir/Core/Src/stm32f4xx_it.c.obj
 .debug_ranges  0x00000090       0xa0 CMakeFiles/HELLOWORLD.elf.dir/Core/Src/syscalls.c.obj
 .debug_ranges  0x00000130       0x18 CMakeFiles/HELLOWORLD.elf.dir/Core/Src/system_stm32f4xx.c.obj
 .debug_ranges  0x00000148       0x28 CMakeFiles/HELLOWORLD.elf.dir/Core/Src/tim.c.obj
 .debug_ranges  0x00000170       0x20 CMakeFiles/HELLOWORLD.elf.dir/Core/Src/usart.c.obj
 .debug_ranges  0x00000190       0xe0 CMakeFiles/HELLOWORLD.elf.dir/Drivers/STM32F4xx_HAL_Driver/Src/stm32f4xx_hal.c.obj
 .debug_ranges  0x00000270       0xf8 CMakeFiles/HELLOWORLD.elf.dir/Drivers/STM32F4xx_HAL_Driver/Src/stm32f4xx_hal_cortex.c.obj
 .debug_ranges  0x00000368       0x48 CMakeFiles/HELLOWORLD.elf.dir/Drivers/STM32F4xx_HAL_Driver/Src/stm32f4xx_hal_gpio.c.obj
 .debug_ranges  0x000003b0       0x90 CMakeFiles/HELLOWORLD.elf.dir/Drivers/STM32F4xx_HAL_Driver/Src/stm32f4xx_hal_rcc.c.obj
 .debug_ranges  0x00000440      0x3c0 CMakeFiles/HELLOWORLD.elf.dir/Drivers/STM32F4xx_HAL_Driver/Src/stm32f4xx_hal_tim.c.obj
 .debug_ranges  0x00000800      0x158 CMakeFiles/HELLOWORLD.elf.dir/Drivers/STM32F4xx_HAL_Driver/Src/stm32f4xx_hal_tim_ex.c.obj
 .debug_ranges  0x00000958      0x208 CMakeFiles/HELLOWORLD.elf.dir/Drivers/STM32F4xx_HAL_Driver/Src/stm32f4xx_hal_uart.c.obj
 .debug_ranges  0x00000b60       0x20 CMakeFiles/HELLOWORLD.elf.dir/System/delay/delay.c.obj
 .debug_ranges  0x00000b80       0x20 CMakeFiles/HELLOWORLD.elf.dir/System/usart/retarget.c.obj
 .debug_ranges  0x00000ba0       0x20 CMakeFiles/HELLOWORLD.elf.dir/startup/startup_stm32f407xx.s.obj

.debug_line     0x00000000     0xf42b
 .debug_line    0x00000000      0x1c5 CMakeFiles/HELLOWORLD.elf.dir/Core/Src/gpio.c.obj
 .debug_line    0x000001c5      0x560 CMakeFiles/HELLOWORLD.elf.dir/Core/Src/main.c.obj
 .debug_line    0x00000725      0x1d2 CMakeFiles/HELLOWORLD.elf.dir/Core/Src/stm32f4xx_hal_msp.c.obj
 .debug_line    0x000008f7      0x205 CMakeFiles/HELLOWORLD.elf.dir/Core/Src/stm32f4xx_it.c.obj
 .debug_line    0x00000afc      0x481 CMakeFiles/HELLOWORLD.elf.dir/Core/Src/syscalls.c.obj
 .debug_line    0x00000f7d      0x29b CMakeFiles/HELLOWORLD.elf.dir/Core/Src/system_stm32f4xx.c.obj
 .debug_line    0x00001218      0x468 CMakeFiles/HELLOWORLD.elf.dir/Core/Src/tim.c.obj
 .debug_line    0x00001680      0x3cb CMakeFiles/HELLOWORLD.elf.dir/Core/Src/usart.c.obj
 .debug_line    0x00001a4b      0x66b CMakeFiles/HELLOWORLD.elf.dir/Drivers/STM32F4xx_HAL_Driver/Src/stm32f4xx_hal.c.obj
 .debug_line    0x000020b6      0x87e CMakeFiles/HELLOWORLD.elf.dir/Drivers/STM32F4xx_HAL_Driver/Src/stm32f4xx_hal_cortex.c.obj
 .debug_line    0x00002934      0x7a0 CMakeFiles/HELLOWORLD.elf.dir/Drivers/STM32F4xx_HAL_Driver/Src/stm32f4xx_hal_gpio.c.obj
 .debug_line    0x000030d4      0xbce CMakeFiles/HELLOWORLD.elf.dir/Drivers/STM32F4xx_HAL_Driver/Src/stm32f4xx_hal_rcc.c.obj
 .debug_line    0x00003ca2     0x4b61 CMakeFiles/HELLOWORLD.elf.dir/Drivers/STM32F4xx_HAL_Driver/Src/stm32f4xx_hal_tim.c.obj
 .debug_line    0x00008803     0x1d85 CMakeFiles/HELLOWORLD.elf.dir/Drivers/STM32F4xx_HAL_Driver/Src/stm32f4xx_hal_tim_ex.c.obj
 .debug_line    0x0000a588     0x46f4 CMakeFiles/HELLOWORLD.elf.dir/Drivers/STM32F4xx_HAL_Driver/Src/stm32f4xx_hal_uart.c.obj
 .debug_line    0x0000ec7c      0x308 CMakeFiles/HELLOWORLD.elf.dir/System/delay/delay.c.obj
 .debug_line    0x0000ef84      0x3e2 CMakeFiles/HELLOWORLD.elf.dir/System/usart/retarget.c.obj
 .debug_line    0x0000f366       0xc5 CMakeFiles/HELLOWORLD.elf.dir/startup/startup_stm32f407xx.s.obj

.debug_str      0x00000000     0x43fb
 .debug_str     0x00000000      0x2e7 CMakeFiles/HELLOWORLD.elf.dir/Core/Src/gpio.c.obj
                                0x329 (size before relaxing)
 .debug_str     0x000002e7      0x648 CMakeFiles/HELLOWORLD.elf.dir/Core/Src/main.c.obj
                                0x982 (size before relaxing)
 .debug_str     0x0000092f       0x70 CMakeFiles/HELLOWORLD.elf.dir/Core/Src/stm32f4xx_hal_msp.c.obj
                                0x335 (size before relaxing)
 .debug_str     0x0000099f       0xfb CMakeFiles/HELLOWORLD.elf.dir/Core/Src/stm32f4xx_it.c.obj
                                0x2a9 (size before relaxing)
 .debug_str     0x00000a9a      0x282 CMakeFiles/HELLOWORLD.elf.dir/Core/Src/syscalls.c.obj
                                0x4a7 (size before relaxing)
 .debug_str     0x00000d1c       0xcb CMakeFiles/HELLOWORLD.elf.dir/Core/Src/system_stm32f4xx.c.obj
                                0x39b (size before relaxing)
 .debug_str     0x00000de7      0x54c CMakeFiles/HELLOWORLD.elf.dir/Core/Src/tim.c.obj
                                0xb03 (size before relaxing)
 .debug_str     0x00001333       0xa5 CMakeFiles/HELLOWORLD.elf.dir/Core/Src/usart.c.obj
                                0x876 (size before relaxing)
 .debug_str     0x000013d8      0x8a3 CMakeFiles/HELLOWORLD.elf.dir/Drivers/STM32F4xx_HAL_Driver/Src/stm32f4xx_hal.c.obj
                                0xbd4 (size before relaxing)
 .debug_str     0x00001c7b      0x4f6 CMakeFiles/HELLOWORLD.elf.dir/Drivers/STM32F4xx_HAL_Driver/Src/stm32f4xx_hal_cortex.c.obj
                                0xca6 (size before relaxing)
 .debug_str     0x00002171      0x19a CMakeFiles/HELLOWORLD.elf.dir/Drivers/STM32F4xx_HAL_Driver/Src/stm32f4xx_hal_gpio.c.obj
                                0x55a (size before relaxing)
 .debug_str     0x0000230b      0x1e8 CMakeFiles/HELLOWORLD.elf.dir/Drivers/STM32F4xx_HAL_Driver/Src/stm32f4xx_hal_rcc.c.obj
                                0x780 (size before relaxing)
 .debug_str     0x000024f3      0xe45 CMakeFiles/HELLOWORLD.elf.dir/Drivers/STM32F4xx_HAL_Driver/Src/stm32f4xx_hal_tim.c.obj
                               0x1733 (size before relaxing)
 .debug_str     0x00003338      0x568 CMakeFiles/HELLOWORLD.elf.dir/Drivers/STM32F4xx_HAL_Driver/Src/stm32f4xx_hal_tim_ex.c.obj
                                0xf34 (size before relaxing)
 .debug_str     0x000038a0      0x65f CMakeFiles/HELLOWORLD.elf.dir/Drivers/STM32F4xx_HAL_Driver/Src/stm32f4xx_hal_uart.c.obj
                                0xdd3 (size before relaxing)
 .debug_str     0x00003eff       0x8d CMakeFiles/HELLOWORLD.elf.dir/System/delay/delay.c.obj
                                0x2b2 (size before relaxing)
 .debug_str     0x00003f8c      0x3fc CMakeFiles/HELLOWORLD.elf.dir/System/usart/retarget.c.obj
                                0xac3 (size before relaxing)
 .debug_str     0x00004388       0x73 CMakeFiles/HELLOWORLD.elf.dir/startup/startup_stm32f407xx.s.obj
                                 0xcc (size before relaxing)

.comment        0x00000000       0x49
 .comment       0x00000000       0x49 CMakeFiles/HELLOWORLD.elf.dir/Core/Src/gpio.c.obj
                                 0x4a (size before relaxing)
 .comment       0x00000049       0x4a CMakeFiles/HELLOWORLD.elf.dir/Core/Src/main.c.obj
 .comment       0x00000049       0x4a CMakeFiles/HELLOWORLD.elf.dir/Core/Src/stm32f4xx_hal_msp.c.obj
 .comment       0x00000049       0x4a CMakeFiles/HELLOWORLD.elf.dir/Core/Src/stm32f4xx_it.c.obj
 .comment       0x00000049       0x4a CMakeFiles/HELLOWORLD.elf.dir/Core/Src/syscalls.c.obj
 .comment       0x00000049       0x4a CMakeFiles/HELLOWORLD.elf.dir/Core/Src/system_stm32f4xx.c.obj
 .comment       0x00000049       0x4a CMakeFiles/HELLOWORLD.elf.dir/Core/Src/tim.c.obj
 .comment       0x00000049       0x4a CMakeFiles/HELLOWORLD.elf.dir/Core/Src/usart.c.obj
 .comment       0x00000049       0x4a CMakeFiles/HELLOWORLD.elf.dir/Drivers/STM32F4xx_HAL_Driver/Src/stm32f4xx_hal.c.obj
 .comment       0x00000049       0x4a CMakeFiles/HELLOWORLD.elf.dir/Drivers/STM32F4xx_HAL_Driver/Src/stm32f4xx_hal_cortex.c.obj
 .comment       0x00000049       0x4a CMakeFiles/HELLOWORLD.elf.dir/Drivers/STM32F4xx_HAL_Driver/Src/stm32f4xx_hal_gpio.c.obj
 .comment       0x00000049       0x4a CMakeFiles/HELLOWORLD.elf.dir/Drivers/STM32F4xx_HAL_Driver/Src/stm32f4xx_hal_rcc.c.obj
 .comment       0x00000049       0x4a CMakeFiles/HELLOWORLD.elf.dir/Drivers/STM32F4xx_HAL_Driver/Src/stm32f4xx_hal_tim.c.obj
 .comment       0x00000049       0x4a CMakeFiles/HELLOWORLD.elf.dir/Drivers/STM32F4xx_HAL_Driver/Src/stm32f4xx_hal_tim_ex.c.obj
 .comment       0x00000049       0x4a CMakeFiles/HELLOWORLD.elf.dir/Drivers/STM32F4xx_HAL_Driver/Src/stm32f4xx_hal_uart.c.obj
 .comment       0x00000049       0x4a CMakeFiles/HELLOWORLD.elf.dir/System/delay/delay.c.obj
 .comment       0x00000049       0x4a CMakeFiles/HELLOWORLD.elf.dir/System/usart/retarget.c.obj

.debug_frame    0x00000000     0x2944
 .debug_frame   0x00000000       0x28 CMakeFiles/HELLOWORLD.elf.dir/Core/Src/gpio.c.obj
 .debug_frame   0x00000028       0x58 CMakeFiles/HELLOWORLD.elf.dir/Core/Src/main.c.obj
 .debug_frame   0x00000080       0x28 CMakeFiles/HELLOWORLD.elf.dir/Core/Src/stm32f4xx_hal_msp.c.obj
 .debug_frame   0x000000a8       0xa8 CMakeFiles/HELLOWORLD.elf.dir/Core/Src/stm32f4xx_it.c.obj
 .debug_frame   0x00000150      0x1a8 CMakeFiles/HELLOWORLD.elf.dir/Core/Src/syscalls.c.obj
 .debug_frame   0x000002f8       0x30 CMakeFiles/HELLOWORLD.elf.dir/Core/Src/system_stm32f4xx.c.obj
 .debug_frame   0x00000328       0x78 CMakeFiles/HELLOWORLD.elf.dir/Core/Src/tim.c.obj
 .debug_frame   0x000003a0       0x60 CMakeFiles/HELLOWORLD.elf.dir/Core/Src/usart.c.obj
 .debug_frame   0x00000400      0x1ec CMakeFiles/HELLOWORLD.elf.dir/Drivers/STM32F4xx_HAL_Driver/Src/stm32f4xx_hal.c.obj
 .debug_frame   0x000005ec      0x148 CMakeFiles/HELLOWORLD.elf.dir/Drivers/STM32F4xx_HAL_Driver/Src/stm32f4xx_hal_cortex.c.obj
 .debug_frame   0x00000734       0xd8 CMakeFiles/HELLOWORLD.elf.dir/Drivers/STM32F4xx_HAL_Driver/Src/stm32f4xx_hal_gpio.c.obj
 .debug_frame   0x0000080c      0x16c CMakeFiles/HELLOWORLD.elf.dir/Drivers/STM32F4xx_HAL_Driver/Src/stm32f4xx_hal_rcc.c.obj
 .debug_frame   0x00000978      0xb04 CMakeFiles/HELLOWORLD.elf.dir/Drivers/STM32F4xx_HAL_Driver/Src/stm32f4xx_hal_tim.c.obj
 .debug_frame   0x0000147c      0x40c CMakeFiles/HELLOWORLD.elf.dir/Drivers/STM32F4xx_HAL_Driver/Src/stm32f4xx_hal_tim_ex.c.obj
 .debug_frame   0x00001888      0x5cc CMakeFiles/HELLOWORLD.elf.dir/Drivers/STM32F4xx_HAL_Driver/Src/stm32f4xx_hal_uart.c.obj
 .debug_frame   0x00001e54       0x60 CMakeFiles/HELLOWORLD.elf.dir/System/delay/delay.c.obj
 .debug_frame   0x00001eb4       0x58 CMakeFiles/HELLOWORLD.elf.dir/System/usart/retarget.c.obj
 .debug_frame   0x00001f0c       0x2c c:/mingw/gcc-arm-none-eabi-10.3-2021.10/bin/../lib/gcc/arm-none-eabi/10.3.1/thumb/v7e-m/nofp\libgcc.a(_aeabi_uldivmod.o)
 .debug_frame   0x00001f38       0x34 c:/mingw/gcc-arm-none-eabi-10.3-2021.10/bin/../lib/gcc/arm-none-eabi/10.3.1/thumb/v7e-m/nofp\libgcc.a(_udivmoddi4.o)
 .debug_frame   0x00001f6c       0x20 c:/mingw/gcc-arm-none-eabi-10.3-2021.10/bin/../lib/gcc/arm-none-eabi/10.3.1/../../../../arm-none-eabi/lib/thumb/v7e-m/nofp\libg.a(lib_a-errno.o)
 .debug_frame   0x00001f8c       0x2c c:/mingw/gcc-arm-none-eabi-10.3-2021.10/bin/../lib/gcc/arm-none-eabi/10.3.1/../../../../arm-none-eabi/lib/thumb/v7e-m/nofp\libg.a(lib_a-init.o)
 .debug_frame   0x00001fb8       0x2c c:/mingw/gcc-arm-none-eabi-10.3-2021.10/bin/../lib/gcc/arm-none-eabi/10.3.1/../../../../arm-none-eabi/lib/thumb/v7e-m/nofp\libg.a(lib_a-memset.o)
 .debug_frame   0x00001fe4       0x4c c:/mingw/gcc-arm-none-eabi-10.3-2021.10/bin/../lib/gcc/arm-none-eabi/10.3.1/../../../../arm-none-eabi/lib/thumb/v7e-m/nofp\libg.a(lib_a-puts.o)
 .debug_frame   0x00002030       0x48 c:/mingw/gcc-arm-none-eabi-10.3-2021.10/bin/../lib/gcc/arm-none-eabi/10.3.1/../../../../arm-none-eabi/lib/thumb/v7e-m/nofp\libg.a(lib_a-setvbuf.o)
 .debug_frame   0x00002078       0x5c c:/mingw/gcc-arm-none-eabi-10.3-2021.10/bin/../lib/gcc/arm-none-eabi/10.3.1/../../../../arm-none-eabi/lib/thumb/v7e-m/nofp\libg.a(lib_a-__call_atexit.o)
 .debug_frame   0x000020d4       0x20 c:/mingw/gcc-arm-none-eabi-10.3-2021.10/bin/../lib/gcc/arm-none-eabi/10.3.1/../../../../arm-none-eabi/lib/thumb/v7e-m/nofp\libg.a(lib_a-atexit.o)
 .debug_frame   0x000020f4       0x70 c:/mingw/gcc-arm-none-eabi-10.3-2021.10/bin/../lib/gcc/arm-none-eabi/10.3.1/../../../../arm-none-eabi/lib/thumb/v7e-m/nofp\libg.a(lib_a-fflush.o)
 .debug_frame   0x00002164      0x154 c:/mingw/gcc-arm-none-eabi-10.3-2021.10/bin/../lib/gcc/arm-none-eabi/10.3.1/../../../../arm-none-eabi/lib/thumb/v7e-m/nofp\libg.a(lib_a-findfp.o)
 .debug_frame   0x000022b8       0x34 c:/mingw/gcc-arm-none-eabi-10.3-2021.10/bin/../lib/gcc/arm-none-eabi/10.3.1/../../../../arm-none-eabi/lib/thumb/v7e-m/nofp\libg.a(lib_a-fini.o)
 .debug_frame   0x000022ec       0x8c c:/mingw/gcc-arm-none-eabi-10.3-2021.10/bin/../lib/gcc/arm-none-eabi/10.3.1/../../../../arm-none-eabi/lib/thumb/v7e-m/nofp\libg.a(lib_a-freer.o)
 .debug_frame   0x00002378       0x64 c:/mingw/gcc-arm-none-eabi-10.3-2021.10/bin/../lib/gcc/arm-none-eabi/10.3.1/../../../../arm-none-eabi/lib/thumb/v7e-m/nofp\libg.a(lib_a-fvwrite.o)
 .debug_frame   0x000023dc       0x54 c:/mingw/gcc-arm-none-eabi-10.3-2021.10/bin/../lib/gcc/arm-none-eabi/10.3.1/../../../../arm-none-eabi/lib/thumb/v7e-m/nofp\libg.a(lib_a-fwalk.o)
 .debug_frame   0x00002430       0xb0 c:/mingw/gcc-arm-none-eabi-10.3-2021.10/bin/../lib/gcc/arm-none-eabi/10.3.1/../../../../arm-none-eabi/lib/thumb/v7e-m/nofp\libg.a(lib_a-lock.o)
 .debug_frame   0x000024e0       0x70 c:/mingw/gcc-arm-none-eabi-10.3-2021.10/bin/../lib/gcc/arm-none-eabi/10.3.1/../../../../arm-none-eabi/lib/thumb/v7e-m/nofp\libg.a(lib_a-makebuf.o)
 .debug_frame   0x00002550       0x30 c:/mingw/gcc-arm-none-eabi-10.3-2021.10/bin/../lib/gcc/arm-none-eabi/10.3.1/../../../../arm-none-eabi/lib/thumb/v7e-m/nofp\libg.a(lib_a-malloc.o)
 .debug_frame   0x00002580       0x4c c:/mingw/gcc-arm-none-eabi-10.3-2021.10/bin/../lib/gcc/arm-none-eabi/10.3.1/../../../../arm-none-eabi/lib/thumb/v7e-m/nofp\libg.a(lib_a-mallocr.o)
 .debug_frame   0x000025cc       0x40 c:/mingw/gcc-arm-none-eabi-10.3-2021.10/bin/../lib/gcc/arm-none-eabi/10.3.1/../../../../arm-none-eabi/lib/thumb/v7e-m/nofp\libg.a(lib_a-memmove.o)
 .debug_frame   0x0000260c       0x30 c:/mingw/gcc-arm-none-eabi-10.3-2021.10/bin/../lib/gcc/arm-none-eabi/10.3.1/../../../../arm-none-eabi/lib/thumb/v7e-m/nofp\libg.a(lib_a-mlock.o)
 .debug_frame   0x0000263c       0x48 c:/mingw/gcc-arm-none-eabi-10.3-2021.10/bin/../lib/gcc/arm-none-eabi/10.3.1/../../../../arm-none-eabi/lib/thumb/v7e-m/nofp\libg.a(lib_a-reallocr.o)
 .debug_frame   0x00002684       0x2c c:/mingw/gcc-arm-none-eabi-10.3-2021.10/bin/../lib/gcc/arm-none-eabi/10.3.1/../../../../arm-none-eabi/lib/thumb/v7e-m/nofp\libg.a(lib_a-sbrkr.o)
 .debug_frame   0x000026b0       0x8c c:/mingw/gcc-arm-none-eabi-10.3-2021.10/bin/../lib/gcc/arm-none-eabi/10.3.1/../../../../arm-none-eabi/lib/thumb/v7e-m/nofp\libg.a(lib_a-stdio.o)
 .debug_frame   0x0000273c       0x2c c:/mingw/gcc-arm-none-eabi-10.3-2021.10/bin/../lib/gcc/arm-none-eabi/10.3.1/../../../../arm-none-eabi/lib/thumb/v7e-m/nofp\libg.a(lib_a-writer.o)
 .debug_frame   0x00002768       0x2c c:/mingw/gcc-arm-none-eabi-10.3-2021.10/bin/../lib/gcc/arm-none-eabi/10.3.1/../../../../arm-none-eabi/lib/thumb/v7e-m/nofp\libg.a(lib_a-wsetup.o)
 .debug_frame   0x00002794       0x34 c:/mingw/gcc-arm-none-eabi-10.3-2021.10/bin/../lib/gcc/arm-none-eabi/10.3.1/../../../../arm-none-eabi/lib/thumb/v7e-m/nofp\libg.a(lib_a-__atexit.o)
 .debug_frame   0x000027c8       0x2c c:/mingw/gcc-arm-none-eabi-10.3-2021.10/bin/../lib/gcc/arm-none-eabi/10.3.1/../../../../arm-none-eabi/lib/thumb/v7e-m/nofp\libg.a(lib_a-closer.o)
 .debug_frame   0x000027f4       0x3c c:/mingw/gcc-arm-none-eabi-10.3-2021.10/bin/../lib/gcc/arm-none-eabi/10.3.1/../../../../arm-none-eabi/lib/thumb/v7e-m/nofp\libg.a(lib_a-fclose.o)
 .debug_frame   0x00002830       0x2c c:/mingw/gcc-arm-none-eabi-10.3-2021.10/bin/../lib/gcc/arm-none-eabi/10.3.1/../../../../arm-none-eabi/lib/thumb/v7e-m/nofp\libg.a(lib_a-fstatr.o)
 .debug_frame   0x0000285c       0x2c c:/mingw/gcc-arm-none-eabi-10.3-2021.10/bin/../lib/gcc/arm-none-eabi/10.3.1/../../../../arm-none-eabi/lib/thumb/v7e-m/nofp\libg.a(lib_a-isattyr.o)
 .debug_frame   0x00002888       0x2c c:/mingw/gcc-arm-none-eabi-10.3-2021.10/bin/../lib/gcc/arm-none-eabi/10.3.1/../../../../arm-none-eabi/lib/thumb/v7e-m/nofp\libg.a(lib_a-lseekr.o)
 .debug_frame   0x000028b4       0x2c c:/mingw/gcc-arm-none-eabi-10.3-2021.10/bin/../lib/gcc/arm-none-eabi/10.3.1/../../../../arm-none-eabi/lib/thumb/v7e-m/nofp\libg.a(lib_a-readr.o)
 .debug_frame   0x000028e0       0x64 c:/mingw/gcc-arm-none-eabi-10.3-2021.10/bin/../lib/gcc/arm-none-eabi/10.3.1/../../../../arm-none-eabi/lib/thumb/v7e-m/nofp\libg.a(lib_a-reent.o)

.debug_loc      0x00000000     0xd3dc
 .debug_loc     0x00000000      0x436 CMakeFiles/HELLOWORLD.elf.dir/Core/Src/syscalls.c.obj
 .debug_loc     0x00000436      0x158 CMakeFiles/HELLOWORLD.elf.dir/Core/Src/system_stm32f4xx.c.obj
 .debug_loc     0x0000058e       0x42 CMakeFiles/HELLOWORLD.elf.dir/Core/Src/tim.c.obj
 .debug_loc     0x000005d0       0x84 CMakeFiles/HELLOWORLD.elf.dir/Core/Src/usart.c.obj
 .debug_loc     0x00000654      0x141 CMakeFiles/HELLOWORLD.elf.dir/Drivers/STM32F4xx_HAL_Driver/Src/stm32f4xx_hal.c.obj
 .debug_loc     0x00000795      0x744 CMakeFiles/HELLOWORLD.elf.dir/Drivers/STM32F4xx_HAL_Driver/Src/stm32f4xx_hal_cortex.c.obj
 .debug_loc     0x00000ed9      0x520 CMakeFiles/HELLOWORLD.elf.dir/Drivers/STM32F4xx_HAL_Driver/Src/stm32f4xx_hal_gpio.c.obj
 .debug_loc     0x000013f9      0x58c CMakeFiles/HELLOWORLD.elf.dir/Drivers/STM32F4xx_HAL_Driver/Src/stm32f4xx_hal_rcc.c.obj
 .debug_loc     0x00001985     0x506c CMakeFiles/HELLOWORLD.elf.dir/Drivers/STM32F4xx_HAL_Driver/Src/stm32f4xx_hal_tim.c.obj
 .debug_loc     0x000069f1     0x1cd7 CMakeFiles/HELLOWORLD.elf.dir/Drivers/STM32F4xx_HAL_Driver/Src/stm32f4xx_hal_tim_ex.c.obj
 .debug_loc     0x000086c8     0x49ab CMakeFiles/HELLOWORLD.elf.dir/Drivers/STM32F4xx_HAL_Driver/Src/stm32f4xx_hal_uart.c.obj
 .debug_loc     0x0000d073      0x157 CMakeFiles/HELLOWORLD.elf.dir/System/delay/delay.c.obj
 .debug_loc     0x0000d1ca      0x212 CMakeFiles/HELLOWORLD.elf.dir/System/usart/retarget.c.obj
